=== b0m | arch=efficientnet_b0.ra_in1k size=320 folds=5 crop=True device=cuda ===
normalisation mean=[0.485, 0.456, 0.406] std=[0.229, 0.224, 0.225]
--- fold 1/5 (train=584 val=100) ---
    [head 01/4] loss=2.9709 train_acc=0.2049 val_acc=0.2200
    [head 02/4] loss=2.6179 train_acc=0.2396 val_acc=0.2500
    [head 03/4] loss=2.5502 train_acc=0.2500 val_acc=0.2800
    [head 04/4] loss=2.3403 train_acc=0.2448 val_acc=0.3000
    [ft 01/40] loss=2.1469 train_acc=0.3438 val_acc=0.3300
    [ft 02/40] loss=1.8515 train_acc=0.3872 val_acc=0.5200
    [ft 03/40] loss=1.7899 train_acc=0.4219 val_acc=0.5900
    [ft 04/40] loss=1.5199 train_acc=0.4809 val_acc=0.6200
    [ft 05/40] loss=1.6336 train_acc=0.5000 val_acc=0.6800
    [ft 06/40] loss=1.2626 train_acc=0.4653 val_acc=0.6400
    [ft 07/40] loss=1.3999 train_acc=0.5486 val_acc=0.7600
    [ft 08/40] loss=1.2922 train_acc=0.5434 val_acc=0.6600
    [ft 09/40] loss=1.1341 train_acc=0.6163 val_acc=0.7600
    [ft 10/40] loss=1.2949 train_acc=0.5469 val_acc=0.7800
    [ft 11/40] loss=1.1933 train_acc=0.5920 val_acc=0.8300
    [ft 12/40] loss=1.1679 train_acc=0.6094 val_acc=0.8200
    [ft 13/40] loss=1.1735 train_acc=0.5764 val_acc=0.7400
    [ft 14/40] loss=1.1025 train_acc=0.6458 val_acc=0.7900
    [ft 15/40] loss=1.0594 train_acc=0.5885 val_acc=0.8100
    [ft 16/40] loss=1.0170 train_acc=0.6701 val_acc=0.8000
    [ft 17/40] loss=0.9648 train_acc=0.5625 val_acc=0.8500
    [ft 18/40] loss=1.0294 train_acc=0.6337 val_acc=0.8300
    [ft 19/40] loss=1.0586 train_acc=0.5868 val_acc=0.8200
    [ft 20/40] loss=0.8939 train_acc=0.5816 val_acc=0.8200
    [ft 21/40] loss=0.8317 train_acc=0.6267 val_acc=0.8700
    [ft 22/40] loss=1.0184 train_acc=0.5660 val_acc=0.8300
    [ft 23/40] loss=0.9393 train_acc=0.5000 val_acc=0.8400
    [ft 24/40] loss=0.9173 train_acc=0.7153 val_acc=0.8500
    [ft 25/40] loss=0.9047 train_acc=0.7205 val_acc=0.8500
    [ft 26/40] loss=0.9241 train_acc=0.6493 val_acc=0.8200
    [ft 27/40] loss=0.9055 train_acc=0.6181 val_acc=0.8500
    [ft 28/40] loss=0.8604 train_acc=0.7830 val_acc=0.8400
    [ft 29/40] loss=1.0432 train_acc=0.7118 val_acc=0.8500
    [ft 30/40] loss=0.8142 train_acc=0.7500 val_acc=0.8600
    [ft 31/40] loss=0.9986 train_acc=0.5191 val_acc=0.8700
    [ft 32/40] loss=0.8716 train_acc=0.7135 val_acc=0.8700
    [ft 33/40] loss=0.9960 train_acc=0.6997 val_acc=0.8500
    [ft 34/40] loss=0.9829 train_acc=0.6667 val_acc=0.8500
    [ft 35/40] loss=0.9360 train_acc=0.6510 val_acc=0.8500
    [ft 36/40] loss=0.9033 train_acc=0.5799 val_acc=0.8300
    [ft 37/40] loss=0.9527 train_acc=0.6458 val_acc=0.8300
    [ft 38/40] loss=0.9068 train_acc=0.7378 val_acc=0.8400
    [ft 39/40] loss=0.8362 train_acc=0.5677 val_acc=0.8500
    [ft 40/40] loss=0.8986 train_acc=0.5799 val_acc=0.8500
    final val_acc=0.8500 (best 0.8700 @ epoch 25/44)
    fold 1 accuracy=0.8600 macro_f1=0.8590 (3.3 min)
--- fold 2/5 (train=584 val=100) ---
    [head 01/4] loss=2.9880 train_acc=0.2101 val_acc=0.2700
    [head 02/4] loss=2.6887 train_acc=0.2031 val_acc=0.2900
    [head 03/4] loss=2.5005 train_acc=0.2604 val_acc=0.3000
    [head 04/4] loss=2.3068 train_acc=0.2899 val_acc=0.3000
    [ft 01/40] loss=2.2964 train_acc=0.3056 val_acc=0.4200
    [ft 02/40] loss=1.8925 train_acc=0.3646 val_acc=0.5000
    [ft 03/40] loss=1.6749 train_acc=0.4288 val_acc=0.6300
    [ft 04/40] loss=1.5722 train_acc=0.4774 val_acc=0.6700
    [ft 05/40] loss=1.5637 train_acc=0.5365 val_acc=0.6800
    [ft 06/40] loss=1.2909 train_acc=0.4444 val_acc=0.7200
    [ft 07/40] loss=1.4238 train_acc=0.5139 val_acc=0.7300
    [ft 08/40] loss=1.3105 train_acc=0.5208 val_acc=0.7700
    [ft 09/40] loss=1.1787 train_acc=0.5885 val_acc=0.7500
    [ft 10/40] loss=1.2895 train_acc=0.5486 val_acc=0.7300
    [ft 11/40] loss=1.2022 train_acc=0.5694 val_acc=0.7900
    [ft 12/40] loss=1.1903 train_acc=0.6337 val_acc=0.7600
    [ft 13/40] loss=1.1900 train_acc=0.5347 val_acc=0.8000
    [ft 14/40] loss=1.1473 train_acc=0.6215 val_acc=0.8200
    [ft 15/40] loss=1.0749 train_acc=0.5868 val_acc=0.8100
    [ft 16/40] loss=1.0270 train_acc=0.6823 val_acc=0.8100
    [ft 17/40] loss=0.9879 train_acc=0.5573 val_acc=0.8300
    [ft 18/40] loss=1.0574 train_acc=0.6319 val_acc=0.8600
    [ft 19/40] loss=1.0502 train_acc=0.6076 val_acc=0.8200
    [ft 20/40] loss=0.8950 train_acc=0.5660 val_acc=0.8800
    [ft 21/40] loss=0.8209 train_acc=0.6372 val_acc=0.8800
    [ft 22/40] loss=1.0309 train_acc=0.5747 val_acc=0.8500
    [ft 23/40] loss=0.9331 train_acc=0.4983 val_acc=0.8600
    [ft 24/40] loss=0.9467 train_acc=0.7066 val_acc=0.8500
    [ft 25/40] loss=0.9169 train_acc=0.7257 val_acc=0.8600
    [ft 26/40] loss=0.9452 train_acc=0.6424 val_acc=0.8900
    [ft 27/40] loss=0.8975 train_acc=0.6233 val_acc=0.8700
    [ft 28/40] loss=0.8581 train_acc=0.7795 val_acc=0.8500
    [ft 29/40] loss=1.0424 train_acc=0.6875 val_acc=0.8800
    [ft 30/40] loss=0.8090 train_acc=0.7622 val_acc=0.8700
    [ft 31/40] loss=1.0237 train_acc=0.5208 val_acc=0.8900
    [ft 32/40] loss=0.8857 train_acc=0.7118 val_acc=0.8700
    [ft 33/40] loss=1.0020 train_acc=0.7014 val_acc=0.8800
    [ft 34/40] loss=0.9910 train_acc=0.6719 val_acc=0.8400
    [ft 35/40] loss=0.9226 train_acc=0.6319 val_acc=0.8400
    [ft 36/40] loss=0.9112 train_acc=0.5799 val_acc=0.8600
    [ft 37/40] loss=0.9607 train_acc=0.6580 val_acc=0.8600
    [ft 38/40] loss=0.9291 train_acc=0.7188 val_acc=0.8500
    [ft 39/40] loss=0.8268 train_acc=0.5399 val_acc=0.8700
    [ft 40/40] loss=0.8836 train_acc=0.5868 val_acc=0.8800
    final val_acc=0.8800 (best 0.8900 @ epoch 30/44)
    fold 2 accuracy=0.8800 macro_f1=0.8782 (3.1 min)
--- fold 3/5 (train=584 val=100) ---
    [head 01/4] loss=3.0790 train_acc=0.2205 val_acc=0.3300
    [head 02/4] loss=2.6431 train_acc=0.2552 val_acc=0.3300
    [head 03/4] loss=2.4935 train_acc=0.2622 val_acc=0.3100
    [head 04/4] loss=2.3436 train_acc=0.2691 val_acc=0.3100
    [ft 01/40] loss=2.3184 train_acc=0.2969 val_acc=0.4300
    [ft 02/40] loss=1.8233 train_acc=0.3785 val_acc=0.5600
    [ft 03/40] loss=1.7274 train_acc=0.4167 val_acc=0.5900
    [ft 04/40] loss=1.5398 train_acc=0.4722 val_acc=0.6900
    [ft 05/40] loss=1.5578 train_acc=0.5330 val_acc=0.6000
    [ft 06/40] loss=1.2326 train_acc=0.4462 val_acc=0.6700
    [ft 07/40] loss=1.3624 train_acc=0.5538 val_acc=0.6300
    [ft 08/40] loss=1.2830 train_acc=0.5451 val_acc=0.7700
    [ft 09/40] loss=1.1302 train_acc=0.5955 val_acc=0.7800
    [ft 10/40] loss=1.2951 train_acc=0.5365 val_acc=0.8300
    [ft 11/40] loss=1.1333 train_acc=0.6128 val_acc=0.8200
    [ft 12/40] loss=1.1785 train_acc=0.6111 val_acc=0.8000
    [ft 13/40] loss=1.1494 train_acc=0.5451 val_acc=0.8200
    [ft 14/40] loss=1.0960 train_acc=0.6684 val_acc=0.8500
    [ft 15/40] loss=1.0531 train_acc=0.6094 val_acc=0.8700
    [ft 16/40] loss=1.0124 train_acc=0.6615 val_acc=0.8600
    [ft 17/40] loss=0.9457 train_acc=0.5625 val_acc=0.8600
    [ft 18/40] loss=1.0260 train_acc=0.6372 val_acc=0.8600
    [ft 19/40] loss=1.0636 train_acc=0.5955 val_acc=0.8700
    [ft 20/40] loss=0.8759 train_acc=0.6059 val_acc=0.8900
    [ft 21/40] loss=0.8158 train_acc=0.6406 val_acc=0.8900
    [ft 22/40] loss=1.0381 train_acc=0.5729 val_acc=0.8600
    [ft 23/40] loss=0.9273 train_acc=0.5156 val_acc=0.8800
    [ft 24/40] loss=0.9402 train_acc=0.7257 val_acc=0.8800
    [ft 25/40] loss=0.9231 train_acc=0.7135 val_acc=0.8800
    [ft 26/40] loss=0.9431 train_acc=0.6632 val_acc=0.8600
    [ft 27/40] loss=0.8962 train_acc=0.6267 val_acc=0.8800
    [ft 28/40] loss=0.8368 train_acc=0.7934 val_acc=0.8800
    [ft 29/40] loss=1.0363 train_acc=0.6962 val_acc=0.8800
    [ft 30/40] loss=0.8149 train_acc=0.7500 val_acc=0.8700
    [ft 31/40] loss=0.9961 train_acc=0.5052 val_acc=0.8800
    [ft 32/40] loss=0.8921 train_acc=0.6771 val_acc=0.8800
    [ft 33/40] loss=0.9984 train_acc=0.6597 val_acc=0.8800
    [ft 34/40] loss=0.9525 train_acc=0.6875 val_acc=0.8800
    [ft 35/40] loss=0.9423 train_acc=0.6128 val_acc=0.8900
    [ft 36/40] loss=0.8885 train_acc=0.5885 val_acc=0.8800
    [ft 37/40] loss=0.9297 train_acc=0.6597 val_acc=0.8800
    [ft 38/40] loss=0.9120 train_acc=0.7205 val_acc=0.8800
    [ft 39/40] loss=0.8169 train_acc=0.5642 val_acc=0.8800
    [ft 40/40] loss=0.8996 train_acc=0.6059 val_acc=0.8800
    final val_acc=0.8800 (best 0.8900 @ epoch 24/44)
    fold 3 accuracy=0.8900 macro_f1=0.8884 (3.1 min)
--- fold 4/5 (train=584 val=100) ---
    [head 01/4] loss=2.7882 train_acc=0.2135 val_acc=0.3000
    [head 02/4] loss=2.6393 train_acc=0.1962 val_acc=0.3300
    [head 03/4] loss=2.5142 train_acc=0.2431 val_acc=0.3200
    [head 04/4] loss=2.3575 train_acc=0.2830 val_acc=0.3500
    [ft 01/40] loss=2.1943 train_acc=0.3368 val_acc=0.4300
    [ft 02/40] loss=1.9522 train_acc=0.3646 val_acc=0.5400
    [ft 03/40] loss=1.7434 train_acc=0.4323 val_acc=0.6800
    [ft 04/40] loss=1.5562 train_acc=0.4757 val_acc=0.7300
    [ft 05/40] loss=1.5885 train_acc=0.5330 val_acc=0.6600
    [ft 06/40] loss=1.2352 train_acc=0.4566 val_acc=0.7200
    [ft 07/40] loss=1.4179 train_acc=0.5399 val_acc=0.6900
    [ft 08/40] loss=1.3604 train_acc=0.5174 val_acc=0.6400
    [ft 09/40] loss=1.1575 train_acc=0.5972 val_acc=0.7300
    [ft 10/40] loss=1.3127 train_acc=0.5608 val_acc=0.7500
    [ft 11/40] loss=1.1726 train_acc=0.5781 val_acc=0.7700
    [ft 12/40] loss=1.2128 train_acc=0.6146 val_acc=0.7600
    [ft 13/40] loss=1.1630 train_acc=0.5451 val_acc=0.8000
    [ft 14/40] loss=1.1241 train_acc=0.6441 val_acc=0.7300
    [ft 15/40] loss=1.1031 train_acc=0.5885 val_acc=0.8300
    [ft 16/40] loss=1.0016 train_acc=0.6528 val_acc=0.8500
    [ft 17/40] loss=0.9266 train_acc=0.5833 val_acc=0.8500
    [ft 18/40] loss=1.0240 train_acc=0.6198 val_acc=0.8300
    [ft 19/40] loss=1.0453 train_acc=0.6181 val_acc=0.8500
    [ft 20/40] loss=0.8985 train_acc=0.5799 val_acc=0.8600
    [ft 21/40] loss=0.8433 train_acc=0.6319 val_acc=0.8800
    [ft 22/40] loss=1.0276 train_acc=0.5486 val_acc=0.8700
    [ft 23/40] loss=0.9240 train_acc=0.5052 val_acc=0.8600
    [ft 24/40] loss=0.9633 train_acc=0.6962 val_acc=0.8700
    [ft 25/40] loss=0.9277 train_acc=0.7083 val_acc=0.8700
    [ft 26/40] loss=0.9535 train_acc=0.5920 val_acc=0.8500
    [ft 27/40] loss=0.9031 train_acc=0.6337 val_acc=0.8400
    [ft 28/40] loss=0.8489 train_acc=0.7986 val_acc=0.8800
    [ft 29/40] loss=1.0431 train_acc=0.6788 val_acc=0.8600
    [ft 30/40] loss=0.8264 train_acc=0.7413 val_acc=0.8800
    [ft 31/40] loss=1.0209 train_acc=0.5278 val_acc=0.8500
    [ft 32/40] loss=0.9045 train_acc=0.6840 val_acc=0.8800
    [ft 33/40] loss=1.0066 train_acc=0.7014 val_acc=0.8900
    [ft 34/40] loss=0.9741 train_acc=0.6719 val_acc=0.8800
    [ft 35/40] loss=0.9230 train_acc=0.6441 val_acc=0.8800
    [ft 36/40] loss=0.9037 train_acc=0.5781 val_acc=0.8700
    [ft 37/40] loss=0.9367 train_acc=0.6701 val_acc=0.8800
    [ft 38/40] loss=0.9105 train_acc=0.7431 val_acc=0.9000
    [ft 39/40] loss=0.8262 train_acc=0.5503 val_acc=0.8900
    [ft 40/40] loss=0.8804 train_acc=0.6181 val_acc=0.8800
    final val_acc=0.8800 (best 0.9000 @ epoch 42/44)
    fold 4 accuracy=0.8800 macro_f1=0.8809 (3.1 min)
--- fold 5/5 (train=584 val=100) ---
    [head 01/4] loss=2.8432 train_acc=0.2361 val_acc=0.1900
    [head 02/4] loss=2.6100 train_acc=0.2101 val_acc=0.1900
    [head 03/4] loss=2.4383 train_acc=0.2274 val_acc=0.2400
    [head 04/4] loss=2.3840 train_acc=0.2674 val_acc=0.2300
    [ft 01/40] loss=2.2276 train_acc=0.3073 val_acc=0.2600
    [ft 02/40] loss=1.7468 train_acc=0.3750 val_acc=0.4700
    [ft 03/40] loss=1.7176 train_acc=0.4149 val_acc=0.6100
    [ft 04/40] loss=1.5846 train_acc=0.4531 val_acc=0.6600
    [ft 05/40] loss=1.6286 train_acc=0.4948 val_acc=0.7000
    [ft 06/40] loss=1.2567 train_acc=0.4427 val_acc=0.6500
    [ft 07/40] loss=1.5025 train_acc=0.5156 val_acc=0.7500
    [ft 08/40] loss=1.2971 train_acc=0.5399 val_acc=0.7500
    [ft 09/40] loss=1.1854 train_acc=0.6059 val_acc=0.8200
    [ft 10/40] loss=1.2871 train_acc=0.5451 val_acc=0.8200
    [ft 11/40] loss=1.1221 train_acc=0.6128 val_acc=0.8100
    [ft 12/40] loss=1.2025 train_acc=0.6094 val_acc=0.7300
    [ft 13/40] loss=1.1645 train_acc=0.5556 val_acc=0.7700
    [ft 14/40] loss=1.1424 train_acc=0.6372 val_acc=0.8000
    [ft 15/40] loss=1.1085 train_acc=0.5851 val_acc=0.8300
    [ft 16/40] loss=1.0212 train_acc=0.6649 val_acc=0.8600
    [ft 17/40] loss=0.9523 train_acc=0.5764 val_acc=0.8500
    [ft 18/40] loss=1.0348 train_acc=0.6389 val_acc=0.8500
    [ft 19/40] loss=1.0241 train_acc=0.5972 val_acc=0.8400
    [ft 20/40] loss=0.8794 train_acc=0.5764 val_acc=0.8700
    [ft 21/40] loss=0.7847 train_acc=0.6788 val_acc=0.8800
    [ft 22/40] loss=1.0195 train_acc=0.5833 val_acc=0.8600
    [ft 23/40] loss=0.9314 train_acc=0.4931 val_acc=0.8400
    [ft 24/40] loss=0.9292 train_acc=0.7309 val_acc=0.8900
    [ft 25/40] loss=0.9192 train_acc=0.7396 val_acc=0.8600
    [ft 26/40] loss=0.9327 train_acc=0.6337 val_acc=0.8600
    [ft 27/40] loss=0.8995 train_acc=0.6389 val_acc=0.8900
    [ft 28/40] loss=0.8378 train_acc=0.7760 val_acc=0.9000
    [ft 29/40] loss=1.0753 train_acc=0.6979 val_acc=0.8900
    [ft 30/40] loss=0.8188 train_acc=0.7552 val_acc=0.9000
    [ft 31/40] loss=0.9983 train_acc=0.5000 val_acc=0.8800
    [ft 32/40] loss=0.9035 train_acc=0.6719 val_acc=0.9100
    [ft 33/40] loss=0.9908 train_acc=0.6962 val_acc=0.9100
    [ft 34/40] loss=0.9572 train_acc=0.6632 val_acc=0.9100
    [ft 35/40] loss=0.9485 train_acc=0.6319 val_acc=0.9100
    [ft 36/40] loss=0.8862 train_acc=0.5781 val_acc=0.9100
    [ft 37/40] loss=0.9507 train_acc=0.6562 val_acc=0.8900
    [ft 38/40] loss=0.9299 train_acc=0.7153 val_acc=0.9100
    [ft 39/40] loss=0.8348 train_acc=0.5625 val_acc=0.9000
    [ft 40/40] loss=0.8807 train_acc=0.6076 val_acc=0.9000
    final val_acc=0.9000 (best 0.9100 @ epoch 36/44)
    fold 5 accuracy=0.9100 macro_f1=0.9072 (3.1 min)
=== b0m: OOF accuracy=0.8840 macro_f1=0.8831 ===
