=== cnx320p | arch=convnext_tiny.fb_in22k_ft_in1k size=320 folds=5 crop=True device=cuda ===
normalisation mean=[0.485, 0.456, 0.406] std=[0.229, 0.224, 0.225]
--- fold 1/5 (train=592 val=100) ---
    [head 01/4] loss=1.5240 train_acc=0.3594 val_acc=0.5200
    [head 02/4] loss=1.3168 train_acc=0.4306 val_acc=0.6000
    [head 03/4] loss=1.1370 train_acc=0.4948 val_acc=0.6900
    [head 04/4] loss=1.0881 train_acc=0.5469 val_acc=0.7700
    [ft 01/40] loss=1.0416 train_acc=0.6806 val_acc=0.7900
    [ft 02/40] loss=0.8935 train_acc=0.6267 val_acc=0.8300
    [ft 03/40] loss=1.0007 train_acc=0.6233 val_acc=0.7800
    [ft 04/40] loss=0.9491 train_acc=0.6267 val_acc=0.8400
    [ft 05/40] loss=0.9755 train_acc=0.6944 val_acc=0.7700
    [ft 06/40] loss=0.7622 train_acc=0.5625 val_acc=0.8500
    [ft 07/40] loss=0.9324 train_acc=0.6875 val_acc=0.8900
    [ft 08/40] loss=0.8883 train_acc=0.6493 val_acc=0.8700
    [ft 09/40] loss=0.7709 train_acc=0.7378 val_acc=0.8700
    [ft 10/40] loss=0.9078 train_acc=0.6753 val_acc=0.8900
    [ft 11/40] loss=0.8052 train_acc=0.7344 val_acc=0.8400
    [ft 12/40] loss=0.8698 train_acc=0.7222 val_acc=0.8900
    [ft 13/40] loss=0.8401 train_acc=0.6649 val_acc=0.8700
    [ft 14/40] loss=0.8669 train_acc=0.7431 val_acc=0.8700
    [ft 15/40] loss=0.8258 train_acc=0.6632 val_acc=0.9000
    [ft 16/40] loss=0.7803 train_acc=0.7656 val_acc=0.8300
    [ft 17/40] loss=0.7376 train_acc=0.6354 val_acc=0.9100
    [ft 18/40] loss=0.7737 train_acc=0.7361 val_acc=0.8900
    [ft 19/40] loss=0.7952 train_acc=0.6875 val_acc=0.9000
    [ft 20/40] loss=0.6780 train_acc=0.6424 val_acc=0.8800
    [ft 21/40] loss=0.6543 train_acc=0.7031 val_acc=0.8900
    [ft 22/40] loss=0.8211 train_acc=0.6858 val_acc=0.9100
    [ft 23/40] loss=0.7455 train_acc=0.5486 val_acc=0.9100
    [ft 24/40] loss=0.7621 train_acc=0.7917 val_acc=0.8700
    [ft 25/40] loss=0.7151 train_acc=0.8160 val_acc=0.9300
    [ft 26/40] loss=0.7185 train_acc=0.7066 val_acc=0.9100
    [ft 27/40] loss=0.7229 train_acc=0.6788 val_acc=0.8900
    [ft 28/40] loss=0.6498 train_acc=0.8715 val_acc=0.9300
    [ft 29/40] loss=0.8157 train_acc=0.7934 val_acc=0.9200
    [ft 30/40] loss=0.6487 train_acc=0.8177 val_acc=0.9100
    [ft 31/40] loss=0.7883 train_acc=0.6007 val_acc=0.9400
    [ft 32/40] loss=0.7180 train_acc=0.7517 val_acc=0.9400
    [ft 33/40] loss=0.7608 train_acc=0.7899 val_acc=0.9300
    [ft 34/40] loss=0.7651 train_acc=0.7899 val_acc=0.9100
    [ft 35/40] loss=0.7243 train_acc=0.7049 val_acc=0.9100
    [ft 36/40] loss=0.7111 train_acc=0.6580 val_acc=0.9100
    [ft 37/40] loss=0.7426 train_acc=0.7552 val_acc=0.9100
    [ft 38/40] loss=0.7406 train_acc=0.7865 val_acc=0.9100
    [ft 39/40] loss=0.6687 train_acc=0.5990 val_acc=0.9100
    [ft 40/40] loss=0.7094 train_acc=0.6424 val_acc=0.9100
    final val_acc=0.9100 (best 0.9400 @ epoch 35/44)
    fold 1 accuracy=0.9500 macro_f1=0.9505 (4.7 min)
--- fold 2/5 (train=592 val=100) ---
    [head 01/4] loss=1.5175 train_acc=0.3698 val_acc=0.6100
    [head 02/4] loss=1.3187 train_acc=0.4392 val_acc=0.6600
    [head 03/4] loss=1.1472 train_acc=0.4878 val_acc=0.7900
    [head 04/4] loss=1.0955 train_acc=0.5556 val_acc=0.8300
    [ft 01/40] loss=1.0736 train_acc=0.6771 val_acc=0.8700
    [ft 02/40] loss=0.8972 train_acc=0.6424 val_acc=0.8700
    [ft 03/40] loss=0.9914 train_acc=0.6215 val_acc=0.8200
    [ft 04/40] loss=0.8934 train_acc=0.6476 val_acc=0.8700
    [ft 05/40] loss=0.9829 train_acc=0.6875 val_acc=0.8900
    [ft 06/40] loss=0.8027 train_acc=0.5434 val_acc=0.8600
    [ft 07/40] loss=0.9582 train_acc=0.6406 val_acc=0.8400
    [ft 08/40] loss=0.8632 train_acc=0.6632 val_acc=0.9000
    [ft 09/40] loss=0.7886 train_acc=0.7309 val_acc=0.8800
    [ft 10/40] loss=0.9097 train_acc=0.6962 val_acc=0.8900
    [ft 11/40] loss=0.7922 train_acc=0.7222 val_acc=0.8500
    [ft 12/40] loss=0.8660 train_acc=0.7240 val_acc=0.8400
    [ft 13/40] loss=0.8472 train_acc=0.6580 val_acc=0.8900
    [ft 14/40] loss=0.8596 train_acc=0.7656 val_acc=0.8900
    [ft 15/40] loss=0.8358 train_acc=0.6580 val_acc=0.8600
    [ft 16/40] loss=0.7855 train_acc=0.7413 val_acc=0.9000
    [ft 17/40] loss=0.7331 train_acc=0.6510 val_acc=0.9200
    [ft 18/40] loss=0.7729 train_acc=0.7708 val_acc=0.8900
    [ft 19/40] loss=0.7952 train_acc=0.6597 val_acc=0.9100
    [ft 20/40] loss=0.6828 train_acc=0.6406 val_acc=0.9300
    [ft 21/40] loss=0.6586 train_acc=0.6997 val_acc=0.9300
    [ft 22/40] loss=0.8270 train_acc=0.6788 val_acc=0.9200
    [ft 23/40] loss=0.7265 train_acc=0.5694 val_acc=0.9100
    [ft 24/40] loss=0.7604 train_acc=0.7917 val_acc=0.9200
    [ft 25/40] loss=0.7281 train_acc=0.8003 val_acc=0.9000
    [ft 26/40] loss=0.7200 train_acc=0.7031 val_acc=0.9000
    [ft 27/40] loss=0.7044 train_acc=0.6788 val_acc=0.9100
    [ft 28/40] loss=0.6546 train_acc=0.8490 val_acc=0.9300
    [ft 29/40] loss=0.8075 train_acc=0.7812 val_acc=0.9300
    [ft 30/40] loss=0.6384 train_acc=0.8229 val_acc=0.9300
    [ft 31/40] loss=0.7866 train_acc=0.5938 val_acc=0.9200
    [ft 32/40] loss=0.7102 train_acc=0.7500 val_acc=0.9200
    [ft 33/40] loss=0.7720 train_acc=0.7760 val_acc=0.9200
    [ft 34/40] loss=0.7533 train_acc=0.7812 val_acc=0.9200
    [ft 35/40] loss=0.7212 train_acc=0.6927 val_acc=0.9300
    [ft 36/40] loss=0.6967 train_acc=0.6771 val_acc=0.9200
    [ft 37/40] loss=0.7393 train_acc=0.7552 val_acc=0.9300
    [ft 38/40] loss=0.7294 train_acc=0.7986 val_acc=0.9300
    [ft 39/40] loss=0.6705 train_acc=0.6128 val_acc=0.9300
    [ft 40/40] loss=0.6997 train_acc=0.6476 val_acc=0.9200
    final val_acc=0.9200 (best 0.9300 @ epoch 24/44)
    fold 2 accuracy=0.9300 macro_f1=0.9286 (4.9 min)
--- fold 3/5 (train=592 val=100) ---
    [head 01/4] loss=1.5219 train_acc=0.3576 val_acc=0.6200
    [head 02/4] loss=1.3190 train_acc=0.4375 val_acc=0.6600
    [head 03/4] loss=1.1464 train_acc=0.4635 val_acc=0.7900
    [head 04/4] loss=1.0877 train_acc=0.5573 val_acc=0.8200
    [ft 01/40] loss=1.0753 train_acc=0.6719 val_acc=0.8100
    [ft 02/40] loss=0.9052 train_acc=0.6250 val_acc=0.8300
    [ft 03/40] loss=0.9843 train_acc=0.6285 val_acc=0.8500
    [ft 04/40] loss=0.9301 train_acc=0.6198 val_acc=0.9100
    [ft 05/40] loss=0.9599 train_acc=0.6944 val_acc=0.8600
    [ft 06/40] loss=0.7543 train_acc=0.5556 val_acc=0.9000
    [ft 07/40] loss=0.9369 train_acc=0.6858 val_acc=0.8900
    [ft 08/40] loss=0.8805 train_acc=0.6337 val_acc=0.8900
    [ft 09/40] loss=0.7840 train_acc=0.7014 val_acc=0.8700
    [ft 10/40] loss=0.9411 train_acc=0.6753 val_acc=0.9200
    [ft 11/40] loss=0.8105 train_acc=0.7257 val_acc=0.8700
    [ft 12/40] loss=0.8822 train_acc=0.7188 val_acc=0.8900
    [ft 13/40] loss=0.8349 train_acc=0.6823 val_acc=0.8900
    [ft 14/40] loss=0.8621 train_acc=0.7483 val_acc=0.8700
    [ft 15/40] loss=0.8415 train_acc=0.6458 val_acc=0.9100
    [ft 16/40] loss=0.7942 train_acc=0.7344 val_acc=0.8900
    [ft 17/40] loss=0.7379 train_acc=0.6493 val_acc=0.9000
    [ft 18/40] loss=0.7684 train_acc=0.7760 val_acc=0.9300
    [ft 19/40] loss=0.7923 train_acc=0.6788 val_acc=0.9100
    [ft 20/40] loss=0.7024 train_acc=0.6181 val_acc=0.9400
    [ft 21/40] loss=0.6464 train_acc=0.6962 val_acc=0.9300
    [ft 22/40] loss=0.8179 train_acc=0.6649 val_acc=0.9400
    [ft 23/40] loss=0.7156 train_acc=0.5747 val_acc=0.9400
    [ft 24/40] loss=0.7564 train_acc=0.7917 val_acc=0.9400
    [ft 25/40] loss=0.7205 train_acc=0.8090 val_acc=0.9300
    [ft 26/40] loss=0.7275 train_acc=0.6840 val_acc=0.9400
    [ft 27/40] loss=0.7328 train_acc=0.6806 val_acc=0.9500
    [ft 28/40] loss=0.6565 train_acc=0.8542 val_acc=0.9400
    [ft 29/40] loss=0.8124 train_acc=0.7986 val_acc=0.9500
    [ft 30/40] loss=0.6366 train_acc=0.8281 val_acc=0.9300
    [ft 31/40] loss=0.7859 train_acc=0.5920 val_acc=0.9300
    [ft 32/40] loss=0.7118 train_acc=0.7656 val_acc=0.9300
    [ft 33/40] loss=0.7550 train_acc=0.7674 val_acc=0.9300
    [ft 34/40] loss=0.7643 train_acc=0.7674 val_acc=0.9300
    [ft 35/40] loss=0.7325 train_acc=0.6910 val_acc=0.9300
    [ft 36/40] loss=0.6968 train_acc=0.6597 val_acc=0.9400
    [ft 37/40] loss=0.7426 train_acc=0.7448 val_acc=0.9400
    [ft 38/40] loss=0.7432 train_acc=0.7865 val_acc=0.9400
    [ft 39/40] loss=0.6649 train_acc=0.6076 val_acc=0.9400
    [ft 40/40] loss=0.7017 train_acc=0.6476 val_acc=0.9400
    final val_acc=0.9400 (best 0.9500 @ epoch 31/44)
    fold 3 accuracy=0.9200 macro_f1=0.9200 (4.8 min)
--- fold 4/5 (train=592 val=100) ---
    [head 01/4] loss=1.5120 train_acc=0.3594 val_acc=0.5200
    [head 02/4] loss=1.2874 train_acc=0.4670 val_acc=0.6000
    [head 03/4] loss=1.1474 train_acc=0.4913 val_acc=0.7000
    [head 04/4] loss=1.0720 train_acc=0.5365 val_acc=0.7100
    [ft 01/40] loss=1.0554 train_acc=0.6858 val_acc=0.7200
    [ft 02/40] loss=0.9060 train_acc=0.6233 val_acc=0.8000
    [ft 03/40] loss=0.9970 train_acc=0.6233 val_acc=0.8000
    [ft 04/40] loss=0.9311 train_acc=0.6319 val_acc=0.8500
    [ft 05/40] loss=0.9949 train_acc=0.6823 val_acc=0.8500
    [ft 06/40] loss=0.7850 train_acc=0.5608 val_acc=0.8700
    [ft 07/40] loss=0.9426 train_acc=0.6858 val_acc=0.8900
    [ft 08/40] loss=0.8650 train_acc=0.6580 val_acc=0.8800
    [ft 09/40] loss=0.7958 train_acc=0.7205 val_acc=0.8400
    [ft 10/40] loss=0.9070 train_acc=0.6910 val_acc=0.9100
    [ft 11/40] loss=0.8055 train_acc=0.7378 val_acc=0.9000
    [ft 12/40] loss=0.8872 train_acc=0.7361 val_acc=0.8800
    [ft 13/40] loss=0.8335 train_acc=0.6597 val_acc=0.9100
    [ft 14/40] loss=0.8530 train_acc=0.7344 val_acc=0.9100
    [ft 15/40] loss=0.8316 train_acc=0.6632 val_acc=0.9300
    [ft 16/40] loss=0.7662 train_acc=0.7378 val_acc=0.9000
    [ft 17/40] loss=0.7728 train_acc=0.6372 val_acc=0.9100
    [ft 18/40] loss=0.7807 train_acc=0.7361 val_acc=0.9300
    [ft 19/40] loss=0.7785 train_acc=0.7049 val_acc=0.9300
    [ft 20/40] loss=0.6899 train_acc=0.6389 val_acc=0.9100
    [ft 21/40] loss=0.6486 train_acc=0.7066 val_acc=0.9300
    [ft 22/40] loss=0.8239 train_acc=0.6684 val_acc=0.9200
    [ft 23/40] loss=0.7374 train_acc=0.5764 val_acc=0.9400
    [ft 24/40] loss=0.7579 train_acc=0.7812 val_acc=0.9200
    [ft 25/40] loss=0.7251 train_acc=0.8160 val_acc=0.9400
    [ft 26/40] loss=0.7329 train_acc=0.7066 val_acc=0.9300
    [ft 27/40] loss=0.7281 train_acc=0.6753 val_acc=0.9300
    [ft 28/40] loss=0.6521 train_acc=0.8524 val_acc=0.9300
    [ft 29/40] loss=0.8111 train_acc=0.8003 val_acc=0.9400
    [ft 30/40] loss=0.6429 train_acc=0.8299 val_acc=0.9400
    [ft 31/40] loss=0.7959 train_acc=0.5833 val_acc=0.9400
    [ft 32/40] loss=0.7200 train_acc=0.7413 val_acc=0.9400
    [ft 33/40] loss=0.7782 train_acc=0.7691 val_acc=0.9400
    [ft 34/40] loss=0.7755 train_acc=0.7517 val_acc=0.9400
    [ft 35/40] loss=0.7336 train_acc=0.7101 val_acc=0.9400
    [ft 36/40] loss=0.7128 train_acc=0.6562 val_acc=0.9400
    [ft 37/40] loss=0.7365 train_acc=0.7552 val_acc=0.9400
    [ft 38/40] loss=0.7367 train_acc=0.8056 val_acc=0.9400
    [ft 39/40] loss=0.6587 train_acc=0.6024 val_acc=0.9400
    [ft 40/40] loss=0.7083 train_acc=0.6354 val_acc=0.9400
    final val_acc=0.9400 (best 0.9400 @ epoch 27/44)
    fold 4 accuracy=0.9300 macro_f1=0.9307 (4.7 min)
--- fold 5/5 (train=592 val=100) ---
    [head 01/4] loss=1.5229 train_acc=0.3333 val_acc=0.4700
    [head 02/4] loss=1.3043 train_acc=0.4444 val_acc=0.5500
    [head 03/4] loss=1.1591 train_acc=0.4722 val_acc=0.6700
    [head 04/4] loss=1.0849 train_acc=0.5434 val_acc=0.7600
    [ft 01/40] loss=1.0585 train_acc=0.6788 val_acc=0.7500
    [ft 02/40] loss=0.9163 train_acc=0.6128 val_acc=0.8000
    [ft 03/40] loss=0.9867 train_acc=0.6458 val_acc=0.7900
    [ft 04/40] loss=0.9116 train_acc=0.6337 val_acc=0.8100
    [ft 05/40] loss=0.9585 train_acc=0.7101 val_acc=0.8600
    [ft 06/40] loss=0.7700 train_acc=0.5521 val_acc=0.8400
    [ft 07/40] loss=0.9284 train_acc=0.6788 val_acc=0.8200
    [ft 08/40] loss=0.8725 train_acc=0.6684 val_acc=0.8800
    [ft 09/40] loss=0.7658 train_acc=0.7344 val_acc=0.8500
    [ft 10/40] loss=0.9159 train_acc=0.7118 val_acc=0.9200
    [ft 11/40] loss=0.7854 train_acc=0.7135 val_acc=0.8800
    [ft 12/40] loss=0.8601 train_acc=0.7240 val_acc=0.8800
    [ft 13/40] loss=0.8523 train_acc=0.6788 val_acc=0.8800
    [ft 14/40] loss=0.8891 train_acc=0.7257 val_acc=0.9000
    [ft 15/40] loss=0.8511 train_acc=0.6424 val_acc=0.9100
    [ft 16/40] loss=0.7713 train_acc=0.7726 val_acc=0.9000
    [ft 17/40] loss=0.7364 train_acc=0.6580 val_acc=0.9200
    [ft 18/40] loss=0.7953 train_acc=0.7344 val_acc=0.8800
    [ft 19/40] loss=0.8115 train_acc=0.6892 val_acc=0.9200
    [ft 20/40] loss=0.6881 train_acc=0.6389 val_acc=0.9200
    [ft 21/40] loss=0.6670 train_acc=0.7083 val_acc=0.9200
    [ft 22/40] loss=0.8113 train_acc=0.6806 val_acc=0.9200
    [ft 23/40] loss=0.7040 train_acc=0.5712 val_acc=0.9000
    [ft 24/40] loss=0.7601 train_acc=0.7917 val_acc=0.9100
    [ft 25/40] loss=0.7193 train_acc=0.8056 val_acc=0.9000
    [ft 26/40] loss=0.7305 train_acc=0.6927 val_acc=0.9000
    [ft 27/40] loss=0.7226 train_acc=0.6806 val_acc=0.8900
    [ft 28/40] loss=0.6601 train_acc=0.8351 val_acc=0.8900
    [ft 29/40] loss=0.8133 train_acc=0.7934 val_acc=0.9200
    [ft 30/40] loss=0.6427 train_acc=0.8351 val_acc=0.9100
    [ft 31/40] loss=0.7977 train_acc=0.5990 val_acc=0.9100
    [ft 32/40] loss=0.7012 train_acc=0.7517 val_acc=0.9100
    [ft 33/40] loss=0.7738 train_acc=0.7587 val_acc=0.9100
    [ft 34/40] loss=0.7576 train_acc=0.7674 val_acc=0.9100
    [ft 35/40] loss=0.7248 train_acc=0.7031 val_acc=0.9100
    [ft 36/40] loss=0.7107 train_acc=0.6476 val_acc=0.9100
    [ft 37/40] loss=0.7397 train_acc=0.7396 val_acc=0.9100
    [ft 38/40] loss=0.7356 train_acc=0.7917 val_acc=0.9100
    [ft 39/40] loss=0.6707 train_acc=0.5972 val_acc=0.9100
    [ft 40/40] loss=0.7021 train_acc=0.6441 val_acc=0.9100
    final val_acc=0.9100 (best 0.9200 @ epoch 14/44)
    fold 5 accuracy=0.9100 macro_f1=0.9077 (4.6 min)
=== cnx320p: OOF accuracy=0.9280 macro_f1=0.9280 ===
