=== tune_ep80 | arch=convnext_tiny.fb_in22k_ft_in1k size=320 folds=5 crop=True device=cuda ===
normalisation mean=[0.485, 0.456, 0.406] std=[0.229, 0.224, 0.225]
--- fold 1/5 (train=584 val=100) ---
    [head 01/4] loss=1.5416 train_acc=0.3281 val_acc=0.5300
    [head 02/4] loss=1.3008 train_acc=0.4340 val_acc=0.6200
    [head 03/4] loss=1.1662 train_acc=0.5156 val_acc=0.7100
    [head 04/4] loss=1.0859 train_acc=0.5573 val_acc=0.7200
    [ft 01/76] loss=1.0488 train_acc=0.6545 val_acc=0.7700
    [ft 02/76] loss=0.8909 train_acc=0.6424 val_acc=0.8100
    [ft 03/76] loss=0.9866 train_acc=0.6667 val_acc=0.8500
    [ft 04/76] loss=0.8834 train_acc=0.6372 val_acc=0.8200
    [ft 05/76] loss=0.9502 train_acc=0.7153 val_acc=0.8700
    [ft 06/76] loss=0.7916 train_acc=0.5365 val_acc=0.8200
    [ft 07/76] loss=0.9279 train_acc=0.6823 val_acc=0.9000
    [ft 08/76] loss=0.8709 train_acc=0.6771 val_acc=0.8500
    [ft 09/76] loss=0.8139 train_acc=0.7014 val_acc=0.8600
    [ft 10/76] loss=0.9229 train_acc=0.6962 val_acc=0.9000
    [ft 11/76] loss=0.8873 train_acc=0.7066 val_acc=0.8900
    [ft 12/76] loss=0.9014 train_acc=0.7135 val_acc=0.8700
    [ft 13/76] loss=0.8356 train_acc=0.6597 val_acc=0.9100
    [ft 14/76] loss=0.8591 train_acc=0.7431 val_acc=0.8600
    [ft 15/76] loss=0.8586 train_acc=0.6354 val_acc=0.8600
    [ft 16/76] loss=0.7791 train_acc=0.7622 val_acc=0.9000
    [ft 17/76] loss=0.7895 train_acc=0.6354 val_acc=0.8900
    [ft 18/76] loss=0.8309 train_acc=0.7066 val_acc=0.8800
    [ft 19/76] loss=0.8235 train_acc=0.6493 val_acc=0.9100
    [ft 20/76] loss=0.7032 train_acc=0.6337 val_acc=0.8800
    [ft 21/76] loss=0.6619 train_acc=0.6840 val_acc=0.9200
    [ft 22/76] loss=0.8160 train_acc=0.6562 val_acc=0.9100
    [ft 23/76] loss=0.7651 train_acc=0.5608 val_acc=0.9000
    [ft 24/76] loss=0.7734 train_acc=0.7917 val_acc=0.8400
    [ft 25/76] loss=0.7340 train_acc=0.8021 val_acc=0.8700
    [ft 26/76] loss=0.7431 train_acc=0.7205 val_acc=0.8900
    [ft 27/76] loss=0.7668 train_acc=0.6684 val_acc=0.8400
    [ft 28/76] loss=0.6750 train_acc=0.8368 val_acc=0.9000
    [ft 29/76] loss=0.8348 train_acc=0.7899 val_acc=0.8600
    [ft 30/76] loss=0.6642 train_acc=0.8264 val_acc=0.9100
    [ft 31/76] loss=0.8246 train_acc=0.5747 val_acc=0.8800
    [ft 32/76] loss=0.7555 train_acc=0.7205 val_acc=0.9300
    [ft 33/76] loss=0.8354 train_acc=0.7448 val_acc=0.9100
    [ft 34/76] loss=0.7924 train_acc=0.7604 val_acc=0.9200
    [ft 35/76] loss=0.7296 train_acc=0.6875 val_acc=0.9400
    [ft 36/76] loss=0.7233 train_acc=0.6285 val_acc=0.9000
    [ft 37/76] loss=0.7694 train_acc=0.7431 val_acc=0.9100
    [ft 38/76] loss=0.7700 train_acc=0.7778 val_acc=0.9000
    [ft 39/76] loss=0.6771 train_acc=0.6024 val_acc=0.8900
    [ft 40/76] loss=0.7337 train_acc=0.6406 val_acc=0.9200
    [ft 41/76] loss=0.7060 train_acc=0.7951 val_acc=0.9200
    [ft 42/76] loss=0.7351 train_acc=0.8194 val_acc=0.8900
    [ft 43/76] loss=0.6679 train_acc=0.7274 val_acc=0.8700
    [ft 44/76] loss=0.7783 train_acc=0.6597 val_acc=0.9400
    [ft 45/76] loss=0.7048 train_acc=0.7622 val_acc=0.9400
    [ft 46/76] loss=0.8298 train_acc=0.7778 val_acc=0.9000
    [ft 47/76] loss=0.6977 train_acc=0.7361 val_acc=0.9300
    [ft 48/76] loss=0.7116 train_acc=0.7552 val_acc=0.9300
    [ft 49/76] loss=0.7603 train_acc=0.7378 val_acc=0.9500
    [ft 50/76] loss=0.6688 train_acc=0.6233 val_acc=0.9200
    [ft 51/76] loss=0.7117 train_acc=0.7413 val_acc=0.9400
    [ft 52/76] loss=0.6648 train_acc=0.7830 val_acc=0.9500
    [ft 53/76] loss=0.6906 train_acc=0.6389 val_acc=0.9600
    [ft 54/76] loss=0.7127 train_acc=0.6250 val_acc=0.9200
    [ft 55/76] loss=0.7422 train_acc=0.7222 val_acc=0.9400
    [ft 56/76] loss=0.5914 train_acc=0.8177 val_acc=0.9300
    [ft 57/76] loss=0.6374 train_acc=0.6042 val_acc=0.9500
    [ft 58/76] loss=0.6976 train_acc=0.6771 val_acc=0.9500
    [ft 59/76] loss=0.7511 train_acc=0.7639 val_acc=0.9500
    [ft 60/76] loss=0.6968 train_acc=0.7344 val_acc=0.9500
    [ft 61/76] loss=0.6655 train_acc=0.8351 val_acc=0.9400
    [ft 62/76] loss=0.6605 train_acc=0.7899 val_acc=0.9400
    [ft 63/76] loss=0.6945 train_acc=0.7656 val_acc=0.9500
    [ft 64/76] loss=0.5915 train_acc=0.6910 val_acc=0.9300
    [ft 65/76] loss=0.7505 train_acc=0.7326 val_acc=0.9200
    [ft 66/76] loss=0.6810 train_acc=0.8455 val_acc=0.9400
    [ft 67/76] loss=0.6761 train_acc=0.6979 val_acc=0.9500
    [ft 68/76] loss=0.7399 train_acc=0.7378 val_acc=0.9500
    [ft 69/76] loss=0.7070 train_acc=0.7153 val_acc=0.9400
    [ft 70/76] loss=0.7392 train_acc=0.8038 val_acc=0.9500
    [ft 71/76] loss=0.7770 train_acc=0.7309 val_acc=0.9600
    [ft 72/76] loss=0.7298 train_acc=0.6667 val_acc=0.9400
    [ft 73/76] loss=0.7116 train_acc=0.7292 val_acc=0.9400
    [ft 74/76] loss=0.6717 train_acc=0.6580 val_acc=0.9400
    [ft 75/76] loss=0.6960 train_acc=0.7622 val_acc=0.9400
