=== spec_bl_320 | arch=convnext_tiny.fb_in22k_ft_in1k size=320 folds=5 crop=True device=cuda ===
normalisation mean=[0.485, 0.456, 0.406] std=[0.229, 0.224, 0.225]
--- fold 1/5 (train=234 val=40) ---
    [head 01/4] loss=0.6341 train_acc=0.6528 val_acc=0.6250
    [head 02/4] loss=0.6225 train_acc=0.6435 val_acc=0.6500
    [head 03/4] loss=0.6122 train_acc=0.6852 val_acc=0.7000
    [head 04/4] loss=0.5880 train_acc=0.6574 val_acc=0.6750
    [ft 01/40] loss=0.5912 train_acc=0.6204 val_acc=0.6500
    [ft 02/40] loss=0.5644 train_acc=0.6574 val_acc=0.6500
    [ft 03/40] loss=0.5550 train_acc=0.7176 val_acc=0.6250
    [ft 04/40] loss=0.5371 train_acc=0.6528 val_acc=0.6500
    [ft 05/40] loss=0.6205 train_acc=0.6944 val_acc=0.6250
    [ft 06/40] loss=0.5122 train_acc=0.7917 val_acc=0.7500
    [ft 07/40] loss=0.5364 train_acc=0.7083 val_acc=0.7000
    [ft 08/40] loss=0.4900 train_acc=0.7685 val_acc=0.7500
    [ft 09/40] loss=0.5020 train_acc=0.7037 val_acc=0.6750
    [ft 10/40] loss=0.5684 train_acc=0.6991 val_acc=0.7250
    [ft 11/40] loss=0.4911 train_acc=0.7593 val_acc=0.7750
    [ft 12/40] loss=0.4765 train_acc=0.7269 val_acc=0.8000
    [ft 13/40] loss=0.4937 train_acc=0.8102 val_acc=0.8250
    [ft 14/40] loss=0.4753 train_acc=0.8056 val_acc=0.8000
    [ft 15/40] loss=0.4515 train_acc=0.7917 val_acc=0.8250
    [ft 16/40] loss=0.3744 train_acc=0.6991 val_acc=0.8000
    [ft 17/40] loss=0.4844 train_acc=0.7731 val_acc=0.8250
    [ft 18/40] loss=0.4542 train_acc=0.7593 val_acc=0.7250
    [ft 19/40] loss=0.4129 train_acc=0.7315 val_acc=0.8500
    [ft 20/40] loss=0.4568 train_acc=0.7870 val_acc=0.7750
    [ft 21/40] loss=0.4356 train_acc=0.7917 val_acc=0.8250
    [ft 22/40] loss=0.3681 train_acc=0.8472 val_acc=0.8750
    [ft 23/40] loss=0.5026 train_acc=0.8194 val_acc=0.8750
    [ft 24/40] loss=0.3879 train_acc=0.8148 val_acc=0.8000
    [ft 25/40] loss=0.4355 train_acc=0.8519 val_acc=0.9000
    [ft 26/40] loss=0.3870 train_acc=0.7824 val_acc=0.8750
    [ft 27/40] loss=0.4302 train_acc=0.8241 val_acc=0.9000
    [ft 28/40] loss=0.4366 train_acc=0.8750 val_acc=0.9000
    [ft 29/40] loss=0.4235 train_acc=0.7269 val_acc=0.8750
    [ft 30/40] loss=0.4138 train_acc=0.9120 val_acc=0.9000
    [ft 31/40] loss=0.4078 train_acc=0.9583 val_acc=0.9000
    [ft 32/40] loss=0.4303 train_acc=0.7407 val_acc=0.9000
    [ft 33/40] loss=0.3961 train_acc=0.8009 val_acc=0.8750
    [ft 34/40] loss=0.4716 train_acc=0.7176 val_acc=0.8750
    [ft 35/40] loss=0.3530 train_acc=0.9028 val_acc=0.8750
    [ft 36/40] loss=0.3941 train_acc=0.8519 val_acc=0.9000
    [ft 37/40] loss=0.3977 train_acc=0.7639 val_acc=0.9000
    [ft 38/40] loss=0.3358 train_acc=0.8426 val_acc=0.9000
    [ft 39/40] loss=0.3832 train_acc=0.8935 val_acc=0.9000
    [ft 40/40] loss=0.4188 train_acc=0.7407 val_acc=0.9000
    final val_acc=0.9000 (best 0.9000 @ epoch 29/44)
    fold 1 accuracy=0.8750 macro_f1=0.8749 (2.6 min)
--- fold 2/5 (train=234 val=40) ---
    [head 01/4] loss=0.6528 train_acc=0.6528 val_acc=0.7500
    [head 02/4] loss=0.6094 train_acc=0.6574 val_acc=0.8500
    [head 03/4] loss=0.6221 train_acc=0.6389 val_acc=0.8500
    [head 04/4] loss=0.5952 train_acc=0.6157 val_acc=0.8500
    [ft 01/40] loss=0.5993 train_acc=0.6019 val_acc=0.9000
    [ft 02/40] loss=0.5564 train_acc=0.6713 val_acc=0.7000
    [ft 03/40] loss=0.5759 train_acc=0.6991 val_acc=0.6750
    [ft 04/40] loss=0.5944 train_acc=0.6296 val_acc=0.9000
    [ft 05/40] loss=0.5468 train_acc=0.7361 val_acc=0.9250
    [ft 06/40] loss=0.5136 train_acc=0.7593 val_acc=0.8000
    [ft 07/40] loss=0.5213 train_acc=0.6944 val_acc=0.8750
    [ft 08/40] loss=0.4873 train_acc=0.7593 val_acc=0.8000
    [ft 09/40] loss=0.5144 train_acc=0.7315 val_acc=0.8000
    [ft 10/40] loss=0.5404 train_acc=0.7500 val_acc=0.8750
    [ft 11/40] loss=0.4929 train_acc=0.6991 val_acc=0.8750
    [ft 12/40] loss=0.4926 train_acc=0.7083 val_acc=0.9500
    [ft 13/40] loss=0.4991 train_acc=0.7778 val_acc=0.9750
    [ft 14/40] loss=0.4672 train_acc=0.8056 val_acc=0.9500
    [ft 15/40] loss=0.4517 train_acc=0.7917 val_acc=0.9250
    [ft 16/40] loss=0.4166 train_acc=0.6852 val_acc=0.9000
    [ft 17/40] loss=0.4784 train_acc=0.7731 val_acc=0.8000
    [ft 18/40] loss=0.4874 train_acc=0.7407 val_acc=0.8500
    [ft 19/40] loss=0.4867 train_acc=0.6806 val_acc=0.9000
    [ft 20/40] loss=0.4728 train_acc=0.7917 val_acc=0.9000
    [ft 21/40] loss=0.4320 train_acc=0.7870 val_acc=0.9500
    [ft 22/40] loss=0.3480 train_acc=0.8611 val_acc=0.9000
    [ft 23/40] loss=0.4864 train_acc=0.8056 val_acc=0.9500
    [ft 24/40] loss=0.3954 train_acc=0.8380 val_acc=0.9000
    [ft 25/40] loss=0.4227 train_acc=0.8611 val_acc=0.9500
    [ft 26/40] loss=0.3620 train_acc=0.8009 val_acc=0.9500
    [ft 27/40] loss=0.4336 train_acc=0.8056 val_acc=0.9500
    [ft 28/40] loss=0.4290 train_acc=0.8472 val_acc=0.9500
    [ft 29/40] loss=0.4257 train_acc=0.7407 val_acc=0.9500
    [ft 30/40] loss=0.4137 train_acc=0.9028 val_acc=0.9750
    [ft 31/40] loss=0.3984 train_acc=0.9630 val_acc=0.9750
    [ft 32/40] loss=0.4233 train_acc=0.7963 val_acc=0.9750
    [ft 33/40] loss=0.3805 train_acc=0.8148 val_acc=0.9500
    [ft 34/40] loss=0.4692 train_acc=0.7083 val_acc=0.9500
    [ft 35/40] loss=0.3521 train_acc=0.9213 val_acc=0.9500
    [ft 36/40] loss=0.4080 train_acc=0.8426 val_acc=0.9500
    [ft 37/40] loss=0.4028 train_acc=0.7639 val_acc=0.9500
    [ft 38/40] loss=0.3421 train_acc=0.8380 val_acc=0.9500
    [ft 39/40] loss=0.3919 train_acc=0.8704 val_acc=0.9500
    [ft 40/40] loss=0.4280 train_acc=0.7500 val_acc=0.9500
    final val_acc=0.9500 (best 0.9750 @ epoch 17/44)
=== spec_bl_320 | arch=convnext_tiny.fb_in22k_ft_in1k size=320 folds=5 crop=True device=cuda ===
normalisation mean=[0.485, 0.456, 0.406] std=[0.229, 0.224, 0.225]
--- fold 1/5 (train=234 val=40) ---
    resuming fold 1 from fold0_model.pt
    fold 1 accuracy=0.8750 macro_f1=0.8749 (0.4 min)
--- fold 2/5 (train=234 val=40) ---
    [head 01/4] loss=0.6528 train_acc=0.6528 val_acc=0.7500
    [head 02/4] loss=0.6094 train_acc=0.6574 val_acc=0.8500
    [head 03/4] loss=0.6221 train_acc=0.6389 val_acc=0.8500
    [head 04/4] loss=0.5952 train_acc=0.6157 val_acc=0.8500
    [ft 01/40] loss=0.5993 train_acc=0.6019 val_acc=0.9000
    [ft 02/40] loss=0.5564 train_acc=0.6713 val_acc=0.7000
    [ft 03/40] loss=0.5759 train_acc=0.6991 val_acc=0.6750
    [ft 04/40] loss=0.5944 train_acc=0.6296 val_acc=0.9000
    [ft 05/40] loss=0.5468 train_acc=0.7361 val_acc=0.9250
    [ft 06/40] loss=0.5136 train_acc=0.7593 val_acc=0.8000
    [ft 07/40] loss=0.5213 train_acc=0.6944 val_acc=0.8750
    [ft 08/40] loss=0.4873 train_acc=0.7593 val_acc=0.8000
    [ft 09/40] loss=0.5144 train_acc=0.7315 val_acc=0.8000
    [ft 10/40] loss=0.5404 train_acc=0.7500 val_acc=0.8750
    [ft 11/40] loss=0.4929 train_acc=0.6991 val_acc=0.8750
    [ft 12/40] loss=0.4926 train_acc=0.7083 val_acc=0.9500
    [ft 13/40] loss=0.4991 train_acc=0.7778 val_acc=0.9750
    [ft 14/40] loss=0.4672 train_acc=0.8056 val_acc=0.9500
    [ft 15/40] loss=0.4517 train_acc=0.7917 val_acc=0.9250
    [ft 16/40] loss=0.4166 train_acc=0.6852 val_acc=0.9000
    [ft 17/40] loss=0.4784 train_acc=0.7731 val_acc=0.8000
    [ft 18/40] loss=0.4874 train_acc=0.7407 val_acc=0.8500
    [ft 19/40] loss=0.4867 train_acc=0.6806 val_acc=0.9000
    [ft 20/40] loss=0.4728 train_acc=0.7917 val_acc=0.9000
    [ft 21/40] loss=0.4320 train_acc=0.7870 val_acc=0.9500
    [ft 22/40] loss=0.3480 train_acc=0.8611 val_acc=0.9000
    [ft 23/40] loss=0.4864 train_acc=0.8056 val_acc=0.9500
    [ft 24/40] loss=0.3954 train_acc=0.8380 val_acc=0.9000
    [ft 25/40] loss=0.4227 train_acc=0.8611 val_acc=0.9500
    [ft 26/40] loss=0.3620 train_acc=0.8009 val_acc=0.9500
    [ft 27/40] loss=0.4336 train_acc=0.8056 val_acc=0.9500
    [ft 28/40] loss=0.4290 train_acc=0.8472 val_acc=0.9500
    [ft 29/40] loss=0.4257 train_acc=0.7407 val_acc=0.9500
    [ft 30/40] loss=0.4137 train_acc=0.9028 val_acc=0.9750
    [ft 31/40] loss=0.3984 train_acc=0.9630 val_acc=0.9750
    [ft 32/40] loss=0.4233 train_acc=0.7963 val_acc=0.9750
    [ft 33/40] loss=0.3805 train_acc=0.8148 val_acc=0.9500
    [ft 34/40] loss=0.4692 train_acc=0.7083 val_acc=0.9500
    [ft 35/40] loss=0.3521 train_acc=0.9213 val_acc=0.9500
    [ft 36/40] loss=0.4080 train_acc=0.8426 val_acc=0.9500
    [ft 37/40] loss=0.4028 train_acc=0.7639 val_acc=0.9500
    [ft 38/40] loss=0.3421 train_acc=0.8380 val_acc=0.9500
    [ft 39/40] loss=0.3919 train_acc=0.8704 val_acc=0.9500
    [ft 40/40] loss=0.4280 train_acc=0.7500 val_acc=0.9500
    final val_acc=0.9500 (best 0.9750 @ epoch 17/44)
    fold 2 accuracy=0.9250 macro_f1=0.9250 (2.6 min)
--- fold 3/5 (train=234 val=40) ---
    [head 01/4] loss=0.6596 train_acc=0.6528 val_acc=0.7250
    [head 02/4] loss=0.6138 train_acc=0.6620 val_acc=0.6250
    [head 03/4] loss=0.6310 train_acc=0.6343 val_acc=0.6750
    [head 04/4] loss=0.5718 train_acc=0.6713 val_acc=0.6750
    [ft 01/40] loss=0.5881 train_acc=0.6204 val_acc=0.7000
    [ft 02/40] loss=0.5253 train_acc=0.6898 val_acc=0.7500
    [ft 03/40] loss=0.5461 train_acc=0.6852 val_acc=0.6500
    [ft 04/40] loss=0.5674 train_acc=0.6343 val_acc=0.6750
    [ft 05/40] loss=0.5871 train_acc=0.7407 val_acc=0.7750
    [ft 06/40] loss=0.5209 train_acc=0.7639 val_acc=0.8000
    [ft 07/40] loss=0.5026 train_acc=0.7269 val_acc=0.7750
    [ft 08/40] loss=0.4845 train_acc=0.7731 val_acc=0.6750
    [ft 09/40] loss=0.4732 train_acc=0.7593 val_acc=0.8000
    [ft 10/40] loss=0.5003 train_acc=0.7917 val_acc=0.7500
    [ft 11/40] loss=0.4463 train_acc=0.7546 val_acc=0.7750
    [ft 12/40] loss=0.4679 train_acc=0.7500 val_acc=0.7750
    [ft 13/40] loss=0.4878 train_acc=0.8426 val_acc=0.7250
    [ft 14/40] loss=0.4626 train_acc=0.8102 val_acc=0.8000
    [ft 15/40] loss=0.4500 train_acc=0.8009 val_acc=0.6750
    [ft 16/40] loss=0.3647 train_acc=0.6806 val_acc=0.6750
    [ft 17/40] loss=0.4606 train_acc=0.7824 val_acc=0.6750
    [ft 18/40] loss=0.4506 train_acc=0.7593 val_acc=0.8000
    [ft 19/40] loss=0.4163 train_acc=0.7593 val_acc=0.7500
    [ft 20/40] loss=0.4433 train_acc=0.8148 val_acc=0.7000
    [ft 21/40] loss=0.4256 train_acc=0.8102 val_acc=0.7250
    [ft 22/40] loss=0.3316 train_acc=0.8750 val_acc=0.7500
    [ft 23/40] loss=0.4838 train_acc=0.8056 val_acc=0.7250
    [ft 24/40] loss=0.3649 train_acc=0.8657 val_acc=0.7500
    [ft 25/40] loss=0.4158 train_acc=0.8750 val_acc=0.7500
    [ft 26/40] loss=0.3703 train_acc=0.8102 val_acc=0.7250
    [ft 27/40] loss=0.4339 train_acc=0.8102 val_acc=0.7500
    [ft 28/40] loss=0.4177 train_acc=0.8519 val_acc=0.7250
    [ft 29/40] loss=0.4246 train_acc=0.7269 val_acc=0.7250
    [ft 30/40] loss=0.4084 train_acc=0.8889 val_acc=0.7250
    [ft 31/40] loss=0.4201 train_acc=0.9213 val_acc=0.7500
    [ft 32/40] loss=0.4113 train_acc=0.7870 val_acc=0.7500
    [ft 33/40] loss=0.3735 train_acc=0.8194 val_acc=0.7500
    [ft 34/40] loss=0.4608 train_acc=0.7083 val_acc=0.7250
    [ft 35/40] loss=0.3685 train_acc=0.8981 val_acc=0.7250
    [ft 36/40] loss=0.3826 train_acc=0.8843 val_acc=0.7500
    [ft 37/40] loss=0.3832 train_acc=0.7870 val_acc=0.7500
    [ft 38/40] loss=0.3385 train_acc=0.8287 val_acc=0.7500
    [ft 39/40] loss=0.3802 train_acc=0.8750 val_acc=0.7500
    [ft 40/40] loss=0.4148 train_acc=0.7731 val_acc=0.7500
    final val_acc=0.7500 (best 0.8000 @ epoch 10/44)
    fold 3 accuracy=0.7750 macro_f1=0.7749 (2.5 min)
--- fold 4/5 (train=234 val=40) ---
    [head 01/4] loss=0.6437 train_acc=0.6343 val_acc=0.6500
    [head 02/4] loss=0.6184 train_acc=0.6435 val_acc=0.7000
    [head 03/4] loss=0.5943 train_acc=0.6852 val_acc=0.7000
    [head 04/4] loss=0.5939 train_acc=0.6157 val_acc=0.7500
    [ft 01/40] loss=0.5781 train_acc=0.6343 val_acc=0.7500
    [ft 02/40] loss=0.5807 train_acc=0.6574 val_acc=0.7250
    [ft 03/40] loss=0.6179 train_acc=0.7037 val_acc=0.7500
    [ft 04/40] loss=0.5540 train_acc=0.6898 val_acc=0.7500
    [ft 05/40] loss=0.5602 train_acc=0.7454 val_acc=0.8250
    [ft 06/40] loss=0.5659 train_acc=0.7500 val_acc=0.8500
    [ft 07/40] loss=0.5873 train_acc=0.6667 val_acc=0.8500
    [ft 08/40] loss=0.5143 train_acc=0.7500 val_acc=0.8000
    [ft 09/40] loss=0.5313 train_acc=0.6806 val_acc=0.7000
    [ft 10/40] loss=0.5672 train_acc=0.7315 val_acc=0.8000
    [ft 11/40] loss=0.5059 train_acc=0.6898 val_acc=0.9000
    [ft 12/40] loss=0.4607 train_acc=0.7500 val_acc=0.8750
    [ft 13/40] loss=0.5197 train_acc=0.7870 val_acc=0.8500
    [ft 14/40] loss=0.4644 train_acc=0.7824 val_acc=0.9500
    [ft 15/40] loss=0.4545 train_acc=0.8102 val_acc=0.9250
    [ft 16/40] loss=0.4034 train_acc=0.6713 val_acc=0.9000
    [ft 17/40] loss=0.4913 train_acc=0.7824 val_acc=0.8500
    [ft 18/40] loss=0.4570 train_acc=0.7639 val_acc=0.8750
    [ft 19/40] loss=0.4295 train_acc=0.7315 val_acc=0.9000
    [ft 20/40] loss=0.4372 train_acc=0.8333 val_acc=0.8750
    [ft 21/40] loss=0.4572 train_acc=0.7685 val_acc=0.8500
    [ft 22/40] loss=0.3612 train_acc=0.8380 val_acc=0.9000
    [ft 23/40] loss=0.5233 train_acc=0.7917 val_acc=0.9250
    [ft 24/40] loss=0.4022 train_acc=0.8333 val_acc=0.8750
    [ft 25/40] loss=0.4218 train_acc=0.8889 val_acc=0.9250
    [ft 26/40] loss=0.3736 train_acc=0.8102 val_acc=0.9500
    [ft 27/40] loss=0.4332 train_acc=0.8241 val_acc=0.9500
    [ft 28/40] loss=0.4385 train_acc=0.8796 val_acc=0.9250
    [ft 29/40] loss=0.4125 train_acc=0.7315 val_acc=0.9250
    [ft 30/40] loss=0.4162 train_acc=0.8519 val_acc=0.9250
    [ft 31/40] loss=0.3959 train_acc=0.9630 val_acc=0.9250
    [ft 32/40] loss=0.4345 train_acc=0.7639 val_acc=0.9250
    [ft 33/40] loss=0.3877 train_acc=0.7963 val_acc=0.9500
    [ft 34/40] loss=0.4578 train_acc=0.7222 val_acc=0.9500
    [ft 35/40] loss=0.3542 train_acc=0.9213 val_acc=0.9250
    [ft 36/40] loss=0.3887 train_acc=0.8333 val_acc=0.9250
    [ft 37/40] loss=0.4008 train_acc=0.7731 val_acc=0.9250
    [ft 38/40] loss=0.3425 train_acc=0.8333 val_acc=0.9250
    [ft 39/40] loss=0.4027 train_acc=0.8843 val_acc=0.9250
    [ft 40/40] loss=0.4259 train_acc=0.7546 val_acc=0.9250
    final val_acc=0.9250 (best 0.9500 @ epoch 18/44)
    fold 4 accuracy=0.9250 macro_f1=0.9250 (2.4 min)
--- fold 5/5 (train=234 val=40) ---
    [head 01/4] loss=0.6545 train_acc=0.6204 val_acc=0.5000
    [head 02/4] loss=0.6136 train_acc=0.6574 val_acc=0.6250
    [head 03/4] loss=0.5916 train_acc=0.6991 val_acc=0.6000
    [head 04/4] loss=0.5774 train_acc=0.6667 val_acc=0.6250
    [ft 01/40] loss=0.5843 train_acc=0.6343 val_acc=0.7000
    [ft 02/40] loss=0.5449 train_acc=0.6667 val_acc=0.6000
    [ft 03/40] loss=0.5308 train_acc=0.7546 val_acc=0.5750
    [ft 04/40] loss=0.4977 train_acc=0.6944 val_acc=0.7500
    [ft 05/40] loss=0.5311 train_acc=0.7639 val_acc=0.7000
    [ft 06/40] loss=0.5221 train_acc=0.7731 val_acc=0.5250
    [ft 07/40] loss=0.5660 train_acc=0.6713 val_acc=0.7750
    [ft 08/40] loss=0.4978 train_acc=0.7824 val_acc=0.6250
    [ft 09/40] loss=0.5227 train_acc=0.7593 val_acc=0.6750
    [ft 10/40] loss=0.5217 train_acc=0.7315 val_acc=0.7000
    [ft 11/40] loss=0.4733 train_acc=0.7731 val_acc=0.7250
    [ft 12/40] loss=0.4540 train_acc=0.7778 val_acc=0.7500
    [ft 13/40] loss=0.4848 train_acc=0.8241 val_acc=0.7000
    [ft 14/40] loss=0.4272 train_acc=0.8241 val_acc=0.8000
    [ft 15/40] loss=0.4198 train_acc=0.8287 val_acc=0.8000
    [ft 16/40] loss=0.3429 train_acc=0.6759 val_acc=0.7250
    [ft 17/40] loss=0.4567 train_acc=0.8102 val_acc=0.7250
    [ft 18/40] loss=0.4745 train_acc=0.7222 val_acc=0.5750
    [ft 19/40] loss=0.4488 train_acc=0.7222 val_acc=0.7000
    [ft 20/40] loss=0.4484 train_acc=0.8148 val_acc=0.7000
    [ft 21/40] loss=0.4363 train_acc=0.8194 val_acc=0.7250
    [ft 22/40] loss=0.3366 train_acc=0.8750 val_acc=0.7250
    [ft 23/40] loss=0.4995 train_acc=0.8056 val_acc=0.7000
    [ft 24/40] loss=0.3782 train_acc=0.8426 val_acc=0.7500
    [ft 25/40] loss=0.4226 train_acc=0.8750 val_acc=0.7000
    [ft 26/40] loss=0.3747 train_acc=0.8009 val_acc=0.7500
    [ft 27/40] loss=0.4077 train_acc=0.8565 val_acc=0.7500
    [ft 28/40] loss=0.4022 train_acc=0.8565 val_acc=0.8000
    [ft 29/40] loss=0.4132 train_acc=0.7407 val_acc=0.7750
    [ft 30/40] loss=0.3975 train_acc=0.8796 val_acc=0.8000
    [ft 31/40] loss=0.4036 train_acc=0.9352 val_acc=0.7750
    [ft 32/40] loss=0.4056 train_acc=0.8009 val_acc=0.7500
    [ft 33/40] loss=0.3703 train_acc=0.8287 val_acc=0.8000
    [ft 34/40] loss=0.4590 train_acc=0.7315 val_acc=0.8000
    [ft 35/40] loss=0.3389 train_acc=0.9352 val_acc=0.8000
    [ft 36/40] loss=0.3868 train_acc=0.8333 val_acc=0.8000
    [ft 37/40] loss=0.3760 train_acc=0.7824 val_acc=0.8000
    [ft 38/40] loss=0.3419 train_acc=0.8380 val_acc=0.8000
    [ft 39/40] loss=0.3866 train_acc=0.8889 val_acc=0.8000
    [ft 40/40] loss=0.4142 train_acc=0.7917 val_acc=0.8000
    final val_acc=0.8000 (best 0.8000 @ epoch 18/44)
    fold 5 accuracy=0.7750 macro_f1=0.7749 (2.5 min)
=== spec_bl_320: OOF accuracy=0.8550 macro_f1=0.8550 ===
