=== fix_cnx384m | arch=convnext_tiny.fb_in22k_ft_in1k size=384 folds=5 crop=True device=cuda ===
normalisation mean=[0.485, 0.456, 0.406] std=[0.229, 0.224, 0.225]
--- fold 1/5 (train=584 val=100) ---
    [head 01/4] loss=1.4875 train_acc=0.3594 val_acc=0.5200
    [head 02/4] loss=1.2749 train_acc=0.4931 val_acc=0.6500
    [head 03/4] loss=1.1982 train_acc=0.5122 val_acc=0.6900
    [head 04/4] loss=1.1418 train_acc=0.6094 val_acc=0.7200
    [ft 01/40] loss=0.9489 train_acc=0.6076 val_acc=0.7600
    [ft 02/40] loss=0.9681 train_acc=0.5434 val_acc=0.8400
    [ft 03/40] loss=0.9718 train_acc=0.6562 val_acc=0.8400
    [ft 04/40] loss=0.9262 train_acc=0.7587 val_acc=0.8300
    [ft 05/40] loss=0.9068 train_acc=0.6858 val_acc=0.7900
    [ft 06/40] loss=0.7752 train_acc=0.6736 val_acc=0.8500
    [ft 07/40] loss=0.8563 train_acc=0.7257 val_acc=0.8800
    [ft 08/40] loss=0.8779 train_acc=0.7049 val_acc=0.9000
    [ft 09/40] loss=0.8332 train_acc=0.6892 val_acc=0.9000
    [ft 10/40] loss=0.8414 train_acc=0.6684 val_acc=0.8900
    [ft 11/40] loss=0.7954 train_acc=0.6632 val_acc=0.8700
    [ft 12/40] loss=0.8092 train_acc=0.6632 val_acc=0.8900
    [ft 13/40] loss=0.8179 train_acc=0.6406 val_acc=0.8900
    [ft 14/40] loss=0.7466 train_acc=0.6146 val_acc=0.9100
    [ft 15/40] loss=0.7141 train_acc=0.7135 val_acc=0.8900
    [ft 16/40] loss=0.7457 train_acc=0.5955 val_acc=0.9000
    [ft 17/40] loss=0.7380 train_acc=0.7812 val_acc=0.8600
    [ft 18/40] loss=0.7096 train_acc=0.7882 val_acc=0.9100
    [ft 19/40] loss=0.7610 train_acc=0.7188 val_acc=0.9200
    [ft 20/40] loss=0.7385 train_acc=0.5851 val_acc=0.9100
    [ft 21/40] loss=0.7034 train_acc=0.6788 val_acc=0.9300
    [ft 22/40] loss=0.7775 train_acc=0.7465 val_acc=0.9300
    [ft 23/40] loss=0.7390 train_acc=0.8333 val_acc=0.9200
    [ft 24/40] loss=0.6548 train_acc=0.8073 val_acc=0.9300
    [ft 25/40] loss=0.6753 train_acc=0.6979 val_acc=0.9200
    [ft 26/40] loss=0.7977 train_acc=0.7413 val_acc=0.9200
    [ft 27/40] loss=0.6980 train_acc=0.7639 val_acc=0.9300
    [ft 28/40] loss=0.7374 train_acc=0.6615 val_acc=0.9300
    [ft 29/40] loss=0.6544 train_acc=0.5556 val_acc=0.9100
    [ft 30/40] loss=0.6541 train_acc=0.6701 val_acc=0.9100
    [ft 31/40] loss=0.7538 train_acc=0.7153 val_acc=0.9300
    [ft 32/40] loss=0.7058 train_acc=0.7743 val_acc=0.9200
    [ft 33/40] loss=0.6966 train_acc=0.6701 val_acc=0.9400
    [ft 34/40] loss=0.7082 train_acc=0.6424 val_acc=0.9400
    [ft 35/40] loss=0.6933 train_acc=0.6111 val_acc=0.9400
    [ft 36/40] loss=0.7093 train_acc=0.7257 val_acc=0.9300
    [ft 37/40] loss=0.7001 train_acc=0.6962 val_acc=0.9400
    [ft 38/40] loss=0.6851 train_acc=0.7552 val_acc=0.9400
    [ft 39/40] loss=0.6391 train_acc=0.7309 val_acc=0.9400
    [ft 40/40] loss=0.6518 train_acc=0.6007 val_acc=0.9400
    final val_acc=0.9400 (best 0.9400 @ epoch 37/44)
    fold 1 accuracy=0.9300 macro_f1=0.9300 (6.3 min)
--- fold 2/5 (train=584 val=100) ---
    [head 01/4] loss=1.4833 train_acc=0.3681 val_acc=0.5800
    [head 02/4] loss=1.2766 train_acc=0.4826 val_acc=0.6700
    [head 03/4] loss=1.1836 train_acc=0.5399 val_acc=0.7200
    [head 04/4] loss=1.1275 train_acc=0.5955 val_acc=0.7300
    [ft 01/40] loss=0.9506 train_acc=0.5920 val_acc=0.8500
    [ft 02/40] loss=0.9671 train_acc=0.5538 val_acc=0.7700
    [ft 03/40] loss=0.9872 train_acc=0.6528 val_acc=0.8600
    [ft 04/40] loss=0.9583 train_acc=0.7101 val_acc=0.8500
    [ft 05/40] loss=0.8864 train_acc=0.6892 val_acc=0.8400
    [ft 06/40] loss=0.8027 train_acc=0.6493 val_acc=0.8700
    [ft 07/40] loss=0.8892 train_acc=0.7552 val_acc=0.9200
    [ft 08/40] loss=0.8616 train_acc=0.7135 val_acc=0.9200
    [ft 09/40] loss=0.8361 train_acc=0.6806 val_acc=0.8700
    [ft 10/40] loss=0.8409 train_acc=0.6510 val_acc=0.8900
    [ft 11/40] loss=0.8162 train_acc=0.6458 val_acc=0.9400
    [ft 12/40] loss=0.8319 train_acc=0.6319 val_acc=0.8300
    [ft 13/40] loss=0.8053 train_acc=0.6458 val_acc=0.8900
    [ft 14/40] loss=0.7671 train_acc=0.6215 val_acc=0.8400
    [ft 15/40] loss=0.7067 train_acc=0.7188 val_acc=0.9300
    [ft 16/40] loss=0.7386 train_acc=0.6076 val_acc=0.8900
    [ft 17/40] loss=0.7313 train_acc=0.7899 val_acc=0.9200
    [ft 18/40] loss=0.7134 train_acc=0.7951 val_acc=0.9200
    [ft 19/40] loss=0.7578 train_acc=0.7396 val_acc=0.9100
    [ft 20/40] loss=0.7432 train_acc=0.6163 val_acc=0.8600
    [ft 21/40] loss=0.7177 train_acc=0.6858 val_acc=0.9000
    [ft 22/40] loss=0.7828 train_acc=0.7448 val_acc=0.8900
    [ft 23/40] loss=0.7452 train_acc=0.8438 val_acc=0.8800
    [ft 24/40] loss=0.6784 train_acc=0.7865 val_acc=0.9200
    [ft 25/40] loss=0.6723 train_acc=0.6875 val_acc=0.9400
    [ft 26/40] loss=0.7970 train_acc=0.7378 val_acc=0.9300
    [ft 27/40] loss=0.6939 train_acc=0.7708 val_acc=0.9300
    [ft 28/40] loss=0.7350 train_acc=0.6424 val_acc=0.9500
    [ft 29/40] loss=0.6599 train_acc=0.5538 val_acc=0.9400
    [ft 30/40] loss=0.6739 train_acc=0.6719 val_acc=0.9600
    [ft 31/40] loss=0.7508 train_acc=0.7031 val_acc=0.9200
    [ft 32/40] loss=0.7079 train_acc=0.7882 val_acc=0.9400
    [ft 33/40] loss=0.7007 train_acc=0.6910 val_acc=0.9400
    [ft 34/40] loss=0.7206 train_acc=0.6510 val_acc=0.9100
    [ft 35/40] loss=0.7003 train_acc=0.6128 val_acc=0.9200
    [ft 36/40] loss=0.7221 train_acc=0.7153 val_acc=0.9200
    [ft 37/40] loss=0.7089 train_acc=0.6892 val_acc=0.9000
    [ft 38/40] loss=0.6933 train_acc=0.7569 val_acc=0.9000
    [ft 39/40] loss=0.6440 train_acc=0.7257 val_acc=0.9000
    [ft 40/40] loss=0.6541 train_acc=0.6076 val_acc=0.9000
    final val_acc=0.9000 (best 0.9600 @ epoch 34/44)
    fold 2 accuracy=0.9000 macro_f1=0.8999 (6.9 min)
--- fold 3/5 (train=584 val=100) ---
    [head 01/4] loss=1.4850 train_acc=0.3628 val_acc=0.6200
    [head 02/4] loss=1.2804 train_acc=0.4792 val_acc=0.7600
    [head 03/4] loss=1.2005 train_acc=0.5469 val_acc=0.7900
    [head 04/4] loss=1.1466 train_acc=0.5955 val_acc=0.7800
    [ft 01/40] loss=0.9608 train_acc=0.6181 val_acc=0.8700
    [ft 02/40] loss=0.9696 train_acc=0.5399 val_acc=0.8600
    [ft 03/40] loss=0.9568 train_acc=0.6788 val_acc=0.8300
    [ft 04/40] loss=0.9476 train_acc=0.7396 val_acc=0.8700
    [ft 05/40] loss=0.8950 train_acc=0.6840 val_acc=0.8700
    [ft 06/40] loss=0.7452 train_acc=0.6875 val_acc=0.8800
    [ft 07/40] loss=0.8629 train_acc=0.7465 val_acc=0.9100
    [ft 08/40] loss=0.8829 train_acc=0.7049 val_acc=0.9300
    [ft 09/40] loss=0.8365 train_acc=0.7205 val_acc=0.9300
    [ft 10/40] loss=0.8425 train_acc=0.6302 val_acc=0.9200
    [ft 11/40] loss=0.8004 train_acc=0.6441 val_acc=0.9400
    [ft 12/40] loss=0.8188 train_acc=0.6632 val_acc=0.9200
    [ft 13/40] loss=0.8047 train_acc=0.6424 val_acc=0.9400
    [ft 14/40] loss=0.7457 train_acc=0.6215 val_acc=0.9000
    [ft 15/40] loss=0.6929 train_acc=0.7101 val_acc=0.9200
    [ft 16/40] loss=0.7456 train_acc=0.6059 val_acc=0.9200
    [ft 17/40] loss=0.7516 train_acc=0.7674 val_acc=0.9200
    [ft 18/40] loss=0.7150 train_acc=0.7847 val_acc=0.9000
    [ft 19/40] loss=0.7929 train_acc=0.7135 val_acc=0.9200
    [ft 20/40] loss=0.7361 train_acc=0.6042 val_acc=0.9100
    [ft 21/40] loss=0.7155 train_acc=0.6927 val_acc=0.9100
    [ft 22/40] loss=0.7693 train_acc=0.7587 val_acc=0.9300
    [ft 23/40] loss=0.7462 train_acc=0.8368 val_acc=0.9200
    [ft 24/40] loss=0.6710 train_acc=0.8003 val_acc=0.9000
    [ft 25/40] loss=0.6907 train_acc=0.6753 val_acc=0.9200
    [ft 26/40] loss=0.8144 train_acc=0.7378 val_acc=0.9200
    [ft 27/40] loss=0.7087 train_acc=0.7448 val_acc=0.9400
    [ft 28/40] loss=0.7376 train_acc=0.6736 val_acc=0.9200
    [ft 29/40] loss=0.6769 train_acc=0.5521 val_acc=0.9200
    [ft 30/40] loss=0.6699 train_acc=0.6580 val_acc=0.9200
    [ft 31/40] loss=0.7501 train_acc=0.7257 val_acc=0.9300
    [ft 32/40] loss=0.7085 train_acc=0.7691 val_acc=0.9300
    [ft 33/40] loss=0.7044 train_acc=0.6806 val_acc=0.9300
    [ft 34/40] loss=0.7223 train_acc=0.6198 val_acc=0.9300
    [ft 35/40] loss=0.6976 train_acc=0.6163 val_acc=0.9200
    [ft 36/40] loss=0.7176 train_acc=0.7274 val_acc=0.9300
    [ft 37/40] loss=0.7115 train_acc=0.6910 val_acc=0.9300
    [ft 38/40] loss=0.6940 train_acc=0.7569 val_acc=0.9300
    [ft 39/40] loss=0.6441 train_acc=0.7118 val_acc=0.9300
    [ft 40/40] loss=0.6502 train_acc=0.6233 val_acc=0.9300
    final val_acc=0.9300 (best 0.9400 @ epoch 15/44)
    fold 3 accuracy=0.9500 macro_f1=0.9492 (6.1 min)
--- fold 4/5 (train=584 val=100) ---
    [head 01/4] loss=1.4816 train_acc=0.3733 val_acc=0.5700
    [head 02/4] loss=1.2726 train_acc=0.5104 val_acc=0.6900
    [head 03/4] loss=1.2024 train_acc=0.5312 val_acc=0.7200
    [head 04/4] loss=1.1390 train_acc=0.6076 val_acc=0.7100
    [ft 01/40] loss=0.9614 train_acc=0.6094 val_acc=0.8300
    [ft 02/40] loss=0.9608 train_acc=0.5503 val_acc=0.8100
    [ft 03/40] loss=0.9688 train_acc=0.6667 val_acc=0.8800
    [ft 04/40] loss=0.9370 train_acc=0.7170 val_acc=0.8900
    [ft 05/40] loss=0.8986 train_acc=0.6649 val_acc=0.8600
    [ft 06/40] loss=0.7903 train_acc=0.6615 val_acc=0.8300
    [ft 07/40] loss=0.8776 train_acc=0.7309 val_acc=0.8800
    [ft 08/40] loss=0.8841 train_acc=0.6910 val_acc=0.9200
    [ft 09/40] loss=0.8470 train_acc=0.6858 val_acc=0.9000
    [ft 10/40] loss=0.8318 train_acc=0.6493 val_acc=0.9200
    [ft 11/40] loss=0.8244 train_acc=0.6580 val_acc=0.9000
    [ft 12/40] loss=0.8187 train_acc=0.6493 val_acc=0.9500
    [ft 13/40] loss=0.7949 train_acc=0.6354 val_acc=0.8800
    [ft 14/40] loss=0.7429 train_acc=0.6146 val_acc=0.9300
    [ft 15/40] loss=0.6837 train_acc=0.7274 val_acc=0.9300
    [ft 16/40] loss=0.7277 train_acc=0.6163 val_acc=0.9300
    [ft 17/40] loss=0.7312 train_acc=0.7969 val_acc=0.9300
    [ft 18/40] loss=0.7056 train_acc=0.7760 val_acc=0.9100
    [ft 19/40] loss=0.7679 train_acc=0.7170 val_acc=0.9300
    [ft 20/40] loss=0.7439 train_acc=0.6163 val_acc=0.9500
    [ft 21/40] loss=0.7118 train_acc=0.6858 val_acc=0.9100
    [ft 22/40] loss=0.7785 train_acc=0.7500 val_acc=0.9300
    [ft 23/40] loss=0.7461 train_acc=0.8247 val_acc=0.9000
    [ft 24/40] loss=0.6736 train_acc=0.8090 val_acc=0.9400
    [ft 25/40] loss=0.6918 train_acc=0.6892 val_acc=0.9300
    [ft 26/40] loss=0.8065 train_acc=0.7222 val_acc=0.9200
    [ft 27/40] loss=0.6931 train_acc=0.7552 val_acc=0.9100
    [ft 28/40] loss=0.7401 train_acc=0.6788 val_acc=0.9400
    [ft 29/40] loss=0.6605 train_acc=0.5590 val_acc=0.9300
    [ft 30/40] loss=0.6656 train_acc=0.6858 val_acc=0.9200
    [ft 31/40] loss=0.7477 train_acc=0.7222 val_acc=0.9200
    [ft 32/40] loss=0.7107 train_acc=0.7882 val_acc=0.9200
    [ft 33/40] loss=0.7127 train_acc=0.6736 val_acc=0.9100
    [ft 34/40] loss=0.7073 train_acc=0.6389 val_acc=0.9200
    [ft 35/40] loss=0.7041 train_acc=0.6059 val_acc=0.9300
    [ft 36/40] loss=0.7120 train_acc=0.7188 val_acc=0.9400
    [ft 37/40] loss=0.7152 train_acc=0.7101 val_acc=0.9400
    [ft 38/40] loss=0.7102 train_acc=0.7483 val_acc=0.9300
    [ft 39/40] loss=0.6349 train_acc=0.7378 val_acc=0.9300
    [ft 40/40] loss=0.6519 train_acc=0.6163 val_acc=0.9300
    final val_acc=0.9300 (best 0.9500 @ epoch 16/44)
    fold 4 accuracy=0.9300 macro_f1=0.9300 (6.4 min)
--- fold 5/5 (train=584 val=100) ---
    [head 01/4] loss=1.4782 train_acc=0.3611 val_acc=0.5100
    [head 02/4] loss=1.2688 train_acc=0.5069 val_acc=0.6100
    [head 03/4] loss=1.2012 train_acc=0.4913 val_acc=0.7500
    [head 04/4] loss=1.1390 train_acc=0.5851 val_acc=0.7200
    [ft 01/40] loss=0.9564 train_acc=0.6198 val_acc=0.7900
    [ft 02/40] loss=0.9591 train_acc=0.5521 val_acc=0.8500
    [ft 03/40] loss=0.9730 train_acc=0.6701 val_acc=0.8400
    [ft 04/40] loss=0.9639 train_acc=0.7326 val_acc=0.8700
    [ft 05/40] loss=0.9005 train_acc=0.6736 val_acc=0.8400
    [ft 06/40] loss=0.8020 train_acc=0.6615 val_acc=0.9200
    [ft 07/40] loss=0.8747 train_acc=0.7326 val_acc=0.8900
    [ft 08/40] loss=0.8773 train_acc=0.7049 val_acc=0.9000
    [ft 09/40] loss=0.8346 train_acc=0.7135 val_acc=0.8800
    [ft 10/40] loss=0.8365 train_acc=0.6632 val_acc=0.8900
    [ft 11/40] loss=0.8080 train_acc=0.6528 val_acc=0.9000
    [ft 12/40] loss=0.8074 train_acc=0.6580 val_acc=0.8900
    [ft 13/40] loss=0.7902 train_acc=0.6354 val_acc=0.9100
    [ft 14/40] loss=0.7619 train_acc=0.6163 val_acc=0.9000
    [ft 15/40] loss=0.6918 train_acc=0.7170 val_acc=0.9100
    [ft 16/40] loss=0.7214 train_acc=0.6372 val_acc=0.9100
    [ft 17/40] loss=0.7447 train_acc=0.7882 val_acc=0.8900
    [ft 18/40] loss=0.7141 train_acc=0.7951 val_acc=0.8900
    [ft 19/40] loss=0.7751 train_acc=0.7153 val_acc=0.9100
    [ft 20/40] loss=0.7584 train_acc=0.5938 val_acc=0.9100
    [ft 21/40] loss=0.7149 train_acc=0.6840 val_acc=0.9000
    [ft 22/40] loss=0.7689 train_acc=0.7413 val_acc=0.9200
    [ft 23/40] loss=0.7361 train_acc=0.8559 val_acc=0.9200
    [ft 24/40] loss=0.6711 train_acc=0.7986 val_acc=0.9200
    [ft 25/40] loss=0.6892 train_acc=0.6806 val_acc=0.9200
    [ft 26/40] loss=0.8148 train_acc=0.7292 val_acc=0.9300
    [ft 27/40] loss=0.6983 train_acc=0.7448 val_acc=0.9100
    [ft 28/40] loss=0.7293 train_acc=0.6632 val_acc=0.9200
    [ft 29/40] loss=0.6673 train_acc=0.5712 val_acc=0.9300
    [ft 30/40] loss=0.6620 train_acc=0.6858 val_acc=0.9300
    [ft 31/40] loss=0.7581 train_acc=0.7170 val_acc=0.9300
    [ft 32/40] loss=0.7038 train_acc=0.7639 val_acc=0.9300
    [ft 33/40] loss=0.7049 train_acc=0.6823 val_acc=0.9300
    [ft 34/40] loss=0.7168 train_acc=0.6215 val_acc=0.9200
    [ft 35/40] loss=0.6893 train_acc=0.6059 val_acc=0.9300
    [ft 36/40] loss=0.7160 train_acc=0.7240 val_acc=0.9300
    [ft 37/40] loss=0.7093 train_acc=0.6788 val_acc=0.9300
    [ft 38/40] loss=0.6883 train_acc=0.7622 val_acc=0.9400
    [ft 39/40] loss=0.6417 train_acc=0.7153 val_acc=0.9400
    [ft 40/40] loss=0.6490 train_acc=0.5955 val_acc=0.9400
    final val_acc=0.9400 (best 0.9400 @ epoch 42/44)
    fold 5 accuracy=0.9300 macro_f1=0.9278 (10.4 min)
=== fix_cnx384m: OOF accuracy=0.9280 macro_f1=0.9277 ===
