=== r2_cnx320p | arch=convnext_tiny.fb_in22k_ft_in1k size=320 folds=5 crop=True device=cuda ===
normalisation mean=[0.485, 0.456, 0.406] std=[0.229, 0.224, 0.225]
--- fold 1/5 (train=695 val=100) ---
    [head 01/4] loss=1.4974 train_acc=0.3482 val_acc=0.5700
    [head 02/4] loss=1.2449 train_acc=0.4420 val_acc=0.6400
    [head 03/4] loss=1.0790 train_acc=0.5774 val_acc=0.7100
    [head 04/4] loss=1.0368 train_acc=0.5997 val_acc=0.7400
    [ft 01/40] loss=0.9274 train_acc=0.6652 val_acc=0.7800
    [ft 02/40] loss=0.9540 train_acc=0.5863 val_acc=0.8800
    [ft 03/40] loss=0.8578 train_acc=0.6533 val_acc=0.8300
    [ft 04/40] loss=0.9325 train_acc=0.6920 val_acc=0.8200
    [ft 05/40] loss=0.8229 train_acc=0.5565 val_acc=0.9000
    [ft 06/40] loss=0.8476 train_acc=0.5967 val_acc=0.8400
    [ft 07/40] loss=0.8368 train_acc=0.8036 val_acc=0.8400
    [ft 08/40] loss=0.8552 train_acc=0.6711 val_acc=0.8800
    [ft 09/40] loss=0.8055 train_acc=0.7664 val_acc=0.8900
    [ft 10/40] loss=0.8462 train_acc=0.6711 val_acc=0.8900
    [ft 11/40] loss=0.8493 train_acc=0.7932 val_acc=0.9000
    [ft 12/40] loss=0.8321 train_acc=0.6473 val_acc=0.8900
    [ft 13/40] loss=0.7620 train_acc=0.7262 val_acc=0.9200
    [ft 14/40] loss=0.7306 train_acc=0.6741 val_acc=0.9100
    [ft 15/40] loss=0.7687 train_acc=0.7619 val_acc=0.9100
    [ft 16/40] loss=0.7934 train_acc=0.6146 val_acc=0.9200
    [ft 17/40] loss=0.6274 train_acc=0.6414 val_acc=0.9200
    [ft 18/40] loss=0.7114 train_acc=0.6815 val_acc=0.9100
    [ft 19/40] loss=0.7993 train_acc=0.5908 val_acc=0.9300
    [ft 20/40] loss=0.7147 train_acc=0.7634 val_acc=0.9000
    [ft 21/40] loss=0.7037 train_acc=0.7560 val_acc=0.9300
    [ft 22/40] loss=0.7623 train_acc=0.7009 val_acc=0.9400
    [ft 23/40] loss=0.6986 train_acc=0.7961 val_acc=0.9500
    [ft 24/40] loss=0.7295 train_acc=0.8527 val_acc=0.9300
    [ft 25/40] loss=0.6724 train_acc=0.8542 val_acc=0.9500
    [ft 26/40] loss=0.7729 train_acc=0.5640 val_acc=0.9400
    [ft 27/40] loss=0.7350 train_acc=0.7545 val_acc=0.9600
    [ft 28/40] loss=0.7678 train_acc=0.7708 val_acc=0.9400
    [ft 29/40] loss=0.6982 train_acc=0.7604 val_acc=0.9400
    [ft 30/40] loss=0.7564 train_acc=0.6324 val_acc=0.9400
    [ft 31/40] loss=0.6853 train_acc=0.7381 val_acc=0.9400
    [ft 32/40] loss=0.7248 train_acc=0.8199 val_acc=0.9400
    [ft 33/40] loss=0.6756 train_acc=0.6205 val_acc=0.9500
    [ft 34/40] loss=0.6477 train_acc=0.6801 val_acc=0.9500
    [ft 35/40] loss=0.6704 train_acc=0.8393 val_acc=0.9600
    [ft 36/40] loss=0.6909 train_acc=0.7872 val_acc=0.9600
    [ft 37/40] loss=0.7438 train_acc=0.6161 val_acc=0.9600
    [ft 38/40] loss=0.6697 train_acc=0.8095 val_acc=0.9600
    [ft 39/40] loss=0.7530 train_acc=0.7470 val_acc=0.9600
    [ft 40/40] loss=0.7095 train_acc=0.8140 val_acc=0.9600
    final val_acc=0.9600 (best 0.9600 @ epoch 31/44)
    fold 1 accuracy=0.9500 macro_f1=0.9502 (4.8 min)
--- fold 2/5 (train=695 val=100) ---
    [head 01/4] loss=1.5099 train_acc=0.3586 val_acc=0.6600
    [head 02/4] loss=1.2583 train_acc=0.4420 val_acc=0.6800
    [head 03/4] loss=1.0880 train_acc=0.5625 val_acc=0.7800
    [head 04/4] loss=1.0524 train_acc=0.5833 val_acc=0.8600
    [ft 01/40] loss=0.9775 train_acc=0.6682 val_acc=0.8900
    [ft 02/40] loss=0.9686 train_acc=0.6027 val_acc=0.8700
    [ft 03/40] loss=0.8538 train_acc=0.6607 val_acc=0.8500
    [ft 04/40] loss=0.9553 train_acc=0.6815 val_acc=0.8700
    [ft 05/40] loss=0.8330 train_acc=0.5714 val_acc=0.8900
    [ft 06/40] loss=0.9017 train_acc=0.5774 val_acc=0.8700
    [ft 07/40] loss=0.8293 train_acc=0.8214 val_acc=0.8900
    [ft 08/40] loss=0.8759 train_acc=0.6562 val_acc=0.9200
    [ft 09/40] loss=0.8203 train_acc=0.7470 val_acc=0.8900
    [ft 10/40] loss=0.8435 train_acc=0.6562 val_acc=0.9200
    [ft 11/40] loss=0.8341 train_acc=0.7932 val_acc=0.9300
    [ft 12/40] loss=0.8101 train_acc=0.6548 val_acc=0.9100
    [ft 13/40] loss=0.7523 train_acc=0.7470 val_acc=0.9500
    [ft 14/40] loss=0.7469 train_acc=0.6577 val_acc=0.8800
    [ft 15/40] loss=0.7946 train_acc=0.7292 val_acc=0.9000
    [ft 16/40] loss=0.8213 train_acc=0.6131 val_acc=0.9500
    [ft 17/40] loss=0.6422 train_acc=0.6369 val_acc=0.9400
    [ft 18/40] loss=0.7127 train_acc=0.6935 val_acc=0.9700
    [ft 19/40] loss=0.8089 train_acc=0.5997 val_acc=0.9600
    [ft 20/40] loss=0.7104 train_acc=0.7827 val_acc=0.9500
    [ft 21/40] loss=0.7149 train_acc=0.7470 val_acc=0.9400
    [ft 22/40] loss=0.7611 train_acc=0.6875 val_acc=0.9000
    [ft 23/40] loss=0.7115 train_acc=0.7857 val_acc=0.9300
    [ft 24/40] loss=0.7463 train_acc=0.8423 val_acc=0.9300
    [ft 25/40] loss=0.6779 train_acc=0.8527 val_acc=0.9500
    [ft 26/40] loss=0.7763 train_acc=0.5595 val_acc=0.9400
    [ft 27/40] loss=0.7383 train_acc=0.7604 val_acc=0.9600
    [ft 28/40] loss=0.7601 train_acc=0.7753 val_acc=0.9500
    [ft 29/40] loss=0.7083 train_acc=0.7589 val_acc=0.9800
    [ft 30/40] loss=0.7522 train_acc=0.6339 val_acc=0.9600
    [ft 31/40] loss=0.6886 train_acc=0.7426 val_acc=0.9500
    [ft 32/40] loss=0.7218 train_acc=0.8080 val_acc=0.9700
    [ft 33/40] loss=0.6856 train_acc=0.6116 val_acc=0.9600
    [ft 34/40] loss=0.6609 train_acc=0.6830 val_acc=0.9600
    [ft 35/40] loss=0.6909 train_acc=0.8304 val_acc=0.9600
    [ft 36/40] loss=0.6956 train_acc=0.7872 val_acc=0.9600
    [ft 37/40] loss=0.7326 train_acc=0.5952 val_acc=0.9500
    [ft 38/40] loss=0.6813 train_acc=0.8065 val_acc=0.9500
    [ft 39/40] loss=0.7559 train_acc=0.7574 val_acc=0.9500
    [ft 40/40] loss=0.7061 train_acc=0.8170 val_acc=0.9500
    final val_acc=0.9500 (best 0.9800 @ epoch 33/44)
    fold 2 accuracy=0.9600 macro_f1=0.9600 (4.6 min)
--- fold 3/5 (train=695 val=100) ---
    [head 01/4] loss=1.5100 train_acc=0.3497 val_acc=0.6800
    [head 02/4] loss=1.2555 train_acc=0.4464 val_acc=0.6800
    [head 03/4] loss=1.0989 train_acc=0.5402 val_acc=0.8100
    [head 04/4] loss=1.0409 train_acc=0.5997 val_acc=0.8700
    [ft 01/40] loss=0.9501 train_acc=0.6860 val_acc=0.8700
    [ft 02/40] loss=0.9634 train_acc=0.6146 val_acc=0.8800
    [ft 03/40] loss=0.8637 train_acc=0.6429 val_acc=0.8600
    [ft 04/40] loss=0.9284 train_acc=0.7113 val_acc=0.8500
    [ft 05/40] loss=0.8280 train_acc=0.5476 val_acc=0.9200
    [ft 06/40] loss=0.8601 train_acc=0.6042 val_acc=0.9000
    [ft 07/40] loss=0.8210 train_acc=0.8155 val_acc=0.8900
    [ft 08/40] loss=0.8885 train_acc=0.6429 val_acc=0.8800
    [ft 09/40] loss=0.8527 train_acc=0.7366 val_acc=0.9200
    [ft 10/40] loss=0.8445 train_acc=0.6548 val_acc=0.9400
    [ft 11/40] loss=0.8446 train_acc=0.7932 val_acc=0.9200
    [ft 12/40] loss=0.8205 train_acc=0.6637 val_acc=0.9400
    [ft 13/40] loss=0.7609 train_acc=0.7113 val_acc=0.9200
    [ft 14/40] loss=0.7471 train_acc=0.6503 val_acc=0.8900
    [ft 15/40] loss=0.7816 train_acc=0.7545 val_acc=0.9500
    [ft 16/40] loss=0.7933 train_acc=0.6414 val_acc=0.9300
    [ft 17/40] loss=0.6321 train_acc=0.6324 val_acc=0.9100
    [ft 18/40] loss=0.7194 train_acc=0.6845 val_acc=0.9200
    [ft 19/40] loss=0.8143 train_acc=0.6027 val_acc=0.9400
    [ft 20/40] loss=0.7164 train_acc=0.7679 val_acc=0.9400
    [ft 21/40] loss=0.6961 train_acc=0.7530 val_acc=0.9200
    [ft 22/40] loss=0.7678 train_acc=0.7128 val_acc=0.9300
    [ft 23/40] loss=0.7016 train_acc=0.8021 val_acc=0.9400
    [ft 24/40] loss=0.7447 train_acc=0.8482 val_acc=0.9000
    [ft 25/40] loss=0.6717 train_acc=0.8497 val_acc=0.9200
    [ft 26/40] loss=0.7697 train_acc=0.5521 val_acc=0.9300
    [ft 27/40] loss=0.7339 train_acc=0.7783 val_acc=0.9300
    [ft 28/40] loss=0.7660 train_acc=0.7679 val_acc=0.9400
    [ft 29/40] loss=0.7030 train_acc=0.7783 val_acc=0.9400
    [ft 30/40] loss=0.7567 train_acc=0.6354 val_acc=0.9500
    [ft 31/40] loss=0.6928 train_acc=0.7455 val_acc=0.9400
    [ft 32/40] loss=0.7214 train_acc=0.8051 val_acc=0.9300
    [ft 33/40] loss=0.6788 train_acc=0.6146 val_acc=0.9400
    [ft 34/40] loss=0.6485 train_acc=0.6786 val_acc=0.9400
    [ft 35/40] loss=0.6826 train_acc=0.8393 val_acc=0.9400
    [ft 36/40] loss=0.6856 train_acc=0.7991 val_acc=0.9400
    [ft 37/40] loss=0.7386 train_acc=0.6146 val_acc=0.9400
    [ft 38/40] loss=0.6759 train_acc=0.8125 val_acc=0.9400
    [ft 39/40] loss=0.7637 train_acc=0.7440 val_acc=0.9400
    [ft 40/40] loss=0.7078 train_acc=0.8140 val_acc=0.9400
    final val_acc=0.9400 (best 0.9500 @ epoch 19/44)
    fold 3 accuracy=0.9500 macro_f1=0.9500 (4.6 min)
--- fold 4/5 (train=695 val=100) ---
    [head 01/4] loss=1.5040 train_acc=0.3318 val_acc=0.5300
    [head 02/4] loss=1.2420 train_acc=0.4390 val_acc=0.6300
    [head 03/4] loss=1.0782 train_acc=0.5565 val_acc=0.7400
    [head 04/4] loss=1.0560 train_acc=0.5923 val_acc=0.7500
    [ft 01/40] loss=0.9388 train_acc=0.6682 val_acc=0.7900
    [ft 02/40] loss=0.9525 train_acc=0.5952 val_acc=0.8500
    [ft 03/40] loss=0.8607 train_acc=0.6592 val_acc=0.8600
    [ft 04/40] loss=0.9567 train_acc=0.6830 val_acc=0.8700
    [ft 05/40] loss=0.8433 train_acc=0.5595 val_acc=0.9000
    [ft 06/40] loss=0.8804 train_acc=0.6086 val_acc=0.8600
    [ft 07/40] loss=0.8488 train_acc=0.8080 val_acc=0.8900
    [ft 08/40] loss=0.8473 train_acc=0.6711 val_acc=0.8900
    [ft 09/40] loss=0.8146 train_acc=0.7455 val_acc=0.9200
    [ft 10/40] loss=0.8500 train_acc=0.6786 val_acc=0.8800
    [ft 11/40] loss=0.8565 train_acc=0.7872 val_acc=0.9100
    [ft 12/40] loss=0.8184 train_acc=0.6533 val_acc=0.9100
    [ft 13/40] loss=0.7630 train_acc=0.7440 val_acc=0.9300
    [ft 14/40] loss=0.7437 train_acc=0.6667 val_acc=0.9300
    [ft 15/40] loss=0.7809 train_acc=0.7589 val_acc=0.9200
    [ft 16/40] loss=0.8026 train_acc=0.6310 val_acc=0.9300
    [ft 17/40] loss=0.6469 train_acc=0.6354 val_acc=0.9400
    [ft 18/40] loss=0.7426 train_acc=0.6815 val_acc=0.9200
    [ft 19/40] loss=0.8299 train_acc=0.5938 val_acc=0.9200
    [ft 20/40] loss=0.7055 train_acc=0.7619 val_acc=0.9100
    [ft 21/40] loss=0.7062 train_acc=0.7589 val_acc=0.9200
    [ft 22/40] loss=0.7775 train_acc=0.7054 val_acc=0.9200
    [ft 23/40] loss=0.7117 train_acc=0.7961 val_acc=0.9300
    [ft 24/40] loss=0.7555 train_acc=0.8542 val_acc=0.9300
    [ft 25/40] loss=0.6852 train_acc=0.8527 val_acc=0.9500
    [ft 26/40] loss=0.7623 train_acc=0.5640 val_acc=0.9400
    [ft 27/40] loss=0.7403 train_acc=0.7634 val_acc=0.9400
    [ft 28/40] loss=0.7712 train_acc=0.7634 val_acc=0.9500
    [ft 29/40] loss=0.7066 train_acc=0.7679 val_acc=0.9400
    [ft 30/40] loss=0.7643 train_acc=0.6429 val_acc=0.9300
    [ft 31/40] loss=0.6919 train_acc=0.7411 val_acc=0.9300
    [ft 32/40] loss=0.7247 train_acc=0.7917 val_acc=0.9300
    [ft 33/40] loss=0.6738 train_acc=0.6399 val_acc=0.9300
    [ft 34/40] loss=0.6596 train_acc=0.6696 val_acc=0.9300
    [ft 35/40] loss=0.6802 train_acc=0.8438 val_acc=0.9400
    [ft 36/40] loss=0.6895 train_acc=0.7976 val_acc=0.9400
    [ft 37/40] loss=0.7357 train_acc=0.6086 val_acc=0.9400
    [ft 38/40] loss=0.6837 train_acc=0.8110 val_acc=0.9400
    [ft 39/40] loss=0.7618 train_acc=0.7664 val_acc=0.9400
    [ft 40/40] loss=0.7149 train_acc=0.8080 val_acc=0.9400
    final val_acc=0.9400 (best 0.9500 @ epoch 29/44)
    fold 4 accuracy=0.9400 macro_f1=0.9407 (4.6 min)
--- fold 5/5 (train=695 val=100) ---
    [head 01/4] loss=1.5015 train_acc=0.3318 val_acc=0.5200
    [head 02/4] loss=1.2564 train_acc=0.4196 val_acc=0.6100
    [head 03/4] loss=1.0772 train_acc=0.5804 val_acc=0.7600
    [head 04/4] loss=1.0338 train_acc=0.5938 val_acc=0.8100
    [ft 01/40] loss=0.9550 train_acc=0.6696 val_acc=0.7700
    [ft 02/40] loss=0.9423 train_acc=0.6176 val_acc=0.8000
    [ft 03/40] loss=0.8518 train_acc=0.6696 val_acc=0.8400
    [ft 04/40] loss=0.9487 train_acc=0.6756 val_acc=0.8300
    [ft 05/40] loss=0.8082 train_acc=0.5848 val_acc=0.8700
    [ft 06/40] loss=0.8984 train_acc=0.5967 val_acc=0.8500
    [ft 07/40] loss=0.8354 train_acc=0.8006 val_acc=0.8700
    [ft 08/40] loss=0.8482 train_acc=0.6830 val_acc=0.8500
    [ft 09/40] loss=0.8113 train_acc=0.7515 val_acc=0.8600
    [ft 10/40] loss=0.8623 train_acc=0.6562 val_acc=0.9300
    [ft 11/40] loss=0.8443 train_acc=0.7946 val_acc=0.9000
    [ft 12/40] loss=0.8064 train_acc=0.6637 val_acc=0.8900
    [ft 13/40] loss=0.7443 train_acc=0.7530 val_acc=0.8900
    [ft 14/40] loss=0.7456 train_acc=0.6503 val_acc=0.9000
    [ft 15/40] loss=0.7681 train_acc=0.7738 val_acc=0.8900
    [ft 16/40] loss=0.8314 train_acc=0.5982 val_acc=0.9000
    [ft 17/40] loss=0.6332 train_acc=0.6429 val_acc=0.9100
    [ft 18/40] loss=0.7205 train_acc=0.6815 val_acc=0.8900
    [ft 19/40] loss=0.8237 train_acc=0.5893 val_acc=0.8900
    [ft 20/40] loss=0.7304 train_acc=0.7708 val_acc=0.8700
    [ft 21/40] loss=0.7002 train_acc=0.7664 val_acc=0.9100
    [ft 22/40] loss=0.7658 train_acc=0.7158 val_acc=0.8600
    [ft 23/40] loss=0.7000 train_acc=0.8006 val_acc=0.8900
    [ft 24/40] loss=0.7427 train_acc=0.8348 val_acc=0.9100
    [ft 25/40] loss=0.6733 train_acc=0.8616 val_acc=0.9100
    [ft 26/40] loss=0.7582 train_acc=0.5551 val_acc=0.9100
    [ft 27/40] loss=0.7304 train_acc=0.7708 val_acc=0.9000
    [ft 28/40] loss=0.7609 train_acc=0.7708 val_acc=0.9100
    [ft 29/40] loss=0.7023 train_acc=0.7723 val_acc=0.9100
    [ft 30/40] loss=0.7531 train_acc=0.6235 val_acc=0.9300
    [ft 31/40] loss=0.6897 train_acc=0.7277 val_acc=0.9300
    [ft 32/40] loss=0.7223 train_acc=0.8170 val_acc=0.8900
    [ft 33/40] loss=0.6734 train_acc=0.6220 val_acc=0.9100
    [ft 34/40] loss=0.6570 train_acc=0.6815 val_acc=0.8900
    [ft 35/40] loss=0.6753 train_acc=0.8438 val_acc=0.9200
    [ft 36/40] loss=0.6914 train_acc=0.7917 val_acc=0.9200
    [ft 37/40] loss=0.7342 train_acc=0.6071 val_acc=0.9200
    [ft 38/40] loss=0.6780 train_acc=0.8021 val_acc=0.9200
    [ft 39/40] loss=0.7564 train_acc=0.7515 val_acc=0.9200
    [ft 40/40] loss=0.7096 train_acc=0.8229 val_acc=0.9200
    final val_acc=0.9200 (best 0.9300 @ epoch 14/44)
    fold 5 accuracy=0.9300 macro_f1=0.9289 (4.6 min)
=== r2_cnx320p: OOF accuracy=0.9460 macro_f1=0.9461 ===
