=== fix_b0_288 | arch=efficientnet_b0 size=288 folds=5 crop=True device=cuda ===
normalisation mean=[0.3307, 0.2843, 0.2174] std=[0.113, 0.1155, 0.1245]
--- fold 1/5 (train=400 val=100) ---
    [head 01/4] loss=1.5564 train_acc=0.3073 val_acc=0.4800
    [head 02/4] loss=1.4086 train_acc=0.4479 val_acc=0.4600
    [head 03/4] loss=1.3057 train_acc=0.5078 val_acc=0.5600
    [head 04/4] loss=1.2582 train_acc=0.5625 val_acc=0.6100
    [ft 01/46] loss=1.1965 train_acc=0.5938 val_acc=0.6700
    [ft 02/46] loss=1.1187 train_acc=0.6484 val_acc=0.6500
    [ft 03/46] loss=0.9885 train_acc=0.7266 val_acc=0.7400
    [ft 04/46] loss=0.8339 train_acc=0.8047 val_acc=0.7700
    [ft 05/46] loss=0.6696 train_acc=0.8333 val_acc=0.7800
    [ft 06/46] loss=0.5832 train_acc=0.8672 val_acc=0.8100
    [ft 07/46] loss=0.5148 train_acc=0.8698 val_acc=0.8200
    [ft 08/46] loss=0.4733 train_acc=0.9089 val_acc=0.8400
    [ft 09/46] loss=0.4760 train_acc=0.8906 val_acc=0.8600
    [ft 10/46] loss=0.4417 train_acc=0.9167 val_acc=0.8500
    [ft 11/46] loss=0.4251 train_acc=0.9245 val_acc=0.8900
    [ft 12/46] loss=0.4074 train_acc=0.9219 val_acc=0.8700
    [ft 13/46] loss=0.4035 train_acc=0.9297 val_acc=0.8600
    [ft 14/46] loss=0.4011 train_acc=0.9349 val_acc=0.8600
    [ft 15/46] loss=0.3872 train_acc=0.9375 val_acc=0.8300
    [ft 16/46] loss=0.3948 train_acc=0.9479 val_acc=0.8600
    [ft 17/46] loss=0.3439 train_acc=0.9583 val_acc=0.8300
    [ft 18/46] loss=0.3362 train_acc=0.9635 val_acc=0.8200
    [ft 19/46] loss=0.3506 train_acc=0.9583 val_acc=0.9000
    [ft 20/46] loss=0.3171 train_acc=0.9661 val_acc=0.8700
    [ft 21/46] loss=0.3253 train_acc=0.9635 val_acc=0.8800
    [ft 22/46] loss=0.3054 train_acc=0.9740 val_acc=0.9000
    [ft 23/46] loss=0.2915 train_acc=0.9870 val_acc=0.8900
    [ft 24/46] loss=0.3113 train_acc=0.9766 val_acc=0.9100
    [ft 25/46] loss=0.3053 train_acc=0.9583 val_acc=0.8800
    [ft 26/46] loss=0.3019 train_acc=0.9792 val_acc=0.8800
    [ft 27/46] loss=0.3049 train_acc=0.9714 val_acc=0.9000
    [ft 28/46] loss=0.2850 train_acc=0.9870 val_acc=0.8900
    [ft 29/46] loss=0.3025 train_acc=0.9818 val_acc=0.9000
    [ft 30/46] loss=0.2777 train_acc=0.9896 val_acc=0.9000
    [ft 31/46] loss=0.2863 train_acc=0.9896 val_acc=0.8900
    [ft 32/46] loss=0.2886 train_acc=0.9792 val_acc=0.9100
    [ft 33/46] loss=0.2945 train_acc=0.9740 val_acc=0.9000
    [ft 34/46] loss=0.2594 train_acc=1.0000 val_acc=0.9000
    [ft 35/46] loss=0.2925 train_acc=0.9870 val_acc=0.9000
    [ft 36/46] loss=0.2757 train_acc=0.9818 val_acc=0.9000
    [ft 37/46] loss=0.2927 train_acc=0.9870 val_acc=0.8800
    [ft 38/46] loss=0.2790 train_acc=0.9870 val_acc=0.9000
    [ft 39/46] loss=0.2826 train_acc=0.9792 val_acc=0.9100
    [ft 40/46] loss=0.2759 train_acc=0.9948 val_acc=0.9100
    [ft 41/46] loss=0.2802 train_acc=0.9948 val_acc=0.9300
    [ft 42/46] loss=0.2762 train_acc=0.9896 val_acc=0.9200
    [ft 43/46] loss=0.2787 train_acc=0.9870 val_acc=0.9200
    [ft 44/46] loss=0.2745 train_acc=0.9922 val_acc=0.9300
    [ft 45/46] loss=0.2672 train_acc=0.9948 val_acc=0.9200
    [ft 46/46] loss=0.2817 train_acc=0.9896 val_acc=0.9300
    final val_acc=0.9300 (best 0.9300 @ epoch 45/50)
    fold 1 accuracy=0.9200 macro_f1=0.9215 (2.3 min)
--- fold 2/5 (train=400 val=100) ---
    [head 01/4] loss=1.5579 train_acc=0.3203 val_acc=0.4300
    [head 02/4] loss=1.4082 train_acc=0.4661 val_acc=0.4800
    [head 03/4] loss=1.3234 train_acc=0.4948 val_acc=0.5100
    [head 04/4] loss=1.2683 train_acc=0.5417 val_acc=0.5300
    [ft 01/46] loss=1.2021 train_acc=0.6302 val_acc=0.5900
    [ft 02/46] loss=1.1117 train_acc=0.7005 val_acc=0.6300
    [ft 03/46] loss=1.0457 train_acc=0.6823 val_acc=0.6900
    [ft 04/46] loss=0.8762 train_acc=0.7630 val_acc=0.7700
    [ft 05/46] loss=0.6982 train_acc=0.8516 val_acc=0.8200
    [ft 06/46] loss=0.6085 train_acc=0.8698 val_acc=0.8400
    [ft 07/46] loss=0.5329 train_acc=0.8672 val_acc=0.8600
    [ft 08/46] loss=0.4803 train_acc=0.9089 val_acc=0.8400
    [ft 09/46] loss=0.4653 train_acc=0.8906 val_acc=0.8400
    [ft 10/46] loss=0.4452 train_acc=0.9167 val_acc=0.8700
    [ft 11/46] loss=0.4444 train_acc=0.9115 val_acc=0.8700
    [ft 12/46] loss=0.4088 train_acc=0.9245 val_acc=0.9100
    [ft 13/46] loss=0.4028 train_acc=0.9271 val_acc=0.8700
    [ft 14/46] loss=0.4020 train_acc=0.9271 val_acc=0.8700
    [ft 15/46] loss=0.3473 train_acc=0.9609 val_acc=0.9000
    [ft 16/46] loss=0.3879 train_acc=0.9349 val_acc=0.8700
    [ft 17/46] loss=0.3487 train_acc=0.9427 val_acc=0.8900
    [ft 18/46] loss=0.3555 train_acc=0.9531 val_acc=0.8700
    [ft 19/46] loss=0.3620 train_acc=0.9375 val_acc=0.8600
    [ft 20/46] loss=0.3244 train_acc=0.9635 val_acc=0.9200
    [ft 21/46] loss=0.3346 train_acc=0.9453 val_acc=0.9100
    [ft 22/46] loss=0.3281 train_acc=0.9557 val_acc=0.9200
    [ft 23/46] loss=0.3125 train_acc=0.9792 val_acc=0.9100
    [ft 24/46] loss=0.3073 train_acc=0.9792 val_acc=0.9200
    [ft 25/46] loss=0.3001 train_acc=0.9818 val_acc=0.9200
    [ft 26/46] loss=0.2936 train_acc=0.9818 val_acc=0.8900
    [ft 27/46] loss=0.3238 train_acc=0.9661 val_acc=0.9300
    [ft 28/46] loss=0.2981 train_acc=0.9740 val_acc=0.9200
    [ft 29/46] loss=0.3099 train_acc=0.9766 val_acc=0.9300
    [ft 30/46] loss=0.2891 train_acc=0.9844 val_acc=0.9100
    [ft 31/46] loss=0.2938 train_acc=0.9844 val_acc=0.9100
    [ft 32/46] loss=0.2971 train_acc=0.9661 val_acc=0.9100
    [ft 33/46] loss=0.2802 train_acc=0.9844 val_acc=0.9400
    [ft 34/46] loss=0.2906 train_acc=0.9740 val_acc=0.9400
    [ft 35/46] loss=0.3120 train_acc=0.9766 val_acc=0.9200
    [ft 36/46] loss=0.2870 train_acc=0.9766 val_acc=0.9300
    [ft 37/46] loss=0.3031 train_acc=0.9714 val_acc=0.9300
    [ft 38/46] loss=0.2904 train_acc=0.9818 val_acc=0.9200
    [ft 39/46] loss=0.2838 train_acc=0.9844 val_acc=0.9200
    [ft 40/46] loss=0.2940 train_acc=0.9818 val_acc=0.9300
    [ft 41/46] loss=0.2857 train_acc=0.9870 val_acc=0.9300
    [ft 42/46] loss=0.2754 train_acc=0.9896 val_acc=0.9300
    [ft 43/46] loss=0.2898 train_acc=0.9740 val_acc=0.9200
    [ft 44/46] loss=0.2756 train_acc=0.9922 val_acc=0.9200
    [ft 45/46] loss=0.2831 train_acc=0.9870 val_acc=0.9200
    [ft 46/46] loss=0.2741 train_acc=0.9948 val_acc=0.9300
    final val_acc=0.9300 (best 0.9400 @ epoch 37/50)
    fold 2 accuracy=0.9200 macro_f1=0.9186 (2.2 min)
--- fold 3/5 (train=400 val=100) ---
    [head 01/4] loss=1.5698 train_acc=0.2995 val_acc=0.5200
    [head 02/4] loss=1.4192 train_acc=0.4427 val_acc=0.4800
    [head 03/4] loss=1.3323 train_acc=0.4974 val_acc=0.5300
    [head 04/4] loss=1.2736 train_acc=0.5339 val_acc=0.5800
    [ft 01/46] loss=1.2140 train_acc=0.5677 val_acc=0.5900
    [ft 02/46] loss=1.1514 train_acc=0.6198 val_acc=0.6900
    [ft 03/46] loss=1.0393 train_acc=0.6927 val_acc=0.7200
    [ft 04/46] loss=0.8777 train_acc=0.7682 val_acc=0.8200
    [ft 05/46] loss=0.7292 train_acc=0.8307 val_acc=0.8400
    [ft 06/46] loss=0.6052 train_acc=0.8438 val_acc=0.8700
    [ft 07/46] loss=0.5387 train_acc=0.8802 val_acc=0.9000
    [ft 08/46] loss=0.5030 train_acc=0.8828 val_acc=0.8900
    [ft 09/46] loss=0.5319 train_acc=0.8672 val_acc=0.9100
    [ft 10/46] loss=0.4659 train_acc=0.9036 val_acc=0.9600
    [ft 11/46] loss=0.4258 train_acc=0.9297 val_acc=0.9500
    [ft 12/46] loss=0.4156 train_acc=0.9271 val_acc=0.9400
    [ft 13/46] loss=0.4006 train_acc=0.9375 val_acc=0.9500
    [ft 14/46] loss=0.3985 train_acc=0.9323 val_acc=0.9100
    [ft 15/46] loss=0.3860 train_acc=0.9375 val_acc=0.9100
    [ft 16/46] loss=0.3921 train_acc=0.9609 val_acc=0.9400
    [ft 17/46] loss=0.3444 train_acc=0.9609 val_acc=0.9200
    [ft 18/46] loss=0.3705 train_acc=0.9453 val_acc=0.9100
    [ft 19/46] loss=0.3396 train_acc=0.9661 val_acc=0.9400
    [ft 20/46] loss=0.3281 train_acc=0.9635 val_acc=0.9600
    [ft 21/46] loss=0.3244 train_acc=0.9557 val_acc=0.9500
    [ft 22/46] loss=0.3389 train_acc=0.9531 val_acc=0.9500
    [ft 23/46] loss=0.3063 train_acc=0.9818 val_acc=0.9500
    [ft 24/46] loss=0.3325 train_acc=0.9635 val_acc=0.9500
    [ft 25/46] loss=0.3106 train_acc=0.9740 val_acc=0.9200
    [ft 26/46] loss=0.2893 train_acc=0.9844 val_acc=0.9300
    [ft 27/46] loss=0.2946 train_acc=0.9792 val_acc=0.9400
    [ft 28/46] loss=0.3010 train_acc=0.9688 val_acc=0.9300
    [ft 29/46] loss=0.3157 train_acc=0.9609 val_acc=0.9300
    [ft 30/46] loss=0.2924 train_acc=0.9870 val_acc=0.9300
    [ft 31/46] loss=0.2777 train_acc=0.9896 val_acc=0.9100
    [ft 32/46] loss=0.2943 train_acc=0.9740 val_acc=0.9200
    [ft 33/46] loss=0.2919 train_acc=0.9740 val_acc=0.9300
    [ft 34/46] loss=0.2840 train_acc=0.9896 val_acc=0.9500
    [ft 35/46] loss=0.2920 train_acc=0.9792 val_acc=0.9500
    [ft 36/46] loss=0.2744 train_acc=0.9922 val_acc=0.9500
    [ft 37/46] loss=0.2946 train_acc=0.9766 val_acc=0.9500
    [ft 38/46] loss=0.2797 train_acc=0.9844 val_acc=0.9500
    [ft 39/46] loss=0.2867 train_acc=0.9870 val_acc=0.9500
    [ft 40/46] loss=0.2704 train_acc=0.9974 val_acc=0.9400
    [ft 41/46] loss=0.2864 train_acc=0.9714 val_acc=0.9500
    [ft 42/46] loss=0.2967 train_acc=0.9792 val_acc=0.9500
    [ft 43/46] loss=0.2787 train_acc=0.9844 val_acc=0.9500
    [ft 44/46] loss=0.2821 train_acc=0.9870 val_acc=0.9500
    [ft 45/46] loss=0.2887 train_acc=0.9766 val_acc=0.9400
    [ft 46/46] loss=0.2972 train_acc=0.9714 val_acc=0.9500
    final val_acc=0.9500 (best 0.9600 @ epoch 14/50)
    fold 3 accuracy=0.9400 macro_f1=0.9398 (2.2 min)
--- fold 4/5 (train=400 val=100) ---
    [head 01/4] loss=1.5692 train_acc=0.3047 val_acc=0.5700
    [head 02/4] loss=1.4007 train_acc=0.4375 val_acc=0.5300
    [head 03/4] loss=1.3112 train_acc=0.5156 val_acc=0.5900
    [head 04/4] loss=1.2657 train_acc=0.5547 val_acc=0.6900
    [ft 01/46] loss=1.2050 train_acc=0.6302 val_acc=0.6700
    [ft 02/46] loss=1.1249 train_acc=0.6432 val_acc=0.7100
    [ft 03/46] loss=1.0091 train_acc=0.7240 val_acc=0.7300
    [ft 04/46] loss=0.8648 train_acc=0.8073 val_acc=0.8000
    [ft 05/46] loss=0.7121 train_acc=0.8255 val_acc=0.8200
    [ft 06/46] loss=0.6287 train_acc=0.8047 val_acc=0.8500
    [ft 07/46] loss=0.5605 train_acc=0.8672 val_acc=0.8700
    [ft 08/46] loss=0.4670 train_acc=0.9036 val_acc=0.8800
    [ft 09/46] loss=0.4993 train_acc=0.8880 val_acc=0.8600
    [ft 10/46] loss=0.4639 train_acc=0.8984 val_acc=0.8900
    [ft 11/46] loss=0.4551 train_acc=0.8906 val_acc=0.9200
    [ft 12/46] loss=0.4016 train_acc=0.9323 val_acc=0.9200
    [ft 13/46] loss=0.4326 train_acc=0.9193 val_acc=0.9200
    [ft 14/46] loss=0.3939 train_acc=0.9453 val_acc=0.9100
    [ft 15/46] loss=0.3751 train_acc=0.9323 val_acc=0.9100
    [ft 16/46] loss=0.3881 train_acc=0.9297 val_acc=0.9000
    [ft 17/46] loss=0.3768 train_acc=0.9375 val_acc=0.9000
    [ft 18/46] loss=0.3479 train_acc=0.9557 val_acc=0.9100
    [ft 19/46] loss=0.3574 train_acc=0.9531 val_acc=0.9100
    [ft 20/46] loss=0.3303 train_acc=0.9583 val_acc=0.9000
    [ft 21/46] loss=0.3136 train_acc=0.9714 val_acc=0.9200
    [ft 22/46] loss=0.3326 train_acc=0.9740 val_acc=0.9100
    [ft 23/46] loss=0.3064 train_acc=0.9766 val_acc=0.9100
    [ft 24/46] loss=0.3394 train_acc=0.9792 val_acc=0.9000
    [ft 25/46] loss=0.2958 train_acc=0.9792 val_acc=0.9000
    [ft 26/46] loss=0.3272 train_acc=0.9766 val_acc=0.8900
    [ft 27/46] loss=0.2918 train_acc=0.9896 val_acc=0.9200
    [ft 28/46] loss=0.2943 train_acc=0.9714 val_acc=0.9000
    [ft 29/46] loss=0.2959 train_acc=0.9792 val_acc=0.9100
    [ft 30/46] loss=0.2904 train_acc=0.9870 val_acc=0.8900
    [ft 31/46] loss=0.2872 train_acc=0.9844 val_acc=0.8800
    [ft 32/46] loss=0.3152 train_acc=0.9740 val_acc=0.9000
    [ft 33/46] loss=0.2894 train_acc=0.9818 val_acc=0.9000
    [ft 34/46] loss=0.2821 train_acc=0.9766 val_acc=0.9100
    [ft 35/46] loss=0.2991 train_acc=0.9792 val_acc=0.9000
    [ft 36/46] loss=0.2864 train_acc=0.9818 val_acc=0.9000
    [ft 37/46] loss=0.2865 train_acc=0.9870 val_acc=0.8900
    [ft 38/46] loss=0.2857 train_acc=0.9766 val_acc=0.8900
    [ft 39/46] loss=0.2780 train_acc=0.9896 val_acc=0.9000
    [ft 40/46] loss=0.2762 train_acc=0.9870 val_acc=0.8900
    [ft 41/46] loss=0.2843 train_acc=0.9844 val_acc=0.9000
    [ft 42/46] loss=0.2720 train_acc=0.9922 val_acc=0.8900
    [ft 43/46] loss=0.2793 train_acc=0.9844 val_acc=0.8900
    [ft 44/46] loss=0.2717 train_acc=0.9948 val_acc=0.8900
    [ft 45/46] loss=0.2820 train_acc=0.9922 val_acc=0.8900
    [ft 46/46] loss=0.2683 train_acc=0.9948 val_acc=0.9000
    final val_acc=0.9000 (best 0.9200 @ epoch 15/50)
    fold 4 accuracy=0.9000 macro_f1=0.9016 (2.2 min)
--- fold 5/5 (train=400 val=100) ---
    [head 01/4] loss=1.5374 train_acc=0.2865 val_acc=0.4400
    [head 02/4] loss=1.3985 train_acc=0.4609 val_acc=0.4100
    [head 03/4] loss=1.3035 train_acc=0.4974 val_acc=0.4900
    [head 04/4] loss=1.2424 train_acc=0.5599 val_acc=0.5200
    [ft 01/46] loss=1.2014 train_acc=0.5859 val_acc=0.5100
    [ft 02/46] loss=1.1175 train_acc=0.6510 val_acc=0.5800
    [ft 03/46] loss=1.0044 train_acc=0.6823 val_acc=0.6600
    [ft 04/46] loss=0.8639 train_acc=0.7708 val_acc=0.8600
    [ft 05/46] loss=0.7276 train_acc=0.8203 val_acc=0.9100
    [ft 06/46] loss=0.5946 train_acc=0.8464 val_acc=0.9200
    [ft 07/46] loss=0.5597 train_acc=0.8594 val_acc=0.9000
    [ft 08/46] loss=0.5048 train_acc=0.8750 val_acc=0.9200
    [ft 09/46] loss=0.4858 train_acc=0.8906 val_acc=0.9200
    [ft 10/46] loss=0.4641 train_acc=0.9036 val_acc=0.9100
    [ft 11/46] loss=0.4397 train_acc=0.9141 val_acc=0.9200
    [ft 12/46] loss=0.4166 train_acc=0.9245 val_acc=0.9300
    [ft 13/46] loss=0.4122 train_acc=0.9323 val_acc=0.9400
    [ft 14/46] loss=0.4020 train_acc=0.9349 val_acc=0.9200
    [ft 15/46] loss=0.3765 train_acc=0.9557 val_acc=0.9200
    [ft 16/46] loss=0.3857 train_acc=0.9375 val_acc=0.9200
    [ft 17/46] loss=0.3656 train_acc=0.9531 val_acc=0.9200
    [ft 18/46] loss=0.3766 train_acc=0.9453 val_acc=0.8900
    [ft 19/46] loss=0.3654 train_acc=0.9557 val_acc=0.9000
    [ft 20/46] loss=0.3519 train_acc=0.9505 val_acc=0.9100
    [ft 21/46] loss=0.3420 train_acc=0.9688 val_acc=0.9100
    [ft 22/46] loss=0.3207 train_acc=0.9714 val_acc=0.9100
    [ft 23/46] loss=0.3053 train_acc=0.9818 val_acc=0.9400
    [ft 24/46] loss=0.3078 train_acc=0.9792 val_acc=0.9300
    [ft 25/46] loss=0.3083 train_acc=0.9844 val_acc=0.9200
    [ft 26/46] loss=0.3009 train_acc=0.9844 val_acc=0.9400
    [ft 27/46] loss=0.3126 train_acc=0.9792 val_acc=0.9300
    [ft 28/46] loss=0.3007 train_acc=0.9740 val_acc=0.9200
    [ft 29/46] loss=0.2797 train_acc=0.9896 val_acc=0.9300
    [ft 30/46] loss=0.2840 train_acc=0.9922 val_acc=0.9300
    [ft 31/46] loss=0.3022 train_acc=0.9688 val_acc=0.9200
    [ft 32/46] loss=0.2861 train_acc=0.9844 val_acc=0.9200
    [ft 33/46] loss=0.2760 train_acc=0.9922 val_acc=0.9300
    [ft 34/46] loss=0.2936 train_acc=0.9870 val_acc=0.9300
    [ft 35/46] loss=0.2888 train_acc=0.9896 val_acc=0.9300
    [ft 36/46] loss=0.2693 train_acc=0.9922 val_acc=0.9400
    [ft 37/46] loss=0.2911 train_acc=0.9792 val_acc=0.9400
    [ft 38/46] loss=0.2744 train_acc=0.9948 val_acc=0.9400
    [ft 39/46] loss=0.2895 train_acc=0.9792 val_acc=0.9300
    [ft 40/46] loss=0.2921 train_acc=0.9766 val_acc=0.9400
    [ft 41/46] loss=0.2811 train_acc=0.9870 val_acc=0.9200
    [ft 42/46] loss=0.2839 train_acc=0.9818 val_acc=0.9200
    [ft 43/46] loss=0.2971 train_acc=0.9714 val_acc=0.9300
    [ft 44/46] loss=0.2726 train_acc=0.9922 val_acc=0.9100
    [ft 45/46] loss=0.2790 train_acc=0.9922 val_acc=0.9200
    [ft 46/46] loss=0.2823 train_acc=0.9922 val_acc=0.9200
    final val_acc=0.9200 (best 0.9400 @ epoch 17/50)
    fold 5 accuracy=0.9300 macro_f1=0.9258 (2.3 min)
=== fix_b0_288: OOF accuracy=0.9220 macro_f1=0.9222 ===
