=== rn50_320m | arch=resnet50.a1_in1k size=320 folds=5 crop=True device=cuda ===
normalisation mean=[0.485, 0.456, 0.406] std=[0.229, 0.224, 0.225]
--- fold 1/5 (train=584 val=100) ---
=== rn50_320m | arch=resnet50.a1_in1k size=320 folds=5 crop=True device=cuda ===
normalisation mean=[0.485, 0.456, 0.406] std=[0.229, 0.224, 0.225]
--- fold 1/5 (train=584 val=100) ---
    [head 01/4] loss=1.5841 train_acc=0.2604 val_acc=0.3200
    [head 02/4] loss=1.5473 train_acc=0.3090 val_acc=0.3600
    [head 03/4] loss=1.4974 train_acc=0.3073 val_acc=0.4700
    [head 04/4] loss=1.4724 train_acc=0.3576 val_acc=0.4300
    [ft 01/40] loss=1.4699 train_acc=0.3681 val_acc=0.4600
    [ft 02/40] loss=1.4190 train_acc=0.3559 val_acc=0.4500
    [ft 03/40] loss=1.4206 train_acc=0.4306 val_acc=0.4900
    [ft 04/40] loss=1.3173 train_acc=0.4601 val_acc=0.5800
    [ft 05/40] loss=1.2497 train_acc=0.5816 val_acc=0.6400
    [head 01/4] loss=1.5841 train_acc=0.2604 val_acc=0.3200
    [head 02/4] loss=1.5473 train_acc=0.3090 val_acc=0.3600
    [ft 06/40] loss=1.0225 train_acc=0.4809 val_acc=0.7200
    [head 03/4] loss=1.4974 train_acc=0.3073 val_acc=0.4700
    [head 04/4] loss=1.4724 train_acc=0.3576 val_acc=0.4300
    [ft 07/40] loss=1.0644 train_acc=0.6042 val_acc=0.7600
    [ft 01/40] loss=1.4699 train_acc=0.3681 val_acc=0.4600
    [ft 08/40] loss=0.9968 train_acc=0.6319 val_acc=0.8000
    [ft 09/40] loss=0.9101 train_acc=0.6493 val_acc=0.8000
    [ft 02/40] loss=1.4190 train_acc=0.3559 val_acc=0.4500
    [ft 03/40] loss=1.4206 train_acc=0.4306 val_acc=0.4900
    [ft 10/40] loss=0.9966 train_acc=0.6128 val_acc=0.8000
    [ft 11/40] loss=0.9171 train_acc=0.6875 val_acc=0.8200
    [ft 04/40] loss=1.3173 train_acc=0.4601 val_acc=0.5800
    [ft 05/40] loss=1.2497 train_acc=0.5816 val_acc=0.6400
    [ft 12/40] loss=0.9667 train_acc=0.6753 val_acc=0.8000
    [ft 13/40] loss=0.9383 train_acc=0.6285 val_acc=0.8200
    [ft 06/40] loss=1.0225 train_acc=0.4809 val_acc=0.7200
    [ft 14/40] loss=0.9734 train_acc=0.6649 val_acc=0.8100
    [ft 07/40] loss=1.0644 train_acc=0.6042 val_acc=0.7600
    [ft 15/40] loss=0.9382 train_acc=0.5990 val_acc=0.8600
    [ft 08/40] loss=0.9968 train_acc=0.6319 val_acc=0.8000
    [ft 16/40] loss=0.8635 train_acc=0.7066 val_acc=0.8300
    [ft 09/40] loss=0.9101 train_acc=0.6493 val_acc=0.8000
    [ft 10/40] loss=0.9966 train_acc=0.6128 val_acc=0.8000
    [ft 17/40] loss=0.8602 train_acc=0.6007 val_acc=0.8200
    [ft 18/40] loss=0.9142 train_acc=0.6823 val_acc=0.8500
    [ft 11/40] loss=0.9171 train_acc=0.6875 val_acc=0.8200
    [ft 19/40] loss=0.9099 train_acc=0.6198 val_acc=0.8500
    [ft 12/40] loss=0.9667 train_acc=0.6753 val_acc=0.8000
    [ft 20/40] loss=0.7702 train_acc=0.5938 val_acc=0.8400
    [ft 13/40] loss=0.9383 train_acc=0.6285 val_acc=0.8200
    [ft 21/40] loss=0.7410 train_acc=0.6736 val_acc=0.8600
    [ft 14/40] loss=0.9734 train_acc=0.6649 val_acc=0.8100
    [ft 22/40] loss=0.8901 train_acc=0.6198 val_acc=0.8500
    [ft 15/40] loss=0.9382 train_acc=0.5990 val_acc=0.8600
    [ft 23/40] loss=0.8394 train_acc=0.5295 val_acc=0.8800
    [ft 16/40] loss=0.8635 train_acc=0.7066 val_acc=0.8300
    [ft 24/40] loss=0.8214 train_acc=0.7569 val_acc=0.8600
    [ft 17/40] loss=0.8602 train_acc=0.6007 val_acc=0.8200
    [ft 25/40] loss=0.8488 train_acc=0.7344 val_acc=0.8800
    [ft 18/40] loss=0.9142 train_acc=0.6823 val_acc=0.8500
    [ft 26/40] loss=0.8403 train_acc=0.6510 val_acc=0.8600
    [ft 19/40] loss=0.9099 train_acc=0.6198 val_acc=0.8500
    [ft 27/40] loss=0.8384 train_acc=0.6267 val_acc=0.8800
    [ft 20/40] loss=0.7702 train_acc=0.5938 val_acc=0.8400
    [ft 28/40] loss=0.7652 train_acc=0.7917 val_acc=0.8700
    [ft 21/40] loss=0.7410 train_acc=0.6736 val_acc=0.8600
    [ft 29/40] loss=0.9193 train_acc=0.7292 val_acc=0.8800
    [ft 22/40] loss=0.8901 train_acc=0.6198 val_acc=0.8500
    [ft 30/40] loss=0.7480 train_acc=0.7812 val_acc=0.9100
    [ft 23/40] loss=0.8394 train_acc=0.5295 val_acc=0.8800
    [ft 31/40] loss=0.9011 train_acc=0.5556 val_acc=0.8800
    [ft 24/40] loss=0.8214 train_acc=0.7569 val_acc=0.8600
    [ft 32/40] loss=0.8327 train_acc=0.6840 val_acc=0.9000
    [ft 25/40] loss=0.8488 train_acc=0.7344 val_acc=0.8800
    [ft 33/40] loss=0.8771 train_acc=0.7326 val_acc=0.8800
    [ft 26/40] loss=0.8403 train_acc=0.6510 val_acc=0.8600
    [ft 34/40] loss=0.8846 train_acc=0.7014 val_acc=0.8900
    [ft 27/40] loss=0.8384 train_acc=0.6267 val_acc=0.8800
    [ft 35/40] loss=0.8163 train_acc=0.6562 val_acc=0.9000
    [ft 28/40] loss=0.7652 train_acc=0.7917 val_acc=0.8700
    [ft 36/40] loss=0.8162 train_acc=0.6111 val_acc=0.8900
    [ft 29/40] loss=0.9193 train_acc=0.7292 val_acc=0.8800
    [ft 37/40] loss=0.8757 train_acc=0.7031 val_acc=0.8900
    [ft 30/40] loss=0.7480 train_acc=0.7812 val_acc=0.9100
    [ft 38/40] loss=0.8664 train_acc=0.7083 val_acc=0.9000
    [ft 31/40] loss=0.9011 train_acc=0.5556 val_acc=0.8800
    [ft 39/40] loss=0.7662 train_acc=0.5642 val_acc=0.9000
    [ft 32/40] loss=0.8327 train_acc=0.6840 val_acc=0.9000
    [ft 40/40] loss=0.7931 train_acc=0.6111 val_acc=0.8900
    final val_acc=0.8900 (best 0.9100 @ epoch 34/44)
    [ft 33/40] loss=0.8771 train_acc=0.7326 val_acc=0.8800
    [ft 34/40] loss=0.8846 train_acc=0.7014 val_acc=0.8900
    [ft 35/40] loss=0.8163 train_acc=0.6562 val_acc=0.9000
    [ft 36/40] loss=0.8162 train_acc=0.6111 val_acc=0.8900
    [ft 37/40] loss=0.8757 train_acc=0.7031 val_acc=0.8900
    [ft 38/40] loss=0.8664 train_acc=0.7083 val_acc=0.9000
    fold 1 accuracy=0.8800 macro_f1=0.8784 (12.4 min)
--- fold 2/5 (train=584 val=100) ---
    [ft 39/40] loss=0.7662 train_acc=0.5642 val_acc=0.9000
    [ft 40/40] loss=0.7931 train_acc=0.6111 val_acc=0.8900
    final val_acc=0.8900 (best 0.9100 @ epoch 34/44)
    fold 1 accuracy=0.8800 macro_f1=0.8784 (12.8 min)
--- fold 2/5 (train=584 val=100) ---
    [head 01/4] loss=1.5821 train_acc=0.2639 val_acc=0.3600
    [head 02/4] loss=1.5451 train_acc=0.2969 val_acc=0.3300
    [head 03/4] loss=1.4988 train_acc=0.3212 val_acc=0.4000
    [head 04/4] loss=1.4737 train_acc=0.3542 val_acc=0.4400
    [ft 01/40] loss=1.4695 train_acc=0.3854 val_acc=0.4600
    [ft 02/40] loss=1.4208 train_acc=0.3785 val_acc=0.4700
    [ft 03/40] loss=1.4292 train_acc=0.3872 val_acc=0.5100
    [ft 04/40] loss=1.3377 train_acc=0.4115 val_acc=0.6900
    [ft 05/40] loss=1.2515 train_acc=0.5365 val_acc=0.6900
    [head 01/4] loss=1.5821 train_acc=0.2639 val_acc=0.3600
    [head 02/4] loss=1.5451 train_acc=0.2969 val_acc=0.3300
    [ft 06/40] loss=1.0472 train_acc=0.4688 val_acc=0.8200
    [head 03/4] loss=1.4988 train_acc=0.3212 val_acc=0.4000
    [ft 07/40] loss=1.0688 train_acc=0.5990 val_acc=0.8400
    [head 04/4] loss=1.4737 train_acc=0.3542 val_acc=0.4400
    [ft 08/40] loss=0.9951 train_acc=0.6024 val_acc=0.8300
