=== r2_cnxs320m | arch=convnext_small.fb_in22k_ft_in1k size=320 folds=5 crop=True device=cuda ===
normalisation mean=[0.485, 0.456, 0.406] std=[0.229, 0.224, 0.225]
--- fold 1/5 (train=695 val=100) ---
    [head 01/4] loss=1.2480 train_acc=0.4593 val_acc=0.7600
    [head 02/4] loss=0.9837 train_acc=0.6076 val_acc=0.7400
    [head 03/4] loss=0.9498 train_acc=0.6192 val_acc=0.7900
    [head 04/4] loss=0.9668 train_acc=0.6526 val_acc=0.7900
    [ft 01/40] loss=0.9040 train_acc=0.6134 val_acc=0.8000
    [ft 02/40] loss=0.9008 train_acc=0.6962 val_acc=0.8500
    [ft 03/40] loss=0.8837 train_acc=0.6817 val_acc=0.8000
    [ft 04/40] loss=0.9190 train_acc=0.6991 val_acc=0.8500
    [ft 05/40] loss=0.8184 train_acc=0.6846 val_acc=0.8700
    [ft 06/40] loss=0.8578 train_acc=0.6410 val_acc=0.8300
    [ft 07/40] loss=0.8242 train_acc=0.6410 val_acc=0.9500
    [ft 08/40] loss=0.8083 train_acc=0.6890 val_acc=0.9200
    [ft 09/40] loss=0.7752 train_acc=0.7180 val_acc=0.8700
    [ft 10/40] loss=0.7720 train_acc=0.7936 val_acc=0.7900
    [ft 11/40] loss=0.7974 train_acc=0.6686 val_acc=0.9300
    [ft 12/40] loss=0.8092 train_acc=0.7529 val_acc=0.8500
    [ft 13/40] loss=0.7334 train_acc=0.6802 val_acc=0.9300
    [ft 14/40] loss=0.7357 train_acc=0.7195 val_acc=0.9200
    [ft 15/40] loss=0.7315 train_acc=0.7209 val_acc=0.9500
    [ft 16/40] loss=0.7469 train_acc=0.7006 val_acc=0.9200
    [ft 17/40] loss=0.7576 train_acc=0.7718 val_acc=0.9000
    [ft 18/40] loss=0.7242 train_acc=0.7645 val_acc=0.9400
    [ft 19/40] loss=0.7175 train_acc=0.6875 val_acc=0.9700
    [ft 20/40] loss=0.7127 train_acc=0.7224 val_acc=0.9200
    [ft 21/40] loss=0.7234 train_acc=0.6817 val_acc=0.9400
    [ft 22/40] loss=0.6690 train_acc=0.7151 val_acc=0.9400
    [ft 23/40] loss=0.7461 train_acc=0.7398 val_acc=0.9600
    [ft 24/40] loss=0.6702 train_acc=0.7922 val_acc=0.9200
    [ft 25/40] loss=0.6452 train_acc=0.7558 val_acc=0.9500
    [ft 26/40] loss=0.6799 train_acc=0.8110 val_acc=0.9200
    [ft 27/40] loss=0.7416 train_acc=0.7267 val_acc=0.9300
    [ft 28/40] loss=0.7504 train_acc=0.6817 val_acc=0.9300
    [ft 29/40] loss=0.6777 train_acc=0.6977 val_acc=0.9500
    [ft 30/40] loss=0.6940 train_acc=0.7340 val_acc=0.9700
    [ft 31/40] loss=0.6901 train_acc=0.7703 val_acc=0.9500
    [ft 32/40] loss=0.7317 train_acc=0.6512 val_acc=0.9400
    [ft 33/40] loss=0.6380 train_acc=0.7456 val_acc=0.9600
    [ft 34/40] loss=0.6900 train_acc=0.7442 val_acc=0.9600
    [ft 35/40] loss=0.6941 train_acc=0.7951 val_acc=0.9500
    [ft 36/40] loss=0.6748 train_acc=0.7151 val_acc=0.9400
    [ft 37/40] loss=0.7395 train_acc=0.6512 val_acc=0.9500
    [ft 38/40] loss=0.6716 train_acc=0.7282 val_acc=0.9500
    [ft 39/40] loss=0.7169 train_acc=0.6904 val_acc=0.9500
    [ft 40/40] loss=0.6754 train_acc=0.7485 val_acc=0.9500
    final val_acc=0.9500 (best 0.9700 @ epoch 23/44)
    fold 1 accuracy=0.9500 macro_f1=0.9500 (6.9 min)
--- fold 2/5 (train=695 val=100) ---
    [head 01/4] loss=1.2401 train_acc=0.4622 val_acc=0.7800
    [head 02/4] loss=0.9905 train_acc=0.6148 val_acc=0.8200
    [head 03/4] loss=0.9685 train_acc=0.6047 val_acc=0.8000
    [head 04/4] loss=0.9729 train_acc=0.6468 val_acc=0.8300
    [ft 01/40] loss=0.9067 train_acc=0.6134 val_acc=0.8200
    [ft 02/40] loss=0.9258 train_acc=0.6744 val_acc=0.8300
    [ft 03/40] loss=0.9059 train_acc=0.6599 val_acc=0.9200
    [ft 04/40] loss=0.9143 train_acc=0.6831 val_acc=0.8300
    [ft 05/40] loss=0.8325 train_acc=0.6904 val_acc=0.8800
    [ft 06/40] loss=0.8364 train_acc=0.6468 val_acc=0.8400
    [ft 07/40] loss=0.8260 train_acc=0.6497 val_acc=0.9100
    [ft 08/40] loss=0.8066 train_acc=0.6991 val_acc=0.8700
    [ft 09/40] loss=0.8297 train_acc=0.6802 val_acc=0.8800
    [ft 10/40] loss=0.7856 train_acc=0.7951 val_acc=0.9300
    [ft 11/40] loss=0.8075 train_acc=0.6744 val_acc=0.8900
    [ft 12/40] loss=0.8229 train_acc=0.7340 val_acc=0.9000
    [ft 13/40] loss=0.7357 train_acc=0.6730 val_acc=0.9100
    [ft 14/40] loss=0.7228 train_acc=0.7442 val_acc=0.9300
    [ft 15/40] loss=0.7372 train_acc=0.7267 val_acc=0.9100
    [ft 16/40] loss=0.7554 train_acc=0.6977 val_acc=0.8700
    [ft 17/40] loss=0.7624 train_acc=0.7762 val_acc=0.9400
    [ft 18/40] loss=0.7275 train_acc=0.7631 val_acc=0.8900
    [ft 19/40] loss=0.7197 train_acc=0.6904 val_acc=0.9400
    [ft 20/40] loss=0.6921 train_acc=0.7224 val_acc=0.9300
    [ft 21/40] loss=0.7282 train_acc=0.6744 val_acc=0.9400
    [ft 22/40] loss=0.6638 train_acc=0.7020 val_acc=0.9400
    [ft 23/40] loss=0.7440 train_acc=0.7427 val_acc=0.9400
    [ft 24/40] loss=0.6610 train_acc=0.7907 val_acc=0.9200
    [ft 25/40] loss=0.6370 train_acc=0.7602 val_acc=0.9500
    [ft 26/40] loss=0.7000 train_acc=0.8154 val_acc=0.9000
    [ft 27/40] loss=0.7304 train_acc=0.7267 val_acc=0.9300
    [ft 28/40] loss=0.7402 train_acc=0.7006 val_acc=0.9600
    [ft 29/40] loss=0.6816 train_acc=0.7122 val_acc=0.9700
    [ft 30/40] loss=0.6988 train_acc=0.7282 val_acc=0.9700
    [ft 31/40] loss=0.6815 train_acc=0.7747 val_acc=0.9700
    [ft 32/40] loss=0.7265 train_acc=0.6512 val_acc=0.9700
    [ft 33/40] loss=0.6378 train_acc=0.7631 val_acc=0.9700
    [ft 34/40] loss=0.6762 train_acc=0.7500 val_acc=0.9700
    [ft 35/40] loss=0.6868 train_acc=0.7747 val_acc=0.9600
    [ft 36/40] loss=0.6809 train_acc=0.7282 val_acc=0.9600
    [ft 37/40] loss=0.7363 train_acc=0.6613 val_acc=0.9600
    [ft 38/40] loss=0.6650 train_acc=0.7064 val_acc=0.9600
    [ft 39/40] loss=0.7090 train_acc=0.7064 val_acc=0.9600
    [ft 40/40] loss=0.6771 train_acc=0.7297 val_acc=0.9600
    final val_acc=0.9600 (best 0.9700 @ epoch 33/44)
    fold 2 accuracy=0.9700 macro_f1=0.9700 (6.8 min)
--- fold 3/5 (train=695 val=100) ---
    [head 01/4] loss=1.2620 train_acc=0.4666 val_acc=0.8100
    [head 02/4] loss=0.9882 train_acc=0.5959 val_acc=0.8700
    [head 03/4] loss=0.9605 train_acc=0.6177 val_acc=0.9000
    [head 04/4] loss=0.9791 train_acc=0.6526 val_acc=0.8900
    [ft 01/40] loss=0.9094 train_acc=0.6206 val_acc=0.8900
    [ft 02/40] loss=0.9050 train_acc=0.7122 val_acc=0.8900
    [ft 03/40] loss=0.8614 train_acc=0.6788 val_acc=0.8800
    [ft 04/40] loss=0.9152 train_acc=0.6933 val_acc=0.8900
    [ft 05/40] loss=0.8318 train_acc=0.6846 val_acc=0.9000
    [ft 06/40] loss=0.8506 train_acc=0.6352 val_acc=0.8600
    [ft 07/40] loss=0.8031 train_acc=0.6497 val_acc=0.9600
    [ft 08/40] loss=0.8125 train_acc=0.6701 val_acc=0.9000
    [ft 09/40] loss=0.8010 train_acc=0.7122 val_acc=0.9200
    [ft 10/40] loss=0.7789 train_acc=0.7951 val_acc=0.9400
    [ft 11/40] loss=0.7718 train_acc=0.6686 val_acc=0.9700
    [ft 12/40] loss=0.8066 train_acc=0.7398 val_acc=0.9200
    [ft 13/40] loss=0.7429 train_acc=0.6802 val_acc=0.9100
    [ft 14/40] loss=0.7244 train_acc=0.7195 val_acc=0.9400
    [ft 15/40] loss=0.7393 train_acc=0.7282 val_acc=0.9000
    [ft 16/40] loss=0.7747 train_acc=0.6730 val_acc=0.9500
    [ft 17/40] loss=0.7426 train_acc=0.7849 val_acc=0.9000
    [ft 18/40] loss=0.7346 train_acc=0.7413 val_acc=0.9200
    [ft 19/40] loss=0.7352 train_acc=0.6831 val_acc=0.9400
    [ft 20/40] loss=0.6960 train_acc=0.7326 val_acc=0.9300
    [ft 21/40] loss=0.7164 train_acc=0.6890 val_acc=0.9400
    [ft 22/40] loss=0.6668 train_acc=0.7151 val_acc=0.9700
    [ft 23/40] loss=0.7379 train_acc=0.7442 val_acc=0.9400
    [ft 24/40] loss=0.6791 train_acc=0.7849 val_acc=0.9500
    [ft 25/40] loss=0.6416 train_acc=0.7544 val_acc=0.9400
    [ft 26/40] loss=0.6823 train_acc=0.8052 val_acc=0.9500
    [ft 27/40] loss=0.7252 train_acc=0.7297 val_acc=0.9600
    [ft 28/40] loss=0.7456 train_acc=0.7035 val_acc=0.9600
    [ft 29/40] loss=0.6753 train_acc=0.6933 val_acc=0.9600
    [ft 30/40] loss=0.7091 train_acc=0.7442 val_acc=0.9400
    [ft 31/40] loss=0.6852 train_acc=0.7980 val_acc=0.9500
    [ft 32/40] loss=0.7318 train_acc=0.6497 val_acc=0.9300
    [ft 33/40] loss=0.6378 train_acc=0.7529 val_acc=0.9400
    [ft 34/40] loss=0.6863 train_acc=0.7413 val_acc=0.9500
    [ft 35/40] loss=0.6972 train_acc=0.7863 val_acc=0.9400
    [ft 36/40] loss=0.6769 train_acc=0.6991 val_acc=0.9400
    [ft 37/40] loss=0.7457 train_acc=0.6352 val_acc=0.9500
    [ft 38/40] loss=0.6614 train_acc=0.7195 val_acc=0.9500
    [ft 39/40] loss=0.7197 train_acc=0.6890 val_acc=0.9500
    [ft 40/40] loss=0.6778 train_acc=0.7355 val_acc=0.9500
    final val_acc=0.9500 (best 0.9700 @ epoch 15/44)
    fold 3 accuracy=0.9600 macro_f1=0.9596 (6.9 min)
--- fold 4/5 (train=695 val=100) ---
    [head 01/4] loss=1.2506 train_acc=0.4666 val_acc=0.7000
    [head 02/4] loss=0.9787 train_acc=0.6337 val_acc=0.7400
    [head 03/4] loss=0.9555 train_acc=0.6163 val_acc=0.7900
    [head 04/4] loss=0.9499 train_acc=0.6599 val_acc=0.7600
    [ft 01/40] loss=0.9017 train_acc=0.6163 val_acc=0.8700
    [ft 02/40] loss=0.9141 train_acc=0.6948 val_acc=0.8700
    [ft 03/40] loss=0.8825 train_acc=0.6672 val_acc=0.8400
    [ft 04/40] loss=0.9124 train_acc=0.7020 val_acc=0.8500
    [ft 05/40] loss=0.8522 train_acc=0.6802 val_acc=0.9100
    [ft 06/40] loss=0.8548 train_acc=0.6221 val_acc=0.8700
    [ft 07/40] loss=0.7960 train_acc=0.6628 val_acc=0.9000
    [ft 08/40] loss=0.8055 train_acc=0.6773 val_acc=0.9000
    [ft 09/40] loss=0.7848 train_acc=0.7137 val_acc=0.8900
    [ft 10/40] loss=0.7855 train_acc=0.7965 val_acc=0.9300
    [ft 11/40] loss=0.7799 train_acc=0.6904 val_acc=0.9100
    [ft 12/40] loss=0.7882 train_acc=0.7602 val_acc=0.9200
    [ft 13/40] loss=0.7370 train_acc=0.6613 val_acc=0.9000
    [ft 14/40] loss=0.7544 train_acc=0.7195 val_acc=0.9100
    [ft 15/40] loss=0.7471 train_acc=0.7151 val_acc=0.9200
    [ft 16/40] loss=0.7477 train_acc=0.6890 val_acc=0.9000
    [ft 17/40] loss=0.7747 train_acc=0.7587 val_acc=0.9100
    [ft 18/40] loss=0.7561 train_acc=0.7369 val_acc=0.9100
    [ft 19/40] loss=0.7189 train_acc=0.6904 val_acc=0.9400
    [ft 20/40] loss=0.7009 train_acc=0.7137 val_acc=0.9400
    [ft 21/40] loss=0.7178 train_acc=0.6890 val_acc=0.9400
    [ft 22/40] loss=0.6671 train_acc=0.7166 val_acc=0.9200
    [ft 23/40] loss=0.7413 train_acc=0.7209 val_acc=0.9000
    [ft 24/40] loss=0.6786 train_acc=0.7849 val_acc=0.9200
    [ft 25/40] loss=0.6364 train_acc=0.7631 val_acc=0.9200
    [ft 26/40] loss=0.6812 train_acc=0.8212 val_acc=0.9200
    [ft 27/40] loss=0.7334 train_acc=0.7151 val_acc=0.9200
    [ft 28/40] loss=0.7430 train_acc=0.6904 val_acc=0.9200
    [ft 29/40] loss=0.6812 train_acc=0.7049 val_acc=0.9300
    [ft 30/40] loss=0.6959 train_acc=0.7355 val_acc=0.9200
    [ft 31/40] loss=0.6950 train_acc=0.7529 val_acc=0.9300
    [ft 32/40] loss=0.7250 train_acc=0.6541 val_acc=0.9400
    [ft 33/40] loss=0.6379 train_acc=0.7471 val_acc=0.9300
    [ft 34/40] loss=0.6828 train_acc=0.7442 val_acc=0.9300
    [ft 35/40] loss=0.6847 train_acc=0.7994 val_acc=0.9300
    [ft 36/40] loss=0.6797 train_acc=0.7224 val_acc=0.9300
    [ft 37/40] loss=0.7272 train_acc=0.6672 val_acc=0.9300
    [ft 38/40] loss=0.6564 train_acc=0.7253 val_acc=0.9300
    [ft 39/40] loss=0.7156 train_acc=0.6860 val_acc=0.9300
    [ft 40/40] loss=0.6695 train_acc=0.7529 val_acc=0.9300
    final val_acc=0.9300 (best 0.9400 @ epoch 23/44)
    fold 4 accuracy=0.9300 macro_f1=0.9300 (6.9 min)
--- fold 5/5 (train=695 val=100) ---
    [head 01/4] loss=1.2614 train_acc=0.4317 val_acc=0.7500
    [head 02/4] loss=0.9855 train_acc=0.6032 val_acc=0.7900
    [head 03/4] loss=0.9473 train_acc=0.6177 val_acc=0.8000
    [head 04/4] loss=0.9557 train_acc=0.6570 val_acc=0.8300
    [ft 01/40] loss=0.9027 train_acc=0.6235 val_acc=0.8500
    [ft 02/40] loss=0.9029 train_acc=0.7006 val_acc=0.8800
    [ft 03/40] loss=0.8902 train_acc=0.6642 val_acc=0.7800
    [ft 04/40] loss=0.9094 train_acc=0.6759 val_acc=0.8800
    [ft 05/40] loss=0.8166 train_acc=0.6948 val_acc=0.8800
    [ft 06/40] loss=0.8559 train_acc=0.6192 val_acc=0.8700
    [ft 07/40] loss=0.8023 train_acc=0.6642 val_acc=0.9200
    [ft 08/40] loss=0.7927 train_acc=0.6831 val_acc=0.8900
    [ft 09/40] loss=0.7574 train_acc=0.7253 val_acc=0.9100
    [ft 10/40] loss=0.7922 train_acc=0.7718 val_acc=0.8700
    [ft 11/40] loss=0.7891 train_acc=0.6846 val_acc=0.8800
    [ft 12/40] loss=0.8116 train_acc=0.7485 val_acc=0.9400
    [ft 13/40] loss=0.7650 train_acc=0.6642 val_acc=0.9000
    [ft 14/40] loss=0.7647 train_acc=0.7093 val_acc=0.9600
    [ft 15/40] loss=0.7404 train_acc=0.7253 val_acc=0.9300
    [ft 16/40] loss=0.7646 train_acc=0.7020 val_acc=0.9300
    [ft 17/40] loss=0.7404 train_acc=0.7936 val_acc=0.9200
    [ft 18/40] loss=0.7305 train_acc=0.7471 val_acc=0.9300
    [ft 19/40] loss=0.7355 train_acc=0.6831 val_acc=0.9100
    [ft 20/40] loss=0.6992 train_acc=0.7297 val_acc=0.9300
    [ft 21/40] loss=0.7270 train_acc=0.6759 val_acc=0.9400
    [ft 22/40] loss=0.6590 train_acc=0.7253 val_acc=0.9500
    [ft 23/40] loss=0.7370 train_acc=0.7355 val_acc=0.9300
    [ft 24/40] loss=0.6727 train_acc=0.7820 val_acc=0.9400
    [ft 25/40] loss=0.6425 train_acc=0.7805 val_acc=0.9200
    [ft 26/40] loss=0.6820 train_acc=0.8198 val_acc=0.9300
    [ft 27/40] loss=0.7177 train_acc=0.7427 val_acc=0.9400
    [ft 28/40] loss=0.7517 train_acc=0.6890 val_acc=0.9400
    [ft 29/40] loss=0.6797 train_acc=0.6919 val_acc=0.9200
    [ft 30/40] loss=0.6957 train_acc=0.7398 val_acc=0.9200
    [ft 31/40] loss=0.6830 train_acc=0.7733 val_acc=0.9200
    [ft 32/40] loss=0.7366 train_acc=0.6308 val_acc=0.9200
    [ft 33/40] loss=0.6465 train_acc=0.7544 val_acc=0.9400
    [ft 34/40] loss=0.6835 train_acc=0.7631 val_acc=0.9400
    [ft 35/40] loss=0.6921 train_acc=0.7922 val_acc=0.9400
    [ft 36/40] loss=0.6854 train_acc=0.7180 val_acc=0.9300
    [ft 37/40] loss=0.7365 train_acc=0.6468 val_acc=0.9300
    [ft 38/40] loss=0.6696 train_acc=0.7151 val_acc=0.9300
    [ft 39/40] loss=0.7167 train_acc=0.6933 val_acc=0.9300
    [ft 40/40] loss=0.6720 train_acc=0.7515 val_acc=0.9300
    final val_acc=0.9300 (best 0.9600 @ epoch 18/44)
    fold 5 accuracy=0.9500 macro_f1=0.9484 (6.8 min)
=== r2_cnxs320m: OOF accuracy=0.9520 macro_f1=0.9518 ===
