=== cnxs320m | arch=convnext_small.fb_in22k_ft_in1k size=320 folds=5 crop=True device=cuda ===
normalisation mean=[0.485, 0.456, 0.406] std=[0.229, 0.224, 0.225]
--- fold 1/5 (train=584 val=100) ---
    [head 01/4] loss=1.4013 train_acc=0.4410 val_acc=0.6500
    [head 02/4] loss=1.1620 train_acc=0.4983 val_acc=0.7300
    [head 03/4] loss=1.0115 train_acc=0.5260 val_acc=0.7800
    [head 04/4] loss=0.9776 train_acc=0.5503 val_acc=0.7800
    [ft 01/40] loss=0.9990 train_acc=0.6736 val_acc=0.7700
    [ft 02/40] loss=0.8960 train_acc=0.5920 val_acc=0.7800
    [ft 03/40] loss=0.9857 train_acc=0.6233 val_acc=0.8000
    [ft 04/40] loss=0.9292 train_acc=0.5938 val_acc=0.8100
    [ft 05/40] loss=0.9913 train_acc=0.6840 val_acc=0.8500
    [ft 06/40] loss=0.7430 train_acc=0.5851 val_acc=0.8600
    [ft 07/40] loss=0.8907 train_acc=0.6927 val_acc=0.8600
    [ft 08/40] loss=0.8114 train_acc=0.7118 val_acc=0.8600
    [ft 09/40] loss=0.7719 train_acc=0.7153 val_acc=0.9000
    [ft 10/40] loss=0.8604 train_acc=0.7274 val_acc=0.9000
    [ft 11/40] loss=0.7613 train_acc=0.7587 val_acc=0.8800
    [ft 12/40] loss=0.8453 train_acc=0.7274 val_acc=0.8900
    [ft 13/40] loss=0.8105 train_acc=0.6892 val_acc=0.8800
=== cnxs320m | arch=convnext_small.fb_in22k_ft_in1k size=320 folds=5 crop=True device=cuda ===
normalisation mean=[0.485, 0.456, 0.406] std=[0.229, 0.224, 0.225]
--- fold 1/5 (train=584 val=100) ---
    [head 01/4] loss=1.2962 train_acc=0.4670 val_acc=0.7200
    [head 02/4] loss=1.0036 train_acc=0.5226 val_acc=0.7600
    [head 03/4] loss=1.0007 train_acc=0.6337 val_acc=0.8000
    [head 04/4] loss=1.0165 train_acc=0.6042 val_acc=0.8000
    [ft 01/40] loss=0.9394 train_acc=0.6233 val_acc=0.8100
    [ft 02/40] loss=0.9728 train_acc=0.6562 val_acc=0.7900
    [ft 03/40] loss=0.9379 train_acc=0.6580 val_acc=0.8200
    [ft 04/40] loss=0.9380 train_acc=0.6910 val_acc=0.8700
    [ft 05/40] loss=0.9475 train_acc=0.6649 val_acc=0.8400
    [ft 06/40] loss=0.8589 train_acc=0.6684 val_acc=0.8500
    [ft 07/40] loss=0.8439 train_acc=0.6406 val_acc=0.8500
    [ft 08/40] loss=0.8308 train_acc=0.6545 val_acc=0.8300
    [ft 09/40] loss=0.8483 train_acc=0.6632 val_acc=0.8600
    [ft 10/40] loss=0.8108 train_acc=0.6806 val_acc=0.8500
    [ft 11/40] loss=0.7755 train_acc=0.7535 val_acc=0.8700
    [ft 12/40] loss=0.7743 train_acc=0.7274 val_acc=0.8500
    [ft 13/40] loss=0.8110 train_acc=0.7847 val_acc=0.8900
    [ft 14/40] loss=0.8144 train_acc=0.6597 val_acc=0.8900
    [ft 15/40] loss=0.8361 train_acc=0.7292 val_acc=0.9300
    [ft 16/40] loss=0.7711 train_acc=0.6528 val_acc=0.9200
    [ft 17/40] loss=0.7832 train_acc=0.7569 val_acc=0.8800
    [ft 18/40] loss=0.7136 train_acc=0.6372 val_acc=0.9200
    [ft 19/40] loss=0.7334 train_acc=0.8177 val_acc=0.9000
    [ft 20/40] loss=0.7596 train_acc=0.6701 val_acc=0.9100
    [ft 21/40] loss=0.7928 train_acc=0.7743 val_acc=0.9000
    [ft 22/40] loss=0.7111 train_acc=0.7569 val_acc=0.9600
    [ft 23/40] loss=0.7307 train_acc=0.6562 val_acc=0.9400
    [ft 24/40] loss=0.7126 train_acc=0.7778 val_acc=0.9200
    [ft 25/40] loss=0.7225 train_acc=0.6806 val_acc=0.9100
    [ft 26/40] loss=0.7079 train_acc=0.7500 val_acc=0.9300
    [ft 27/40] loss=0.6482 train_acc=0.6927 val_acc=0.9300
    [ft 28/40] loss=0.7422 train_acc=0.7326 val_acc=0.9500
    [ft 29/40] loss=0.6819 train_acc=0.8194 val_acc=0.9500
    [ft 30/40] loss=0.6433 train_acc=0.7622 val_acc=0.9500
    [ft 31/40] loss=0.7056 train_acc=0.7934 val_acc=0.9400
    [ft 32/40] loss=0.6862 train_acc=0.7413 val_acc=0.9400
    [ft 33/40] loss=0.7340 train_acc=0.7569 val_acc=0.9500
    [ft 34/40] loss=0.7581 train_acc=0.7031 val_acc=0.9400
    [ft 35/40] loss=0.6794 train_acc=0.7205 val_acc=0.9300
    [ft 36/40] loss=0.6866 train_acc=0.7309 val_acc=0.9400
    [ft 37/40] loss=0.7594 train_acc=0.7101 val_acc=0.9500
    [ft 38/40] loss=0.6912 train_acc=0.7760 val_acc=0.9600
    [ft 39/40] loss=0.7490 train_acc=0.6493 val_acc=0.9600
    [ft 40/40] loss=0.6745 train_acc=0.7674 val_acc=0.9500
    final val_acc=0.9500 (best 0.9600 @ epoch 26/44)
    fold 1 accuracy=0.9400 macro_f1=0.9398 (6.3 min)
--- fold 2/5 (train=584 val=100) ---
    [head 01/4] loss=1.2974 train_acc=0.4653 val_acc=0.7600
    [head 02/4] loss=1.0180 train_acc=0.5260 val_acc=0.7900
    [head 03/4] loss=1.0058 train_acc=0.6337 val_acc=0.8200
    [head 04/4] loss=1.0289 train_acc=0.5903 val_acc=0.8100
    [ft 01/40] loss=0.9352 train_acc=0.6267 val_acc=0.8200
    [ft 02/40] loss=0.9706 train_acc=0.6788 val_acc=0.8400
    [ft 03/40] loss=0.9286 train_acc=0.6927 val_acc=0.7700
    [ft 04/40] loss=0.9178 train_acc=0.6823 val_acc=0.8400
    [ft 05/40] loss=0.9911 train_acc=0.6250 val_acc=0.8900
    [ft 06/40] loss=0.8662 train_acc=0.6806 val_acc=0.9200
    [ft 07/40] loss=0.8641 train_acc=0.6319 val_acc=0.8900
    [ft 08/40] loss=0.8345 train_acc=0.6302 val_acc=0.8100
    [ft 09/40] loss=0.8264 train_acc=0.6719 val_acc=0.8800
    [ft 10/40] loss=0.8375 train_acc=0.6597 val_acc=0.8700
    [ft 11/40] loss=0.7839 train_acc=0.7517 val_acc=0.9100
    [ft 12/40] loss=0.7826 train_acc=0.7344 val_acc=0.8900
    [ft 13/40] loss=0.8131 train_acc=0.7847 val_acc=0.9100
    [ft 14/40] loss=0.8337 train_acc=0.6458 val_acc=0.9000
    [ft 15/40] loss=0.8096 train_acc=0.7413 val_acc=0.8800
    [ft 16/40] loss=0.7577 train_acc=0.6424 val_acc=0.9200
    [ft 17/40] loss=0.8016 train_acc=0.7465 val_acc=0.8900
    [ft 18/40] loss=0.7429 train_acc=0.6076 val_acc=0.8900
    [ft 19/40] loss=0.7522 train_acc=0.8056 val_acc=0.9200
    [ft 20/40] loss=0.7425 train_acc=0.6962 val_acc=0.9300
    [ft 21/40] loss=0.7878 train_acc=0.7483 val_acc=0.9000
    [ft 22/40] loss=0.7218 train_acc=0.7465 val_acc=0.8800
    [ft 23/40] loss=0.7638 train_acc=0.6528 val_acc=0.8800
    [ft 24/40] loss=0.7198 train_acc=0.7812 val_acc=0.8900
    [ft 25/40] loss=0.7363 train_acc=0.6806 val_acc=0.9100
    [ft 26/40] loss=0.6936 train_acc=0.7708 val_acc=0.8900
    [ft 27/40] loss=0.6636 train_acc=0.6719 val_acc=0.8700
    [ft 28/40] loss=0.7637 train_acc=0.7309 val_acc=0.9100
    [ft 29/40] loss=0.6954 train_acc=0.8003 val_acc=0.9100
    [ft 30/40] loss=0.6483 train_acc=0.7378 val_acc=0.9200
    [ft 31/40] loss=0.7143 train_acc=0.7847 val_acc=0.9100
    [ft 32/40] loss=0.7028 train_acc=0.7448 val_acc=0.9100
    [ft 33/40] loss=0.7420 train_acc=0.7378 val_acc=0.9000
    [ft 34/40] loss=0.7674 train_acc=0.7309 val_acc=0.8900
    [ft 35/40] loss=0.6914 train_acc=0.7153 val_acc=0.9100
    [ft 36/40] loss=0.6738 train_acc=0.7326 val_acc=0.9100
    [ft 37/40] loss=0.7678 train_acc=0.6997 val_acc=0.9000
    [ft 38/40] loss=0.6955 train_acc=0.8090 val_acc=0.9000
    [ft 39/40] loss=0.7558 train_acc=0.6510 val_acc=0.9000
    [ft 40/40] loss=0.6648 train_acc=0.7483 val_acc=0.9000
    final val_acc=0.9000 (best 0.9300 @ epoch 24/44)
    fold 2 accuracy=0.9100 macro_f1=0.9092 (6.1 min)
--- fold 3/5 (train=584 val=100) ---
    [head 01/4] loss=1.3012 train_acc=0.4462 val_acc=0.8100
    [head 02/4] loss=1.0349 train_acc=0.5278 val_acc=0.8600
    [head 03/4] loss=0.9919 train_acc=0.6146 val_acc=0.8900
    [head 04/4] loss=1.0171 train_acc=0.6007 val_acc=0.8900
    [ft 01/40] loss=0.9393 train_acc=0.6319 val_acc=0.8900
    [ft 02/40] loss=0.9739 train_acc=0.6337 val_acc=0.8400
    [ft 03/40] loss=0.9592 train_acc=0.6528 val_acc=0.8100
    [ft 04/40] loss=0.9332 train_acc=0.6545 val_acc=0.8900
    [ft 05/40] loss=0.9377 train_acc=0.6667 val_acc=0.8800
    [ft 06/40] loss=0.8746 train_acc=0.6910 val_acc=0.9200
    [ft 07/40] loss=0.8571 train_acc=0.6267 val_acc=0.8700
    [ft 08/40] loss=0.8279 train_acc=0.6562 val_acc=0.8900
    [ft 09/40] loss=0.8083 train_acc=0.6858 val_acc=0.9500
    [ft 10/40] loss=0.8113 train_acc=0.6684 val_acc=0.9400
    [ft 11/40] loss=0.7800 train_acc=0.7483 val_acc=0.9600
    [ft 12/40] loss=0.7794 train_acc=0.7188 val_acc=0.9300
    [ft 13/40] loss=0.8000 train_acc=0.7812 val_acc=0.9400
    [ft 14/40] loss=0.8192 train_acc=0.6441 val_acc=0.9100
    [ft 15/40] loss=0.8156 train_acc=0.7500 val_acc=0.9300
    [ft 16/40] loss=0.7423 train_acc=0.6701 val_acc=0.9300
    [ft 17/40] loss=0.7949 train_acc=0.7569 val_acc=0.9000
    [ft 18/40] loss=0.7378 train_acc=0.6059 val_acc=0.9300
    [ft 19/40] loss=0.7536 train_acc=0.8073 val_acc=0.9100
    [ft 20/40] loss=0.7510 train_acc=0.6997 val_acc=0.9300
    [ft 21/40] loss=0.7739 train_acc=0.7743 val_acc=0.9300
    [ft 22/40] loss=0.7176 train_acc=0.7500 val_acc=0.9600
    [ft 23/40] loss=0.7447 train_acc=0.6545 val_acc=0.9200
    [ft 24/40] loss=0.6984 train_acc=0.7674 val_acc=0.9400
    [ft 25/40] loss=0.7148 train_acc=0.6771 val_acc=0.9400
    [ft 26/40] loss=0.6899 train_acc=0.7691 val_acc=0.9400
    [ft 27/40] loss=0.6682 train_acc=0.6823 val_acc=0.9000
    [ft 28/40] loss=0.7460 train_acc=0.7361 val_acc=0.9400
    [ft 29/40] loss=0.6947 train_acc=0.7986 val_acc=0.9200
    [ft 30/40] loss=0.6379 train_acc=0.7500 val_acc=0.9500
    [ft 31/40] loss=0.6970 train_acc=0.8108 val_acc=0.9500
    [ft 32/40] loss=0.6811 train_acc=0.7604 val_acc=0.9100
    [ft 33/40] loss=0.7203 train_acc=0.7604 val_acc=0.9300
    [ft 34/40] loss=0.7534 train_acc=0.7118 val_acc=0.9300
    [ft 35/40] loss=0.6900 train_acc=0.6997 val_acc=0.9400
    [ft 36/40] loss=0.6755 train_acc=0.7292 val_acc=0.9300
    [ft 37/40] loss=0.7582 train_acc=0.7153 val_acc=0.9300
    [ft 38/40] loss=0.6873 train_acc=0.8038 val_acc=0.9300
    [ft 39/40] loss=0.7597 train_acc=0.6441 val_acc=0.9300
    [ft 40/40] loss=0.6589 train_acc=0.7726 val_acc=0.9300
    final val_acc=0.9300 (best 0.9600 @ epoch 15/44)
    fold 3 accuracy=0.9600 macro_f1=0.9599 (6.3 min)
--- fold 4/5 (train=584 val=100) ---
    [head 01/4] loss=1.2944 train_acc=0.4410 val_acc=0.7200
    [head 02/4] loss=1.0226 train_acc=0.5521 val_acc=0.7300
    [head 03/4] loss=0.9714 train_acc=0.6701 val_acc=0.7600
    [head 04/4] loss=1.0308 train_acc=0.6042 val_acc=0.7800
    [ft 01/40] loss=0.9518 train_acc=0.6215 val_acc=0.8400
    [ft 02/40] loss=1.0117 train_acc=0.6424 val_acc=0.8700
    [ft 03/40] loss=0.9224 train_acc=0.6858 val_acc=0.8100
    [ft 04/40] loss=0.9464 train_acc=0.6545 val_acc=0.8700
    [ft 05/40] loss=0.9553 train_acc=0.6684 val_acc=0.9000
    [ft 06/40] loss=0.9025 train_acc=0.6597 val_acc=0.8800
    [ft 07/40] loss=0.8514 train_acc=0.6458 val_acc=0.9300
    [ft 08/40] loss=0.8220 train_acc=0.6476 val_acc=0.8400
    [ft 09/40] loss=0.8360 train_acc=0.6667 val_acc=0.8700
    [ft 10/40] loss=0.8125 train_acc=0.6858 val_acc=0.8700
    [ft 11/40] loss=0.7813 train_acc=0.7378 val_acc=0.8900
    [ft 12/40] loss=0.7723 train_acc=0.7396 val_acc=0.8400
    [ft 13/40] loss=0.8142 train_acc=0.7882 val_acc=0.8500
    [ft 14/40] loss=0.8413 train_acc=0.6337 val_acc=0.9000
    [ft 15/40] loss=0.8439 train_acc=0.7431 val_acc=0.9100
    [ft 16/40] loss=0.7585 train_acc=0.6597 val_acc=0.9200
    [ft 17/40] loss=0.7758 train_acc=0.7604 val_acc=0.8500
    [ft 18/40] loss=0.7371 train_acc=0.6111 val_acc=0.8800
    [ft 19/40] loss=0.7628 train_acc=0.8003 val_acc=0.8700
    [ft 20/40] loss=0.7564 train_acc=0.6962 val_acc=0.9000
    [ft 21/40] loss=0.7737 train_acc=0.7674 val_acc=0.8700
    [ft 22/40] loss=0.7151 train_acc=0.7413 val_acc=0.8700
    [ft 23/40] loss=0.7456 train_acc=0.6597 val_acc=0.8600
    [ft 24/40] loss=0.7140 train_acc=0.7708 val_acc=0.9100
    [ft 25/40] loss=0.7345 train_acc=0.6840 val_acc=0.8900
    [ft 26/40] loss=0.6887 train_acc=0.7708 val_acc=0.8800
    [ft 27/40] loss=0.6712 train_acc=0.6753 val_acc=0.8700
    [ft 28/40] loss=0.7487 train_acc=0.7257 val_acc=0.8700
    [ft 29/40] loss=0.6722 train_acc=0.8125 val_acc=0.8800
    [ft 30/40] loss=0.6308 train_acc=0.7743 val_acc=0.8900
    [ft 31/40] loss=0.7047 train_acc=0.7969 val_acc=0.8900
    [ft 32/40] loss=0.6866 train_acc=0.7604 val_acc=0.8800
    [ft 33/40] loss=0.7231 train_acc=0.7708 val_acc=0.9000
    [ft 34/40] loss=0.7629 train_acc=0.7101 val_acc=0.9000
    [ft 35/40] loss=0.6898 train_acc=0.6979 val_acc=0.8900
    [ft 36/40] loss=0.6809 train_acc=0.7292 val_acc=0.8800
    [ft 37/40] loss=0.7664 train_acc=0.7205 val_acc=0.8800
    [ft 38/40] loss=0.6771 train_acc=0.8021 val_acc=0.8800
    [ft 39/40] loss=0.7653 train_acc=0.6458 val_acc=0.8800
    [ft 40/40] loss=0.6502 train_acc=0.7413 val_acc=0.8800
    final val_acc=0.8800 (best 0.9300 @ epoch 11/44)
    fold 4 accuracy=0.8900 macro_f1=0.8911 (6.2 min)
--- fold 5/5 (train=584 val=100) ---
    [head 01/4] loss=1.2899 train_acc=0.4740 val_acc=0.7600
    [head 02/4] loss=1.0368 train_acc=0.5312 val_acc=0.7900
    [head 03/4] loss=0.9974 train_acc=0.6406 val_acc=0.8100
    [head 04/4] loss=1.0229 train_acc=0.6059 val_acc=0.8000
    [ft 01/40] loss=0.9553 train_acc=0.6285 val_acc=0.8200
    [ft 02/40] loss=0.9897 train_acc=0.6562 val_acc=0.8900
    [ft 03/40] loss=0.9106 train_acc=0.6719 val_acc=0.8400
    [ft 04/40] loss=0.9534 train_acc=0.6597 val_acc=0.8100
    [ft 05/40] loss=0.9752 train_acc=0.6424 val_acc=0.8900
    [ft 06/40] loss=0.8727 train_acc=0.6858 val_acc=0.8600
    [ft 07/40] loss=0.8444 train_acc=0.6372 val_acc=0.8600
    [ft 08/40] loss=0.8195 train_acc=0.6493 val_acc=0.8900
    [ft 09/40] loss=0.8216 train_acc=0.6667 val_acc=0.8500
    [ft 10/40] loss=0.8414 train_acc=0.6580 val_acc=0.8300
    [ft 11/40] loss=0.7936 train_acc=0.7378 val_acc=0.9000
    [ft 12/40] loss=0.7520 train_acc=0.7465 val_acc=0.8900
    [ft 13/40] loss=0.7896 train_acc=0.7882 val_acc=0.9200
    [ft 14/40] loss=0.8289 train_acc=0.6580 val_acc=0.9300
    [ft 15/40] loss=0.8248 train_acc=0.7569 val_acc=0.8700
    [ft 16/40] loss=0.7729 train_acc=0.6458 val_acc=0.8700
    [ft 17/40] loss=0.8044 train_acc=0.7691 val_acc=0.8700
    [ft 18/40] loss=0.7341 train_acc=0.6267 val_acc=0.8700
    [ft 19/40] loss=0.7373 train_acc=0.8247 val_acc=0.8800
    [ft 20/40] loss=0.7541 train_acc=0.6875 val_acc=0.9000
    [ft 21/40] loss=0.7931 train_acc=0.7708 val_acc=0.9000
    [ft 22/40] loss=0.7259 train_acc=0.7535 val_acc=0.8800
    [ft 23/40] loss=0.7516 train_acc=0.6458 val_acc=0.9200
    [ft 24/40] loss=0.7190 train_acc=0.7604 val_acc=0.8800
    [ft 25/40] loss=0.7144 train_acc=0.6910 val_acc=0.9000
    [ft 26/40] loss=0.6735 train_acc=0.7865 val_acc=0.8800
    [ft 27/40] loss=0.6597 train_acc=0.6753 val_acc=0.8900
    [ft 28/40] loss=0.7473 train_acc=0.7361 val_acc=0.9300
    [ft 29/40] loss=0.6755 train_acc=0.8003 val_acc=0.9300
    [ft 30/40] loss=0.6373 train_acc=0.7569 val_acc=0.9100
    [ft 31/40] loss=0.6997 train_acc=0.8056 val_acc=0.8900
    [ft 32/40] loss=0.6848 train_acc=0.7622 val_acc=0.8900
    [ft 33/40] loss=0.7311 train_acc=0.7413 val_acc=0.9100
    [ft 34/40] loss=0.7670 train_acc=0.7066 val_acc=0.9100
    [ft 35/40] loss=0.6798 train_acc=0.7049 val_acc=0.9100
    [ft 36/40] loss=0.6812 train_acc=0.7240 val_acc=0.9100
    [ft 37/40] loss=0.7538 train_acc=0.7083 val_acc=0.9100
    [ft 38/40] loss=0.6920 train_acc=0.7865 val_acc=0.9000
    [ft 39/40] loss=0.7555 train_acc=0.6476 val_acc=0.9000
    [ft 40/40] loss=0.6691 train_acc=0.7465 val_acc=0.9000
    final val_acc=0.9000 (best 0.9300 @ epoch 18/44)
    fold 5 accuracy=0.9200 macro_f1=0.9175 (6.1 min)
=== cnxs320m: OOF accuracy=0.9240 macro_f1=0.9238 ===
