=== cnxs320r3 | arch=convnext_small.fb_in22k_ft_in1k size=320 folds=5 crop=True device=cuda ===
normalisation mean=[0.485, 0.456, 0.406] std=[0.229, 0.224, 0.225]
--- fold 1/5 (train=641 val=100) ---
    [head 01/4] loss=1.3077 train_acc=0.4484 val_acc=0.6700
    [head 02/4] loss=1.0447 train_acc=0.5766 val_acc=0.7500
    [head 03/4] loss=0.9838 train_acc=0.6422 val_acc=0.8000
    [head 04/4] loss=1.0247 train_acc=0.6328 val_acc=0.7700
    [ft 01/40] loss=0.9436 train_acc=0.6047 val_acc=0.8000
    [ft 02/40] loss=0.9302 train_acc=0.6781 val_acc=0.8200
    [ft 03/40] loss=0.9453 train_acc=0.6672 val_acc=0.8400
    [ft 04/40] loss=0.9543 train_acc=0.7203 val_acc=0.8200
    [ft 05/40] loss=0.8962 train_acc=0.6328 val_acc=0.8600
    [ft 06/40] loss=0.8941 train_acc=0.6594 val_acc=0.8200
    [ft 07/40] loss=0.8381 train_acc=0.5922 val_acc=0.8800
    [ft 08/40] loss=0.8745 train_acc=0.5938 val_acc=0.8800
    [ft 09/40] loss=0.7895 train_acc=0.7578 val_acc=0.8900
    [ft 10/40] loss=0.7946 train_acc=0.7000 val_acc=0.8600
    [ft 11/40] loss=0.8174 train_acc=0.7828 val_acc=0.8900
    [ft 12/40] loss=0.8535 train_acc=0.6703 val_acc=0.8900
    [ft 13/40] loss=0.8245 train_acc=0.7453 val_acc=0.9300
    [ft 14/40] loss=0.7587 train_acc=0.6531 val_acc=0.9300
    [ft 15/40] loss=0.7656 train_acc=0.7359 val_acc=0.9100
    [ft 16/40] loss=0.7394 train_acc=0.6500 val_acc=0.9300
    [ft 17/40] loss=0.7391 train_acc=0.7812 val_acc=0.9100
    [ft 18/40] loss=0.7907 train_acc=0.7078 val_acc=0.8900
    [ft 19/40] loss=0.7549 train_acc=0.7641 val_acc=0.9200
    [ft 20/40] loss=0.7770 train_acc=0.7344 val_acc=0.8800
    [ft 21/40] loss=0.7261 train_acc=0.7047 val_acc=0.8900
    [ft 22/40] loss=0.7495 train_acc=0.6359 val_acc=0.9300
    [ft 23/40] loss=0.6942 train_acc=0.7484 val_acc=0.9300
    [ft 24/40] loss=0.7095 train_acc=0.6844 val_acc=0.9300
    [ft 25/40] loss=0.7603 train_acc=0.7375 val_acc=0.9100
    [ft 26/40] loss=0.6658 train_acc=0.7906 val_acc=0.9300
    [ft 27/40] loss=0.7084 train_acc=0.7172 val_acc=0.9200
    [ft 28/40] loss=0.6980 train_acc=0.7719 val_acc=0.9200
    [ft 29/40] loss=0.7175 train_acc=0.7344 val_acc=0.9200
    [ft 30/40] loss=0.7794 train_acc=0.7453 val_acc=0.9300
    [ft 31/40] loss=0.6943 train_acc=0.6781 val_acc=0.9100
    [ft 32/40] loss=0.6793 train_acc=0.7672 val_acc=0.9500
    [ft 33/40] loss=0.7593 train_acc=0.6906 val_acc=0.9500
    [ft 34/40] loss=0.6680 train_acc=0.7875 val_acc=0.9400
    [ft 35/40] loss=0.7561 train_acc=0.6797 val_acc=0.9400
    [ft 36/40] loss=0.6444 train_acc=0.7375 val_acc=0.9300
    [ft 37/40] loss=0.7246 train_acc=0.7672 val_acc=0.9300
    [ft 38/40] loss=0.7340 train_acc=0.7656 val_acc=0.9400
    [ft 39/40] loss=0.7016 train_acc=0.7078 val_acc=0.9400
    [ft 40/40] loss=0.7531 train_acc=0.6219 val_acc=0.9400
    final val_acc=0.9400 (best 0.9500 @ epoch 36/44)
    fold 1 accuracy=0.9400 macro_f1=0.9405 (7.1 min)
--- fold 2/5 (train=641 val=100) ---
    [head 01/4] loss=1.3017 train_acc=0.4609 val_acc=0.6600
    [head 02/4] loss=1.0351 train_acc=0.5953 val_acc=0.8000
    [head 03/4] loss=0.9687 train_acc=0.6438 val_acc=0.8200
    [head 04/4] loss=1.0060 train_acc=0.6391 val_acc=0.7500
    [ft 01/40] loss=0.9350 train_acc=0.6062 val_acc=0.8100
    [ft 02/40] loss=0.9354 train_acc=0.6656 val_acc=0.8300
    [ft 03/40] loss=0.9406 train_acc=0.6656 val_acc=0.7500
    [ft 04/40] loss=0.9512 train_acc=0.7047 val_acc=0.8600
    [ft 05/40] loss=0.9236 train_acc=0.5922 val_acc=0.8500
    [ft 06/40] loss=0.8462 train_acc=0.6609 val_acc=0.8600
    [ft 07/40] loss=0.8309 train_acc=0.5813 val_acc=0.9000
    [ft 08/40] loss=0.8853 train_acc=0.5828 val_acc=0.8700
    [ft 09/40] loss=0.8119 train_acc=0.7266 val_acc=0.8800
    [ft 10/40] loss=0.7849 train_acc=0.6969 val_acc=0.8500
    [ft 11/40] loss=0.7946 train_acc=0.7922 val_acc=0.8900
    [ft 12/40] loss=0.8406 train_acc=0.7109 val_acc=0.8600
    [ft 13/40] loss=0.8102 train_acc=0.7344 val_acc=0.8400
    [ft 14/40] loss=0.7308 train_acc=0.6719 val_acc=0.9500
    [ft 15/40] loss=0.7792 train_acc=0.7328 val_acc=0.8900
    [ft 16/40] loss=0.7345 train_acc=0.6500 val_acc=0.8600
    [ft 17/40] loss=0.7575 train_acc=0.7937 val_acc=0.9100
    [ft 18/40] loss=0.7783 train_acc=0.7156 val_acc=0.9100
    [ft 19/40] loss=0.7689 train_acc=0.7531 val_acc=0.9000
    [ft 20/40] loss=0.7858 train_acc=0.7203 val_acc=0.9000
    [ft 21/40] loss=0.7350 train_acc=0.6906 val_acc=0.8700
    [ft 22/40] loss=0.7420 train_acc=0.6500 val_acc=0.8900
    [ft 23/40] loss=0.6966 train_acc=0.7500 val_acc=0.9100
    [ft 24/40] loss=0.7060 train_acc=0.6469 val_acc=0.8900
    [ft 25/40] loss=0.7502 train_acc=0.7312 val_acc=0.9100
    [ft 26/40] loss=0.6539 train_acc=0.7844 val_acc=0.9000
    [ft 27/40] loss=0.7117 train_acc=0.7031 val_acc=0.8900
    [ft 28/40] loss=0.7051 train_acc=0.7641 val_acc=0.8800
    [ft 29/40] loss=0.7264 train_acc=0.7438 val_acc=0.8700
    [ft 30/40] loss=0.7783 train_acc=0.7641 val_acc=0.9000
    [ft 31/40] loss=0.6940 train_acc=0.6641 val_acc=0.8900
    [ft 32/40] loss=0.6871 train_acc=0.7672 val_acc=0.9100
    [ft 33/40] loss=0.7527 train_acc=0.6906 val_acc=0.9000
    [ft 34/40] loss=0.6647 train_acc=0.8000 val_acc=0.9100
    [ft 35/40] loss=0.7719 train_acc=0.6750 val_acc=0.8900
    [ft 36/40] loss=0.6413 train_acc=0.7359 val_acc=0.9000
    [ft 37/40] loss=0.7186 train_acc=0.7781 val_acc=0.9000
    [ft 38/40] loss=0.7225 train_acc=0.7969 val_acc=0.8900
    [ft 39/40] loss=0.7148 train_acc=0.6891 val_acc=0.8900
    [ft 40/40] loss=0.7624 train_acc=0.6328 val_acc=0.8900
    final val_acc=0.8900 (best 0.9500 @ epoch 18/44)
    fold 2 accuracy=0.9100 macro_f1=0.9098 (7.6 min)
--- fold 3/5 (train=641 val=100) ---
    [head 01/4] loss=1.2863 train_acc=0.4625 val_acc=0.8000
    [head 02/4] loss=1.0508 train_acc=0.5797 val_acc=0.8600
    [head 03/4] loss=0.9844 train_acc=0.6375 val_acc=0.8400
    [head 04/4] loss=1.0036 train_acc=0.6375 val_acc=0.9200
    [ft 01/40] loss=0.9577 train_acc=0.6047 val_acc=0.9000
    [ft 02/40] loss=0.9424 train_acc=0.6312 val_acc=0.8900
    [ft 03/40] loss=0.9344 train_acc=0.6703 val_acc=0.9500
    [ft 04/40] loss=0.9265 train_acc=0.7219 val_acc=0.9200
    [ft 05/40] loss=0.9328 train_acc=0.6312 val_acc=0.8700
    [ft 06/40] loss=0.8534 train_acc=0.6781 val_acc=0.9400
    [ft 07/40] loss=0.8302 train_acc=0.6000 val_acc=0.8800
    [ft 08/40] loss=0.8668 train_acc=0.6031 val_acc=0.9400
    [ft 09/40] loss=0.8272 train_acc=0.7234 val_acc=0.9200
    [ft 10/40] loss=0.7823 train_acc=0.6937 val_acc=0.9400
    [ft 11/40] loss=0.8309 train_acc=0.7922 val_acc=0.9300
    [ft 12/40] loss=0.8234 train_acc=0.7016 val_acc=0.9300
    [ft 13/40] loss=0.8241 train_acc=0.7281 val_acc=0.9100
    [ft 14/40] loss=0.7665 train_acc=0.6562 val_acc=0.9400
    [ft 15/40] loss=0.7765 train_acc=0.7453 val_acc=0.9300
    [ft 16/40] loss=0.7528 train_acc=0.6359 val_acc=0.9400
    [ft 17/40] loss=0.7379 train_acc=0.7984 val_acc=0.9400
    [ft 18/40] loss=0.7832 train_acc=0.6844 val_acc=0.9400
    [ft 19/40] loss=0.7676 train_acc=0.7391 val_acc=0.9400
    [ft 20/40] loss=0.7592 train_acc=0.7250 val_acc=0.9600
    [ft 21/40] loss=0.7208 train_acc=0.7125 val_acc=0.9600
    [ft 22/40] loss=0.7494 train_acc=0.6406 val_acc=0.9500
    [ft 23/40] loss=0.6890 train_acc=0.7594 val_acc=0.9600
    [ft 24/40] loss=0.7018 train_acc=0.6672 val_acc=0.9500
    [ft 25/40] loss=0.7499 train_acc=0.7328 val_acc=0.9400
    [ft 26/40] loss=0.6568 train_acc=0.7828 val_acc=0.9600
    [ft 27/40] loss=0.6885 train_acc=0.7219 val_acc=0.9500
    [ft 28/40] loss=0.6913 train_acc=0.7750 val_acc=0.9600
    [ft 29/40] loss=0.7162 train_acc=0.7359 val_acc=0.9300
    [ft 30/40] loss=0.7676 train_acc=0.7609 val_acc=0.9500
    [ft 31/40] loss=0.6844 train_acc=0.6797 val_acc=0.9300
    [ft 32/40] loss=0.6812 train_acc=0.7703 val_acc=0.9500
    [ft 33/40] loss=0.7537 train_acc=0.6969 val_acc=0.9400
    [ft 34/40] loss=0.6536 train_acc=0.8109 val_acc=0.9600
    [ft 35/40] loss=0.7557 train_acc=0.6734 val_acc=0.9500
    [ft 36/40] loss=0.6472 train_acc=0.7422 val_acc=0.9500
    [ft 37/40] loss=0.7152 train_acc=0.7828 val_acc=0.9500
    [ft 38/40] loss=0.7199 train_acc=0.7953 val_acc=0.9500
    [ft 39/40] loss=0.7107 train_acc=0.6906 val_acc=0.9500
    [ft 40/40] loss=0.7624 train_acc=0.6250 val_acc=0.9500
    final val_acc=0.9500 (best 0.9600 @ epoch 24/44)
    fold 3 accuracy=0.9500 macro_f1=0.9497 (7.7 min)
--- fold 4/5 (train=641 val=100) ---
    [head 01/4] loss=1.2872 train_acc=0.4437 val_acc=0.6700
    [head 02/4] loss=1.0446 train_acc=0.5719 val_acc=0.7400
    [head 03/4] loss=0.9824 train_acc=0.6438 val_acc=0.7600
    [head 04/4] loss=1.0132 train_acc=0.6375 val_acc=0.8000
    [ft 01/40] loss=0.9543 train_acc=0.5953 val_acc=0.8200
    [ft 02/40] loss=0.9543 train_acc=0.6375 val_acc=0.8300
    [ft 03/40] loss=0.9426 train_acc=0.6672 val_acc=0.8000
    [ft 04/40] loss=0.9374 train_acc=0.6984 val_acc=0.8700
    [ft 05/40] loss=0.9106 train_acc=0.6125 val_acc=0.8600
    [ft 06/40] loss=0.8482 train_acc=0.6719 val_acc=0.8700
    [ft 07/40] loss=0.8681 train_acc=0.5875 val_acc=0.8100
    [ft 08/40] loss=0.8955 train_acc=0.5828 val_acc=0.8900
    [ft 09/40] loss=0.7970 train_acc=0.7438 val_acc=0.8600
    [ft 10/40] loss=0.8122 train_acc=0.6937 val_acc=0.9100
    [ft 11/40] loss=0.7808 train_acc=0.7906 val_acc=0.8800
    [ft 12/40] loss=0.8294 train_acc=0.6922 val_acc=0.8700
    [ft 13/40] loss=0.8455 train_acc=0.7141 val_acc=0.8900
    [ft 14/40] loss=0.7523 train_acc=0.6734 val_acc=0.9100
    [ft 15/40] loss=0.7668 train_acc=0.7391 val_acc=0.9400
    [ft 16/40] loss=0.7338 train_acc=0.6547 val_acc=0.9300
    [ft 17/40] loss=0.7396 train_acc=0.8094 val_acc=0.8900
    [ft 18/40] loss=0.7871 train_acc=0.7031 val_acc=0.9000
    [ft 19/40] loss=0.7515 train_acc=0.7531 val_acc=0.9000
    [ft 20/40] loss=0.7627 train_acc=0.7469 val_acc=0.9400
    [ft 21/40] loss=0.7247 train_acc=0.6984 val_acc=0.9100
    [ft 22/40] loss=0.7527 train_acc=0.6297 val_acc=0.9200
    [ft 23/40] loss=0.6843 train_acc=0.7609 val_acc=0.9400
    [ft 24/40] loss=0.6894 train_acc=0.6687 val_acc=0.9400
    [ft 25/40] loss=0.7340 train_acc=0.7266 val_acc=0.9200
    [ft 26/40] loss=0.6605 train_acc=0.7828 val_acc=0.9200
    [ft 27/40] loss=0.7005 train_acc=0.7141 val_acc=0.9200
    [ft 28/40] loss=0.7003 train_acc=0.7797 val_acc=0.9100
    [ft 29/40] loss=0.7235 train_acc=0.7250 val_acc=0.9100
    [ft 30/40] loss=0.7792 train_acc=0.7703 val_acc=0.9000
    [ft 31/40] loss=0.6905 train_acc=0.6766 val_acc=0.9100
    [ft 32/40] loss=0.6867 train_acc=0.7609 val_acc=0.9000
    [ft 33/40] loss=0.7508 train_acc=0.7078 val_acc=0.9000
    [ft 34/40] loss=0.6661 train_acc=0.8016 val_acc=0.9200
    [ft 35/40] loss=0.7524 train_acc=0.6750 val_acc=0.9100
    [ft 36/40] loss=0.6342 train_acc=0.7438 val_acc=0.9100
    [ft 37/40] loss=0.7172 train_acc=0.7781 val_acc=0.9100
    [ft 38/40] loss=0.7322 train_acc=0.7844 val_acc=0.9100
    [ft 39/40] loss=0.7091 train_acc=0.7063 val_acc=0.9100
    [ft 40/40] loss=0.7548 train_acc=0.6328 val_acc=0.9100
    final val_acc=0.9100 (best 0.9400 @ epoch 19/44)
    fold 4 accuracy=0.9100 macro_f1=0.9090 (7.6 min)
--- fold 5/5 (train=641 val=100) ---
    [head 01/4] loss=1.3019 train_acc=0.4453 val_acc=0.7700
    [head 02/4] loss=1.0426 train_acc=0.5859 val_acc=0.7900
    [head 03/4] loss=0.9632 train_acc=0.6562 val_acc=0.8500
    [head 04/4] loss=1.0114 train_acc=0.6172 val_acc=0.8100
    [ft 01/40] loss=0.9537 train_acc=0.5906 val_acc=0.8200
    [ft 02/40] loss=0.9497 train_acc=0.6422 val_acc=0.8600
    [ft 03/40] loss=0.9429 train_acc=0.6781 val_acc=0.8100
    [ft 04/40] loss=0.9531 train_acc=0.7141 val_acc=0.8500
    [ft 05/40] loss=0.9004 train_acc=0.6484 val_acc=0.7800
    [ft 06/40] loss=0.8470 train_acc=0.6844 val_acc=0.8700
    [ft 07/40] loss=0.8452 train_acc=0.5859 val_acc=0.8100
    [ft 08/40] loss=0.9052 train_acc=0.5703 val_acc=0.8500
    [ft 09/40] loss=0.8129 train_acc=0.7328 val_acc=0.8400
    [ft 10/40] loss=0.7813 train_acc=0.6969 val_acc=0.9000
    [ft 11/40] loss=0.7990 train_acc=0.7828 val_acc=0.8500
    [ft 12/40] loss=0.8252 train_acc=0.7000 val_acc=0.9100
    [ft 13/40] loss=0.8194 train_acc=0.7469 val_acc=0.9200
    [ft 14/40] loss=0.7428 train_acc=0.6672 val_acc=0.9200
    [ft 15/40] loss=0.7695 train_acc=0.7375 val_acc=0.8700
    [ft 16/40] loss=0.7179 train_acc=0.6625 val_acc=0.9200
    [ft 17/40] loss=0.7502 train_acc=0.8141 val_acc=0.8600
    [ft 18/40] loss=0.7785 train_acc=0.6797 val_acc=0.8900
    [ft 19/40] loss=0.7679 train_acc=0.7531 val_acc=0.9100
    [ft 20/40] loss=0.7748 train_acc=0.7375 val_acc=0.8700
    [ft 21/40] loss=0.7380 train_acc=0.6984 val_acc=0.8900
    [ft 22/40] loss=0.7395 train_acc=0.6391 val_acc=0.9100
    [ft 23/40] loss=0.7105 train_acc=0.7422 val_acc=0.9100
    [ft 24/40] loss=0.6933 train_acc=0.6719 val_acc=0.9000
    [ft 25/40] loss=0.7546 train_acc=0.7281 val_acc=0.8800
    [ft 26/40] loss=0.6440 train_acc=0.8047 val_acc=0.9100
    [ft 27/40] loss=0.7004 train_acc=0.7297 val_acc=0.8900
    [ft 28/40] loss=0.6856 train_acc=0.7828 val_acc=0.8900
    [ft 29/40] loss=0.7181 train_acc=0.7359 val_acc=0.9100
    [ft 30/40] loss=0.7834 train_acc=0.7531 val_acc=0.9100
    [ft 31/40] loss=0.6861 train_acc=0.6750 val_acc=0.9000
    [ft 32/40] loss=0.6855 train_acc=0.7688 val_acc=0.8900
    [ft 33/40] loss=0.7591 train_acc=0.7016 val_acc=0.8800
    [ft 34/40] loss=0.6596 train_acc=0.8078 val_acc=0.8900
    [ft 35/40] loss=0.7491 train_acc=0.6641 val_acc=0.9000
    [ft 36/40] loss=0.6436 train_acc=0.7422 val_acc=0.9000
    [ft 37/40] loss=0.7213 train_acc=0.7656 val_acc=0.9000
    [ft 38/40] loss=0.7334 train_acc=0.7875 val_acc=0.9000
    [ft 39/40] loss=0.7111 train_acc=0.7016 val_acc=0.9000
    [ft 40/40] loss=0.7531 train_acc=0.6203 val_acc=0.9000
    final val_acc=0.9000 (best 0.9200 @ epoch 17/44)
    fold 5 accuracy=0.9400 macro_f1=0.9394 (7.6 min)
=== cnxs320r3: OOF accuracy=0.9300 macro_f1=0.9299 ===
