=== b0_288 | arch=efficientnet_b0 size=288 folds=5 crop=True device=cuda ===
normalisation mean=[0.3307, 0.2843, 0.2174] std=[0.113, 0.1155, 0.1245]
--- fold 1/5 (train=400 val=100) ---
    [head 01/4] loss=1.5648 train_acc=0.2578 val_acc=0.4900
    [head 02/4] loss=1.3935 train_acc=0.4635 val_acc=0.4800
    [head 03/4] loss=1.2958 train_acc=0.5391 val_acc=0.5300
    [head 04/4] loss=1.2455 train_acc=0.5729 val_acc=0.5300
    [ft 01/46] loss=1.1761 train_acc=0.6224 val_acc=0.5600
    [ft 02/46] loss=1.0756 train_acc=0.6823 val_acc=0.6500
    [ft 03/46] loss=0.9461 train_acc=0.7578 val_acc=0.7300
    [ft 04/46] loss=0.8007 train_acc=0.8021 val_acc=0.7600
    [ft 05/46] loss=0.6349 train_acc=0.8828 val_acc=0.8000
    [ft 06/46] loss=0.5409 train_acc=0.8906 val_acc=0.8300
    [ft 07/46] loss=0.5022 train_acc=0.8750 val_acc=0.8600
    [ft 08/46] loss=0.4466 train_acc=0.9115 val_acc=0.8300
    [ft 09/46] loss=0.4386 train_acc=0.9167 val_acc=0.8700
    [ft 10/46] loss=0.4349 train_acc=0.9219 val_acc=0.8800
    [ft 11/46] loss=0.4090 train_acc=0.9375 val_acc=0.8800
    [ft 12/46] loss=0.4028 train_acc=0.9219 val_acc=0.9100
    [ft 13/46] loss=0.3830 train_acc=0.9505 val_acc=0.9300
    [ft 14/46] loss=0.3705 train_acc=0.9453 val_acc=0.9000
    [ft 15/46] loss=0.3604 train_acc=0.9453 val_acc=0.9200
    [ft 16/46] loss=0.3518 train_acc=0.9688 val_acc=0.8600
    [ft 17/46] loss=0.3376 train_acc=0.9635 val_acc=0.9100
    [ft 18/46] loss=0.3319 train_acc=0.9714 val_acc=0.8900
    [ft 19/46] loss=0.3251 train_acc=0.9661 val_acc=0.9200
    [ft 20/46] loss=0.3144 train_acc=0.9740 val_acc=0.9000
    [ft 21/46] loss=0.2967 train_acc=0.9766 val_acc=0.9000
    [ft 22/46] loss=0.3218 train_acc=0.9609 val_acc=0.9300
    [ft 23/46] loss=0.3089 train_acc=0.9740 val_acc=0.9100
    [ft 24/46] loss=0.2964 train_acc=0.9818 val_acc=0.9100
    [ft 25/46] loss=0.2829 train_acc=0.9870 val_acc=0.9000
    [ft 26/46] loss=0.2900 train_acc=0.9844 val_acc=0.9200
    [ft 27/46] loss=0.3024 train_acc=0.9740 val_acc=0.9100
    [ft 28/46] loss=0.2885 train_acc=0.9818 val_acc=0.9200
    [ft 29/46] loss=0.2777 train_acc=0.9922 val_acc=0.9300
    [ft 30/46] loss=0.2876 train_acc=0.9792 val_acc=0.9100
    [ft 31/46] loss=0.2824 train_acc=0.9844 val_acc=0.9200
    [ft 32/46] loss=0.2854 train_acc=0.9818 val_acc=0.9500
    [ft 33/46] loss=0.2725 train_acc=0.9896 val_acc=0.9300
    [ft 34/46] loss=0.2763 train_acc=0.9948 val_acc=0.9400
    [ft 35/46] loss=0.2867 train_acc=0.9870 val_acc=0.9300
    [ft 36/46] loss=0.2783 train_acc=0.9896 val_acc=0.9200
    [ft 37/46] loss=0.2702 train_acc=0.9922 val_acc=0.9300
    [ft 38/46] loss=0.2880 train_acc=0.9740 val_acc=0.9200
    [ft 39/46] loss=0.2785 train_acc=0.9896 val_acc=0.9300
    [ft 40/46] loss=0.2723 train_acc=0.9922 val_acc=0.9300
    [ft 41/46] loss=0.2741 train_acc=0.9870 val_acc=0.9200
    [ft 42/46] loss=0.2687 train_acc=0.9948 val_acc=0.9200
    [ft 43/46] loss=0.2773 train_acc=0.9844 val_acc=0.9300
    [ft 44/46] loss=0.2705 train_acc=0.9896 val_acc=0.9300
    [ft 45/46] loss=0.2823 train_acc=0.9818 val_acc=0.9200
    [ft 46/46] loss=0.2827 train_acc=0.9818 val_acc=0.9300
    final val_acc=0.9300 (best 0.9500 @ epoch 36/50)
    fold 1 accuracy=0.9200 macro_f1=0.9195 (3.9 min)
--- fold 2/5 (train=400 val=100) ---
    [head 01/4] loss=1.5525 train_acc=0.3490 val_acc=0.5300
    [head 02/4] loss=1.3857 train_acc=0.4896 val_acc=0.5200
    [head 03/4] loss=1.2986 train_acc=0.5208 val_acc=0.5700
    [head 04/4] loss=1.2545 train_acc=0.5339 val_acc=0.5600
    [ft 01/46] loss=1.1775 train_acc=0.6276 val_acc=0.6200
    [ft 02/46] loss=1.0886 train_acc=0.6849 val_acc=0.6700
    [ft 03/46] loss=0.9545 train_acc=0.7526 val_acc=0.7000
    [ft 04/46] loss=0.8020 train_acc=0.7839 val_acc=0.7900
    [ft 05/46] loss=0.6825 train_acc=0.8385 val_acc=0.8300
    [ft 06/46] loss=0.5670 train_acc=0.8776 val_acc=0.8500
    [ft 07/46] loss=0.5018 train_acc=0.8880 val_acc=0.8400
    [ft 08/46] loss=0.4765 train_acc=0.9062 val_acc=0.8600
    [ft 09/46] loss=0.4551 train_acc=0.9062 val_acc=0.8700
    [ft 10/46] loss=0.4434 train_acc=0.9062 val_acc=0.8700
    [ft 11/46] loss=0.4161 train_acc=0.9401 val_acc=0.8800
    [ft 12/46] loss=0.4035 train_acc=0.9349 val_acc=0.8900
    [ft 13/46] loss=0.3966 train_acc=0.9271 val_acc=0.9000
    [ft 14/46] loss=0.3981 train_acc=0.9245 val_acc=0.9000
    [ft 15/46] loss=0.3477 train_acc=0.9583 val_acc=0.8600
    [ft 16/46] loss=0.3866 train_acc=0.9401 val_acc=0.8600
    [ft 17/46] loss=0.3449 train_acc=0.9583 val_acc=0.9100
    [ft 18/46] loss=0.3409 train_acc=0.9661 val_acc=0.9100
    [ft 19/46] loss=0.3684 train_acc=0.9375 val_acc=0.8900
    [ft 20/46] loss=0.3150 train_acc=0.9714 val_acc=0.8700
    [ft 21/46] loss=0.3008 train_acc=0.9792 val_acc=0.8400
    [ft 22/46] loss=0.3173 train_acc=0.9714 val_acc=0.8900
    [ft 23/46] loss=0.2933 train_acc=0.9818 val_acc=0.8800
    [ft 24/46] loss=0.3048 train_acc=0.9792 val_acc=0.8700
    [ft 25/46] loss=0.2909 train_acc=0.9818 val_acc=0.8900
    [ft 26/46] loss=0.3012 train_acc=0.9766 val_acc=0.8700
    [ft 27/46] loss=0.3124 train_acc=0.9714 val_acc=0.8800
    [ft 28/46] loss=0.2907 train_acc=0.9818 val_acc=0.8400
    [ft 29/46] loss=0.2984 train_acc=0.9714 val_acc=0.8400
    [ft 30/46] loss=0.2962 train_acc=0.9766 val_acc=0.8800
    [ft 31/46] loss=0.2746 train_acc=0.9922 val_acc=0.8700
    [ft 32/46] loss=0.2975 train_acc=0.9766 val_acc=0.8700
    [ft 33/46] loss=0.2733 train_acc=0.9896 val_acc=0.8600
    [ft 34/46] loss=0.2783 train_acc=0.9818 val_acc=0.8500
    [ft 35/46] loss=0.2775 train_acc=0.9844 val_acc=0.8700
    [ft 36/46] loss=0.2869 train_acc=0.9818 val_acc=0.8700
    [ft 37/46] loss=0.2789 train_acc=0.9870 val_acc=0.8700
    [ft 38/46] loss=0.2823 train_acc=0.9870 val_acc=0.8700
    [ft 39/46] loss=0.2660 train_acc=0.9896 val_acc=0.8800
    [ft 40/46] loss=0.2739 train_acc=0.9896 val_acc=0.8600
    [ft 41/46] loss=0.2752 train_acc=0.9922 val_acc=0.8700
    [ft 42/46] loss=0.2888 train_acc=0.9740 val_acc=0.8600
    [ft 43/46] loss=0.2835 train_acc=0.9818 val_acc=0.8700
    [ft 44/46] loss=0.2776 train_acc=0.9896 val_acc=0.8500
    [ft 45/46] loss=0.2860 train_acc=0.9766 val_acc=0.8700
    [ft 46/46] loss=0.2652 train_acc=0.9948 val_acc=0.8800
    final val_acc=0.8800 (best 0.9100 @ epoch 21/50)
    fold 2 accuracy=0.8800 macro_f1=0.8771 (4.0 min)
--- fold 3/5 (train=400 val=100) ---
    [head 01/4] loss=1.5462 train_acc=0.3229 val_acc=0.5700
    [head 02/4] loss=1.3900 train_acc=0.4635 val_acc=0.5800
    [head 03/4] loss=1.3143 train_acc=0.5651 val_acc=0.6500
    [head 04/4] loss=1.2545 train_acc=0.5677 val_acc=0.6900
    [ft 01/46] loss=1.1660 train_acc=0.6302 val_acc=0.7000
    [ft 02/46] loss=1.0918 train_acc=0.6693 val_acc=0.7700
    [ft 03/46] loss=0.9784 train_acc=0.7448 val_acc=0.8100
    [ft 04/46] loss=0.8240 train_acc=0.7812 val_acc=0.8600
    [ft 05/46] loss=0.6662 train_acc=0.8203 val_acc=0.8700
    [ft 06/46] loss=0.5831 train_acc=0.8620 val_acc=0.8700
    [ft 07/46] loss=0.5321 train_acc=0.8932 val_acc=0.8900
    [ft 08/46] loss=0.4843 train_acc=0.8828 val_acc=0.8900
    [ft 09/46] loss=0.5124 train_acc=0.8646 val_acc=0.8900
    [ft 10/46] loss=0.4350 train_acc=0.9271 val_acc=0.9200
    [ft 11/46] loss=0.4104 train_acc=0.9219 val_acc=0.9100
    [ft 12/46] loss=0.3967 train_acc=0.9349 val_acc=0.9100
    [ft 13/46] loss=0.3842 train_acc=0.9453 val_acc=0.9400
    [ft 14/46] loss=0.3949 train_acc=0.9245 val_acc=0.9200
    [ft 15/46] loss=0.3759 train_acc=0.9375 val_acc=0.9000
    [ft 16/46] loss=0.3696 train_acc=0.9401 val_acc=0.9300
    [ft 17/46] loss=0.3325 train_acc=0.9714 val_acc=0.9200
    [ft 18/46] loss=0.3518 train_acc=0.9323 val_acc=0.9000
    [ft 19/46] loss=0.3393 train_acc=0.9479 val_acc=0.9300
    [ft 20/46] loss=0.3228 train_acc=0.9661 val_acc=0.9500
    [ft 21/46] loss=0.2918 train_acc=0.9870 val_acc=0.9500
    [ft 22/46] loss=0.3082 train_acc=0.9766 val_acc=0.9500
    [ft 23/46] loss=0.2787 train_acc=0.9896 val_acc=0.9400
    [ft 24/46] loss=0.3268 train_acc=0.9609 val_acc=0.9500
    [ft 25/46] loss=0.2979 train_acc=0.9818 val_acc=0.9300
    [ft 26/46] loss=0.2951 train_acc=0.9792 val_acc=0.9100
    [ft 27/46] loss=0.2967 train_acc=0.9766 val_acc=0.9200
    [ft 28/46] loss=0.2922 train_acc=0.9844 val_acc=0.9400
    [ft 29/46] loss=0.2863 train_acc=0.9818 val_acc=0.9300
    [ft 30/46] loss=0.2790 train_acc=0.9896 val_acc=0.9400
    [ft 31/46] loss=0.2714 train_acc=0.9948 val_acc=0.9400
    [ft 32/46] loss=0.2785 train_acc=0.9870 val_acc=0.9400
    [ft 33/46] loss=0.2802 train_acc=0.9844 val_acc=0.9500
    [ft 34/46] loss=0.2815 train_acc=0.9870 val_acc=0.9400
    [ft 35/46] loss=0.2783 train_acc=0.9792 val_acc=0.9400
    [ft 36/46] loss=0.2672 train_acc=0.9922 val_acc=0.9400
    [ft 37/46] loss=0.2776 train_acc=0.9844 val_acc=0.9300
    [ft 38/46] loss=0.2714 train_acc=0.9896 val_acc=0.9400
    [ft 39/46] loss=0.2709 train_acc=0.9870 val_acc=0.9400
    [ft 40/46] loss=0.2651 train_acc=0.9948 val_acc=0.9400
    [ft 41/46] loss=0.2804 train_acc=0.9870 val_acc=0.9400
    [ft 42/46] loss=0.2801 train_acc=0.9870 val_acc=0.9400
    [ft 43/46] loss=0.2714 train_acc=0.9948 val_acc=0.9400
    [ft 44/46] loss=0.2707 train_acc=0.9922 val_acc=0.9500
    [ft 45/46] loss=0.2675 train_acc=0.9922 val_acc=0.9400
    [ft 46/46] loss=0.2699 train_acc=0.9948 val_acc=0.9500
    final val_acc=0.9500 (best 0.9500 @ epoch 24/50)
    fold 3 accuracy=0.9500 macro_f1=0.9490 (3.9 min)
--- fold 4/5 (train=400 val=100) ---
    [head 01/4] loss=1.5606 train_acc=0.3047 val_acc=0.5800
    [head 02/4] loss=1.3971 train_acc=0.4792 val_acc=0.5300
    [head 03/4] loss=1.3002 train_acc=0.5469 val_acc=0.6000
    [head 04/4] loss=1.2331 train_acc=0.5651 val_acc=0.6200
    [ft 01/46] loss=1.1902 train_acc=0.6198 val_acc=0.6700
    [ft 02/46] loss=1.0908 train_acc=0.6589 val_acc=0.7300
    [ft 03/46] loss=0.9786 train_acc=0.7526 val_acc=0.7600
    [ft 04/46] loss=0.8325 train_acc=0.8099 val_acc=0.7900
    [ft 05/46] loss=0.6647 train_acc=0.8490 val_acc=0.8200
    [ft 06/46] loss=0.5758 train_acc=0.8620 val_acc=0.8400
    [ft 07/46] loss=0.5301 train_acc=0.8854 val_acc=0.8900
    [ft 08/46] loss=0.4688 train_acc=0.9141 val_acc=0.8900
    [ft 09/46] loss=0.4749 train_acc=0.9141 val_acc=0.8900
    [ft 10/46] loss=0.4214 train_acc=0.9297 val_acc=0.8900
    [ft 11/46] loss=0.4375 train_acc=0.9115 val_acc=0.8900
    [ft 12/46] loss=0.4195 train_acc=0.9062 val_acc=0.8900
    [ft 13/46] loss=0.3805 train_acc=0.9427 val_acc=0.9300
    [ft 14/46] loss=0.4002 train_acc=0.9193 val_acc=0.9100
    [ft 15/46] loss=0.3931 train_acc=0.9401 val_acc=0.9100
    [ft 16/46] loss=0.3688 train_acc=0.9557 val_acc=0.9100
    [ft 17/46] loss=0.3596 train_acc=0.9505 val_acc=0.8600
    [ft 18/46] loss=0.3420 train_acc=0.9714 val_acc=0.9100
    [ft 19/46] loss=0.3535 train_acc=0.9583 val_acc=0.8900
    [ft 20/46] loss=0.3196 train_acc=0.9609 val_acc=0.8900
    [ft 21/46] loss=0.3078 train_acc=0.9661 val_acc=0.8900
    [ft 22/46] loss=0.3240 train_acc=0.9583 val_acc=0.8900
    [ft 23/46] loss=0.3041 train_acc=0.9714 val_acc=0.8900
    [ft 24/46] loss=0.3352 train_acc=0.9635 val_acc=0.8800
    [ft 25/46] loss=0.2977 train_acc=0.9844 val_acc=0.9000
    [ft 26/46] loss=0.2978 train_acc=0.9766 val_acc=0.8700
    [ft 27/46] loss=0.3089 train_acc=0.9792 val_acc=0.8700
    [ft 28/46] loss=0.2872 train_acc=0.9818 val_acc=0.8800
    [ft 29/46] loss=0.2913 train_acc=0.9818 val_acc=0.8800
    [ft 30/46] loss=0.2955 train_acc=0.9818 val_acc=0.9000
    [ft 31/46] loss=0.2820 train_acc=0.9922 val_acc=0.9000
    [ft 32/46] loss=0.2938 train_acc=0.9870 val_acc=0.8900
    [ft 33/46] loss=0.2769 train_acc=0.9870 val_acc=0.8900
    [ft 34/46] loss=0.2850 train_acc=0.9844 val_acc=0.9100
    [ft 35/46] loss=0.2893 train_acc=0.9766 val_acc=0.8900
    [ft 36/46] loss=0.2836 train_acc=0.9870 val_acc=0.8900
    [ft 37/46] loss=0.2979 train_acc=0.9766 val_acc=0.8900
    [ft 38/46] loss=0.2791 train_acc=0.9818 val_acc=0.8900
    [ft 39/46] loss=0.2916 train_acc=0.9792 val_acc=0.9000
    [ft 40/46] loss=0.2727 train_acc=0.9896 val_acc=0.9000
    [ft 41/46] loss=0.2787 train_acc=0.9870 val_acc=0.8900
    [ft 42/46] loss=0.2755 train_acc=0.9922 val_acc=0.9000
    [ft 43/46] loss=0.2869 train_acc=0.9792 val_acc=0.9000
    [ft 44/46] loss=0.2857 train_acc=0.9766 val_acc=0.9000
    [ft 45/46] loss=0.2689 train_acc=0.9948 val_acc=0.9000
    [ft 46/46] loss=0.2644 train_acc=0.9974 val_acc=0.9000
    final val_acc=0.9000 (best 0.9300 @ epoch 17/50)
    fold 4 accuracy=0.9000 macro_f1=0.9019 (3.9 min)
--- fold 5/5 (train=400 val=100) ---
    [head 01/4] loss=1.5554 train_acc=0.2969 val_acc=0.4500
    [head 02/4] loss=1.3901 train_acc=0.4870 val_acc=0.4600
    [head 03/4] loss=1.2844 train_acc=0.5547 val_acc=0.5000
    [head 04/4] loss=1.2199 train_acc=0.5729 val_acc=0.5300
    [ft 01/46] loss=1.1652 train_acc=0.5911 val_acc=0.5700
    [ft 02/46] loss=1.0819 train_acc=0.6562 val_acc=0.6500
    [ft 03/46] loss=0.9645 train_acc=0.7083 val_acc=0.7500
    [ft 04/46] loss=0.8015 train_acc=0.7995 val_acc=0.8500
    [ft 05/46] loss=0.6811 train_acc=0.8568 val_acc=0.9000
    [ft 06/46] loss=0.5882 train_acc=0.8464 val_acc=0.8900
    [ft 07/46] loss=0.5233 train_acc=0.8802 val_acc=0.8800
    [ft 08/46] loss=0.4477 train_acc=0.9271 val_acc=0.9100
    [ft 09/46] loss=0.4655 train_acc=0.9036 val_acc=0.9000
    [ft 10/46] loss=0.4145 train_acc=0.9297 val_acc=0.9200
    [ft 11/46] loss=0.4194 train_acc=0.9349 val_acc=0.9000
    [ft 12/46] loss=0.4072 train_acc=0.9193 val_acc=0.9100
    [ft 13/46] loss=0.3909 train_acc=0.9453 val_acc=0.9200
    [ft 14/46] loss=0.3747 train_acc=0.9505 val_acc=0.8900
    [ft 15/46] loss=0.3659 train_acc=0.9531 val_acc=0.8400
    [ft 16/46] loss=0.3880 train_acc=0.9479 val_acc=0.9000
    [ft 17/46] loss=0.3496 train_acc=0.9557 val_acc=0.8900
    [ft 18/46] loss=0.3745 train_acc=0.9505 val_acc=0.8900
    [ft 19/46] loss=0.3413 train_acc=0.9688 val_acc=0.8900
    [ft 20/46] loss=0.3294 train_acc=0.9635 val_acc=0.9000
    [ft 21/46] loss=0.2916 train_acc=0.9870 val_acc=0.9000
    [ft 22/46] loss=0.3118 train_acc=0.9661 val_acc=0.8900
    [ft 23/46] loss=0.3083 train_acc=0.9766 val_acc=0.8900
    [ft 24/46] loss=0.3207 train_acc=0.9714 val_acc=0.9200
    [ft 25/46] loss=0.2899 train_acc=0.9870 val_acc=0.9100
    [ft 26/46] loss=0.3160 train_acc=0.9714 val_acc=0.9100
    [ft 27/46] loss=0.2917 train_acc=0.9844 val_acc=0.9100
    [ft 28/46] loss=0.2827 train_acc=0.9818 val_acc=0.9200
    [ft 29/46] loss=0.2679 train_acc=0.9948 val_acc=0.9200
    [ft 30/46] loss=0.2906 train_acc=0.9870 val_acc=0.9200
    [ft 31/46] loss=0.2801 train_acc=0.9870 val_acc=0.9100
    [ft 32/46] loss=0.2815 train_acc=0.9896 val_acc=0.9100
    [ft 33/46] loss=0.2899 train_acc=0.9818 val_acc=0.9200
    [ft 34/46] loss=0.2654 train_acc=0.9974 val_acc=0.9200
    [ft 35/46] loss=0.2764 train_acc=0.9870 val_acc=0.9200
    [ft 36/46] loss=0.2744 train_acc=0.9896 val_acc=0.9200
    [ft 37/46] loss=0.2773 train_acc=0.9844 val_acc=0.9200
    [ft 38/46] loss=0.2681 train_acc=0.9948 val_acc=0.9200
    [ft 39/46] loss=0.2794 train_acc=0.9844 val_acc=0.9200
    [ft 40/46] loss=0.2805 train_acc=0.9844 val_acc=0.9200
    [ft 41/46] loss=0.2768 train_acc=0.9870 val_acc=0.9200
    [ft 42/46] loss=0.2690 train_acc=0.9922 val_acc=0.9200
    [ft 43/46] loss=0.2722 train_acc=0.9896 val_acc=0.9200
    [ft 44/46] loss=0.2714 train_acc=0.9922 val_acc=0.9200
    [ft 45/46] loss=0.2712 train_acc=0.9896 val_acc=0.9300
    [ft 46/46] loss=0.2721 train_acc=0.9922 val_acc=0.9300
    final val_acc=0.9300 (best 0.9300 @ epoch 49/50)
    fold 5 accuracy=0.9200 macro_f1=0.9157 (3.8 min)
=== b0_288: OOF accuracy=0.9140 macro_f1=0.9132 ===
