=== cnx320r3 | arch=convnext_tiny.fb_in22k_ft_in1k size=320 folds=5 crop=True device=cuda ===
normalisation mean=[0.485, 0.456, 0.406] std=[0.229, 0.224, 0.225]
--- fold 1/5 (train=641 val=100) ---
    [head 01/4] loss=1.5313 train_acc=0.3109 val_acc=0.5400
    [head 02/4] loss=1.2877 train_acc=0.4172 val_acc=0.6000
    [head 03/4] loss=1.1539 train_acc=0.5359 val_acc=0.7100
    [head 04/4] loss=1.0918 train_acc=0.5547 val_acc=0.7200
    [ft 01/40] loss=1.0121 train_acc=0.6109 val_acc=0.8000
    [ft 02/40] loss=0.9290 train_acc=0.6672 val_acc=0.8100
    [ft 03/40] loss=0.9583 train_acc=0.6312 val_acc=0.8100
    [ft 04/40] loss=0.9644 train_acc=0.6594 val_acc=0.8100
    [ft 05/40] loss=0.8345 train_acc=0.5516 val_acc=0.8100
    [ft 06/40] loss=0.9203 train_acc=0.6953 val_acc=0.8100
    [ft 07/40] loss=0.8673 train_acc=0.6344 val_acc=0.8900
    [ft 08/40] loss=0.8712 train_acc=0.7594 val_acc=0.8900
    [ft 09/40] loss=0.8628 train_acc=0.7219 val_acc=0.8900
    [ft 10/40] loss=0.7904 train_acc=0.7000 val_acc=0.9000
    [ft 11/40] loss=0.7957 train_acc=0.7031 val_acc=0.8600
    [ft 12/40] loss=0.9104 train_acc=0.8187 val_acc=0.8500
    [ft 13/40] loss=0.8797 train_acc=0.5563 val_acc=0.8900
    [ft 14/40] loss=0.7888 train_acc=0.7453 val_acc=0.9000
    [ft 15/40] loss=0.7564 train_acc=0.6906 val_acc=0.9000
    [ft 16/40] loss=0.8145 train_acc=0.7531 val_acc=0.9100
    [ft 17/40] loss=0.8364 train_acc=0.5719 val_acc=0.8900
    [ft 18/40] loss=0.6779 train_acc=0.6625 val_acc=0.8700
    [ft 19/40] loss=0.7263 train_acc=0.6297 val_acc=0.8700
    [ft 20/40] loss=0.8215 train_acc=0.6359 val_acc=0.8800
    [ft 21/40] loss=0.6872 train_acc=0.7031 val_acc=0.8800
    [ft 22/40] loss=0.7771 train_acc=0.8172 val_acc=0.8900
    [ft 23/40] loss=0.7382 train_acc=0.7438 val_acc=0.8700
    [ft 24/40] loss=0.7216 train_acc=0.7141 val_acc=0.8900
    [ft 25/40] loss=0.7082 train_acc=0.8391 val_acc=0.8800
    [ft 26/40] loss=0.7442 train_acc=0.8094 val_acc=0.9100
    [ft 27/40] loss=0.7634 train_acc=0.6813 val_acc=0.9400
    [ft 28/40] loss=0.7810 train_acc=0.6937 val_acc=0.9200
    [ft 29/40] loss=0.7578 train_acc=0.7078 val_acc=0.9100
    [ft 30/40] loss=0.7962 train_acc=0.7937 val_acc=0.9100
    [ft 31/40] loss=0.6979 train_acc=0.7359 val_acc=0.9100
    [ft 32/40] loss=0.7291 train_acc=0.6109 val_acc=0.9200
    [ft 33/40] loss=0.7725 train_acc=0.7219 val_acc=0.9300
    [ft 34/40] loss=0.6887 train_acc=0.7516 val_acc=0.9300
    [ft 35/40] loss=0.7182 train_acc=0.6594 val_acc=0.9200
    [ft 36/40] loss=0.6421 train_acc=0.6312 val_acc=0.9200
    [ft 37/40] loss=0.7294 train_acc=0.8703 val_acc=0.9100
    [ft 38/40] loss=0.6789 train_acc=0.7859 val_acc=0.9100
    [ft 39/40] loss=0.7641 train_acc=0.5797 val_acc=0.9200
    [ft 40/40] loss=0.7065 train_acc=0.8297 val_acc=0.9200
    final val_acc=0.9200 (best 0.9400 @ epoch 31/44)
    fold 1 accuracy=0.9400 macro_f1=0.9392 (5.4 min)
--- fold 2/5 (train=641 val=100) ---
    [head 01/4] loss=1.5300 train_acc=0.3156 val_acc=0.5600
    [head 02/4] loss=1.2973 train_acc=0.4234 val_acc=0.6400
    [head 03/4] loss=1.1624 train_acc=0.5234 val_acc=0.7800
    [head 04/4] loss=1.1122 train_acc=0.5547 val_acc=0.7900
    [ft 01/40] loss=1.0253 train_acc=0.6094 val_acc=0.8400
    [ft 02/40] loss=0.9374 train_acc=0.6547 val_acc=0.9000
    [ft 03/40] loss=0.9561 train_acc=0.6203 val_acc=0.8400
    [ft 04/40] loss=0.9497 train_acc=0.7031 val_acc=0.8700
    [ft 05/40] loss=0.8231 train_acc=0.5594 val_acc=0.9000
    [ft 06/40] loss=0.9352 train_acc=0.6766 val_acc=0.8200
    [ft 07/40] loss=0.8722 train_acc=0.6188 val_acc=0.9000
    [ft 08/40] loss=0.8681 train_acc=0.7703 val_acc=0.8600
    [ft 09/40] loss=0.8706 train_acc=0.7297 val_acc=0.9000
    [ft 10/40] loss=0.8050 train_acc=0.7000 val_acc=0.8800
    [ft 11/40] loss=0.8246 train_acc=0.6937 val_acc=0.9000
    [ft 12/40] loss=0.8663 train_acc=0.8375 val_acc=0.8800
    [ft 13/40] loss=0.8941 train_acc=0.5344 val_acc=0.8700
    [ft 14/40] loss=0.7623 train_acc=0.7609 val_acc=0.9200
    [ft 15/40] loss=0.7706 train_acc=0.6562 val_acc=0.8300
    [ft 16/40] loss=0.8013 train_acc=0.7312 val_acc=0.8800
    [ft 17/40] loss=0.8457 train_acc=0.5781 val_acc=0.8900
    [ft 18/40] loss=0.6607 train_acc=0.6656 val_acc=0.8900
    [ft 19/40] loss=0.6965 train_acc=0.6547 val_acc=0.9000
    [ft 20/40] loss=0.8131 train_acc=0.6188 val_acc=0.8800
    [ft 21/40] loss=0.7054 train_acc=0.6922 val_acc=0.9000
    [ft 22/40] loss=0.7978 train_acc=0.7766 val_acc=0.9000
    [ft 23/40] loss=0.7232 train_acc=0.7188 val_acc=0.9100
    [ft 24/40] loss=0.7206 train_acc=0.7188 val_acc=0.8800
    [ft 25/40] loss=0.7254 train_acc=0.8406 val_acc=0.8900
    [ft 26/40] loss=0.7595 train_acc=0.8109 val_acc=0.8800
    [ft 27/40] loss=0.7716 train_acc=0.6813 val_acc=0.8900
    [ft 28/40] loss=0.7916 train_acc=0.6969 val_acc=0.9000
    [ft 29/40] loss=0.7682 train_acc=0.7156 val_acc=0.9100
    [ft 30/40] loss=0.8068 train_acc=0.7766 val_acc=0.8900
    [ft 31/40] loss=0.7000 train_acc=0.7500 val_acc=0.8700
    [ft 32/40] loss=0.7218 train_acc=0.6125 val_acc=0.8700
    [ft 33/40] loss=0.7796 train_acc=0.7375 val_acc=0.8800
    [ft 34/40] loss=0.6896 train_acc=0.7578 val_acc=0.8900
    [ft 35/40] loss=0.7145 train_acc=0.6672 val_acc=0.8800
    [ft 36/40] loss=0.6381 train_acc=0.6531 val_acc=0.9000
    [ft 37/40] loss=0.7250 train_acc=0.8703 val_acc=0.9000
    [ft 38/40] loss=0.6758 train_acc=0.7812 val_acc=0.9000
    [ft 39/40] loss=0.7521 train_acc=0.5938 val_acc=0.9000
    [ft 40/40] loss=0.7004 train_acc=0.8375 val_acc=0.9000
    final val_acc=0.9000 (best 0.9200 @ epoch 18/44)
    fold 2 accuracy=0.9000 macro_f1=0.8997 (5.4 min)
--- fold 3/5 (train=641 val=100) ---
    [head 01/4] loss=1.5311 train_acc=0.3047 val_acc=0.5900
    [head 02/4] loss=1.2970 train_acc=0.3922 val_acc=0.7300
    [head 03/4] loss=1.1648 train_acc=0.5188 val_acc=0.8100
    [head 04/4] loss=1.0996 train_acc=0.5469 val_acc=0.8200
    [ft 01/40] loss=1.0108 train_acc=0.5984 val_acc=0.8100
    [ft 02/40] loss=0.9221 train_acc=0.6562 val_acc=0.8100
    [ft 03/40] loss=0.9592 train_acc=0.6047 val_acc=0.8600
    [ft 04/40] loss=0.9685 train_acc=0.6781 val_acc=0.9400
    [ft 05/40] loss=0.8160 train_acc=0.5500 val_acc=0.8700
    [ft 06/40] loss=0.9212 train_acc=0.6984 val_acc=0.8400
    [ft 07/40] loss=0.8866 train_acc=0.6016 val_acc=0.9100
    [ft 08/40] loss=0.8844 train_acc=0.7594 val_acc=0.9200
    [ft 09/40] loss=0.8730 train_acc=0.7125 val_acc=0.8800
    [ft 10/40] loss=0.8345 train_acc=0.6922 val_acc=0.9400
    [ft 11/40] loss=0.8011 train_acc=0.7109 val_acc=0.9400
    [ft 12/40] loss=0.8886 train_acc=0.8297 val_acc=0.8900
    [ft 13/40] loss=0.8884 train_acc=0.5500 val_acc=0.8800
    [ft 14/40] loss=0.7856 train_acc=0.7500 val_acc=0.9500
    [ft 15/40] loss=0.7584 train_acc=0.6641 val_acc=0.9400
    [ft 16/40] loss=0.8141 train_acc=0.7469 val_acc=0.9100
    [ft 17/40] loss=0.8231 train_acc=0.5578 val_acc=0.9100
    [ft 18/40] loss=0.6606 train_acc=0.6687 val_acc=0.9100
    [ft 19/40] loss=0.7106 train_acc=0.6484 val_acc=0.9100
    [ft 20/40] loss=0.8409 train_acc=0.6172 val_acc=0.9200
    [ft 21/40] loss=0.7107 train_acc=0.6781 val_acc=0.9500
    [ft 22/40] loss=0.7767 train_acc=0.8063 val_acc=0.9100
    [ft 23/40] loss=0.7387 train_acc=0.7391 val_acc=0.9200
    [ft 24/40] loss=0.7061 train_acc=0.7219 val_acc=0.9200
    [ft 25/40] loss=0.7098 train_acc=0.8500 val_acc=0.9300
    [ft 26/40] loss=0.7682 train_acc=0.8031 val_acc=0.9300
    [ft 27/40] loss=0.7785 train_acc=0.6953 val_acc=0.9700
    [ft 28/40] loss=0.7802 train_acc=0.7094 val_acc=0.9200
    [ft 29/40] loss=0.7629 train_acc=0.7172 val_acc=0.9400
    [ft 30/40] loss=0.7861 train_acc=0.8016 val_acc=0.9400
    [ft 31/40] loss=0.6971 train_acc=0.7266 val_acc=0.9500
    [ft 32/40] loss=0.7220 train_acc=0.6203 val_acc=0.9300
    [ft 33/40] loss=0.7753 train_acc=0.7469 val_acc=0.9500
    [ft 34/40] loss=0.6836 train_acc=0.7562 val_acc=0.9600
    [ft 35/40] loss=0.7095 train_acc=0.6609 val_acc=0.9600
    [ft 36/40] loss=0.6359 train_acc=0.6578 val_acc=0.9500
    [ft 37/40] loss=0.7270 train_acc=0.8719 val_acc=0.9500
    [ft 38/40] loss=0.6826 train_acc=0.7906 val_acc=0.9500
    [ft 39/40] loss=0.7513 train_acc=0.5813 val_acc=0.9500
    [ft 40/40] loss=0.6944 train_acc=0.8266 val_acc=0.9500
    final val_acc=0.9500 (best 0.9700 @ epoch 31/44)
    fold 3 accuracy=0.9600 macro_f1=0.9602 (5.5 min)
--- fold 4/5 (train=641 val=100) ---
    [head 01/4] loss=1.5201 train_acc=0.3141 val_acc=0.5200
    [head 02/4] loss=1.2862 train_acc=0.4375 val_acc=0.6300
    [head 03/4] loss=1.1532 train_acc=0.5281 val_acc=0.7100
    [head 04/4] loss=1.0919 train_acc=0.5547 val_acc=0.7400
    [ft 01/40] loss=1.0175 train_acc=0.6188 val_acc=0.7900
    [ft 02/40] loss=0.9255 train_acc=0.6422 val_acc=0.8400
    [ft 03/40] loss=0.9589 train_acc=0.6062 val_acc=0.8500
    [ft 04/40] loss=0.9758 train_acc=0.6937 val_acc=0.8700
    [ft 05/40] loss=0.8433 train_acc=0.5281 val_acc=0.8800
    [ft 06/40] loss=0.9168 train_acc=0.6906 val_acc=0.8500
    [ft 07/40] loss=0.8718 train_acc=0.6219 val_acc=0.8400
    [ft 08/40] loss=0.9048 train_acc=0.7406 val_acc=0.8500
    [ft 09/40] loss=0.8919 train_acc=0.7063 val_acc=0.8700
    [ft 10/40] loss=0.8276 train_acc=0.7047 val_acc=0.9200
    [ft 11/40] loss=0.8074 train_acc=0.6906 val_acc=0.9000
    [ft 12/40] loss=0.8764 train_acc=0.8250 val_acc=0.8700
    [ft 13/40] loss=0.8662 train_acc=0.5672 val_acc=0.8900
    [ft 14/40] loss=0.7785 train_acc=0.7375 val_acc=0.9100
    [ft 15/40] loss=0.7639 train_acc=0.6609 val_acc=0.8800
    [ft 16/40] loss=0.7884 train_acc=0.7766 val_acc=0.9100
    [ft 17/40] loss=0.8445 train_acc=0.5891 val_acc=0.9100
    [ft 18/40] loss=0.6631 train_acc=0.6500 val_acc=0.9000
    [ft 19/40] loss=0.7105 train_acc=0.6594 val_acc=0.8900
    [ft 20/40] loss=0.8234 train_acc=0.6188 val_acc=0.9200
    [ft 21/40] loss=0.7007 train_acc=0.7031 val_acc=0.9200
    [ft 22/40] loss=0.7597 train_acc=0.8031 val_acc=0.8900
    [ft 23/40] loss=0.7316 train_acc=0.7391 val_acc=0.9100
    [ft 24/40] loss=0.7277 train_acc=0.7047 val_acc=0.9000
    [ft 25/40] loss=0.7002 train_acc=0.8484 val_acc=0.9100
    [ft 26/40] loss=0.7681 train_acc=0.7984 val_acc=0.8900
    [ft 27/40] loss=0.7536 train_acc=0.6906 val_acc=0.9100
    [ft 28/40] loss=0.7771 train_acc=0.7031 val_acc=0.8900
    [ft 29/40] loss=0.7648 train_acc=0.7094 val_acc=0.9000
    [ft 30/40] loss=0.7984 train_acc=0.7859 val_acc=0.9000
    [ft 31/40] loss=0.6984 train_acc=0.7297 val_acc=0.9100
    [ft 32/40] loss=0.7158 train_acc=0.6156 val_acc=0.9100
    [ft 33/40] loss=0.7606 train_acc=0.7609 val_acc=0.8900
    [ft 34/40] loss=0.7010 train_acc=0.7344 val_acc=0.9100
    [ft 35/40] loss=0.7131 train_acc=0.6656 val_acc=0.9100
    [ft 36/40] loss=0.6404 train_acc=0.6578 val_acc=0.9000
    [ft 37/40] loss=0.7235 train_acc=0.8625 val_acc=0.9000
    [ft 38/40] loss=0.6775 train_acc=0.8016 val_acc=0.9000
    [ft 39/40] loss=0.7500 train_acc=0.5766 val_acc=0.9000
    [ft 40/40] loss=0.7061 train_acc=0.8094 val_acc=0.9000
    final val_acc=0.9000 (best 0.9200 @ epoch 14/44)
    fold 4 accuracy=0.9100 macro_f1=0.9109 (5.1 min)
--- fold 5/5 (train=641 val=100) ---
    [head 01/4] loss=1.5181 train_acc=0.3281 val_acc=0.4900
    [head 02/4] loss=1.2897 train_acc=0.4031 val_acc=0.5900
    [head 03/4] loss=1.1412 train_acc=0.5219 val_acc=0.7100
    [head 04/4] loss=1.0885 train_acc=0.5641 val_acc=0.7400
    [ft 01/40] loss=1.0212 train_acc=0.5844 val_acc=0.8000
    [ft 02/40] loss=0.9234 train_acc=0.6484 val_acc=0.8200
    [ft 03/40] loss=0.9549 train_acc=0.6188 val_acc=0.8000
    [ft 04/40] loss=0.9589 train_acc=0.6813 val_acc=0.8300
    [ft 05/40] loss=0.8237 train_acc=0.5578 val_acc=0.8800
    [ft 06/40] loss=0.9361 train_acc=0.6844 val_acc=0.8100
    [ft 07/40] loss=0.8654 train_acc=0.6234 val_acc=0.8700
    [ft 08/40] loss=0.8802 train_acc=0.7516 val_acc=0.8700
    [ft 09/40] loss=0.8461 train_acc=0.7234 val_acc=0.8900
    [ft 10/40] loss=0.8169 train_acc=0.7141 val_acc=0.8800
    [ft 11/40] loss=0.8093 train_acc=0.7047 val_acc=0.9100
    [ft 12/40] loss=0.8853 train_acc=0.8187 val_acc=0.9100
    [ft 13/40] loss=0.8847 train_acc=0.5563 val_acc=0.8200
    [ft 14/40] loss=0.7871 train_acc=0.7484 val_acc=0.9000
    [ft 15/40] loss=0.7669 train_acc=0.6609 val_acc=0.8700
    [ft 16/40] loss=0.8150 train_acc=0.7375 val_acc=0.9000
    [ft 17/40] loss=0.8230 train_acc=0.5922 val_acc=0.9100
    [ft 18/40] loss=0.6603 train_acc=0.6594 val_acc=0.9400
    [ft 19/40] loss=0.6923 train_acc=0.6578 val_acc=0.9200
    [ft 20/40] loss=0.8054 train_acc=0.6250 val_acc=0.8900
    [ft 21/40] loss=0.7046 train_acc=0.6984 val_acc=0.9300
    [ft 22/40] loss=0.7806 train_acc=0.8031 val_acc=0.9300
    [ft 23/40] loss=0.7362 train_acc=0.7312 val_acc=0.9300
    [ft 24/40] loss=0.7289 train_acc=0.7266 val_acc=0.9200
    [ft 25/40] loss=0.7015 train_acc=0.8406 val_acc=0.9300
    [ft 26/40] loss=0.7596 train_acc=0.8000 val_acc=0.9200
    [ft 27/40] loss=0.7542 train_acc=0.6969 val_acc=0.9400
    [ft 28/40] loss=0.7760 train_acc=0.7094 val_acc=0.9200
    [ft 29/40] loss=0.7468 train_acc=0.7047 val_acc=0.9200
    [ft 30/40] loss=0.7798 train_acc=0.8000 val_acc=0.9100
    [ft 31/40] loss=0.7038 train_acc=0.7312 val_acc=0.9100
    [ft 32/40] loss=0.7357 train_acc=0.6094 val_acc=0.9100
    [ft 33/40] loss=0.7677 train_acc=0.7422 val_acc=0.9200
    [ft 34/40] loss=0.6830 train_acc=0.7484 val_acc=0.9100
    [ft 35/40] loss=0.7087 train_acc=0.6656 val_acc=0.9100
    [ft 36/40] loss=0.6282 train_acc=0.6594 val_acc=0.9100
    [ft 37/40] loss=0.7242 train_acc=0.8688 val_acc=0.9200
    [ft 38/40] loss=0.6750 train_acc=0.8063 val_acc=0.9200
    [ft 39/40] loss=0.7460 train_acc=0.5922 val_acc=0.9200
    [ft 40/40] loss=0.6951 train_acc=0.8297 val_acc=0.9200
    final val_acc=0.9200 (best 0.9400 @ epoch 22/44)
    fold 5 accuracy=0.9100 macro_f1=0.9060 (5.2 min)
=== cnx320r3: OOF accuracy=0.9240 macro_f1=0.9237 ===
