=== fix_cnx320p | arch=convnext_tiny.fb_in22k_ft_in1k size=320 folds=5 crop=True device=cuda ===
normalisation mean=[0.485, 0.456, 0.406] std=[0.229, 0.224, 0.225]
--- fold 1/5 (train=584 val=100) ---
=== fix_cnx320p | arch=convnext_tiny.fb_in22k_ft_in1k size=320 folds=5 crop=True device=cuda ===
normalisation mean=[0.485, 0.456, 0.406] std=[0.229, 0.224, 0.225]
--- fold 1/5 (train=584 val=100) ---
    [head 01/4] loss=1.5315 train_acc=0.3316 val_acc=0.5900
    [head 02/4] loss=1.2647 train_acc=0.4670 val_acc=0.6400
    [head 03/4] loss=1.1159 train_acc=0.5156 val_acc=0.7300
    [head 04/4] loss=1.0328 train_acc=0.5764 val_acc=0.7200
    [ft 01/40] loss=0.9890 train_acc=0.7135 val_acc=0.8100
    [ft 02/40] loss=0.8438 train_acc=0.6406 val_acc=0.8300
    [ft 03/40] loss=0.9552 train_acc=0.6562 val_acc=0.8400
    [ft 04/40] loss=0.8703 train_acc=0.6372 val_acc=0.8100
    [ft 05/40] loss=0.9263 train_acc=0.7170 val_acc=0.8000
    [ft 06/40] loss=0.7793 train_acc=0.5382 val_acc=0.8700
    [ft 07/40] loss=0.8937 train_acc=0.7066 val_acc=0.8900
    [ft 08/40] loss=0.8298 train_acc=0.6875 val_acc=0.9000
    [ft 09/40] loss=0.7613 train_acc=0.7240 val_acc=0.9100
    [ft 10/40] loss=0.8687 train_acc=0.7118 val_acc=0.8900
    [ft 11/40] loss=0.7920 train_acc=0.7552 val_acc=0.8900
    [ft 12/40] loss=0.8284 train_acc=0.7396 val_acc=0.9100
    [ft 13/40] loss=0.7911 train_acc=0.6701 val_acc=0.9300
    [ft 14/40] loss=0.8304 train_acc=0.7587 val_acc=0.9400
    [ft 15/40] loss=0.8067 train_acc=0.6528 val_acc=0.8700
    [ft 16/40] loss=0.7430 train_acc=0.7604 val_acc=0.9300
    [ft 17/40] loss=0.7266 train_acc=0.6632 val_acc=0.9400
    [ft 18/40] loss=0.7643 train_acc=0.7535 val_acc=0.9300
    [ft 19/40] loss=0.7929 train_acc=0.6562 val_acc=0.9500
    [ft 20/40] loss=0.6745 train_acc=0.6267 val_acc=0.9600
    [ft 21/40] loss=0.6145 train_acc=0.7083 val_acc=0.9600
    [ft 22/40] loss=0.7714 train_acc=0.6840 val_acc=0.9600
    [ft 23/40] loss=0.6996 train_acc=0.5694 val_acc=0.9500
    [ft 24/40] loss=0.7193 train_acc=0.8142 val_acc=0.9200
    [ft 25/40] loss=0.6990 train_acc=0.8003 val_acc=0.9500
    [ft 26/40] loss=0.7039 train_acc=0.7274 val_acc=0.9600
    [ft 27/40] loss=0.7189 train_acc=0.6736 val_acc=0.9500
    [ft 28/40] loss=0.6342 train_acc=0.8628 val_acc=0.9600
    [ft 29/40] loss=0.7839 train_acc=0.8090 val_acc=0.9400
    [ft 30/40] loss=0.6114 train_acc=0.8594 val_acc=0.9400
    [ft 31/40] loss=0.7751 train_acc=0.5955 val_acc=0.9500
    [ft 32/40] loss=0.6884 train_acc=0.7743 val_acc=0.9600
    [ft 33/40] loss=0.7695 train_acc=0.7760 val_acc=0.9500
    [ft 34/40] loss=0.7417 train_acc=0.7743 val_acc=0.9600
    [ft 35/40] loss=0.6968 train_acc=0.7031 val_acc=0.9600
    [ft 36/40] loss=0.6854 train_acc=0.6597 val_acc=0.9600
    [ft 37/40] loss=0.7324 train_acc=0.7431 val_acc=0.9600
    [ft 38/40] loss=0.7369 train_acc=0.7899 val_acc=0.9600
    [ft 39/40] loss=0.6443 train_acc=0.6337 val_acc=0.9600
    [ft 40/40] loss=0.6927 train_acc=0.6493 val_acc=0.9600
    final val_acc=0.9600 (best 0.9600 @ epoch 24/44)
=== fix_cnx320p | arch=convnext_tiny.fb_in22k_ft_in1k size=320 folds=5 crop=True device=cuda ===
normalisation mean=[0.485, 0.456, 0.406] std=[0.229, 0.224, 0.225]
--- fold 1/5 (train=584 val=100) ---
    [head 01/4] loss=1.5315 train_acc=0.3316 val_acc=0.5900
    [head 02/4] loss=1.2647 train_acc=0.4670 val_acc=0.6400
    [head 03/4] loss=1.1159 train_acc=0.5156 val_acc=0.7300
    [head 04/4] loss=1.0328 train_acc=0.5764 val_acc=0.7200
    [ft 01/40] loss=0.9890 train_acc=0.7135 val_acc=0.8100
    [ft 02/40] loss=0.8438 train_acc=0.6406 val_acc=0.8300
    [ft 03/40] loss=0.9552 train_acc=0.6562 val_acc=0.8400
    [ft 04/40] loss=0.8703 train_acc=0.6372 val_acc=0.8100
    [ft 05/40] loss=0.9263 train_acc=0.7170 val_acc=0.8000
    [ft 06/40] loss=0.7793 train_acc=0.5382 val_acc=0.8700
    [ft 07/40] loss=0.8937 train_acc=0.7066 val_acc=0.8900
    [ft 08/40] loss=0.8298 train_acc=0.6875 val_acc=0.9000
    [ft 09/40] loss=0.7613 train_acc=0.7240 val_acc=0.9100
    [ft 10/40] loss=0.8687 train_acc=0.7118 val_acc=0.8900
    [ft 11/40] loss=0.7920 train_acc=0.7552 val_acc=0.8900
    [ft 12/40] loss=0.8284 train_acc=0.7396 val_acc=0.9100
    [ft 13/40] loss=0.7911 train_acc=0.6701 val_acc=0.9300
    [ft 14/40] loss=0.8304 train_acc=0.7587 val_acc=0.9400
    [ft 15/40] loss=0.8067 train_acc=0.6528 val_acc=0.8700
    [ft 16/40] loss=0.7430 train_acc=0.7604 val_acc=0.9300
    [ft 17/40] loss=0.7266 train_acc=0.6632 val_acc=0.9400
    [ft 18/40] loss=0.7643 train_acc=0.7535 val_acc=0.9300
    [ft 19/40] loss=0.7929 train_acc=0.6562 val_acc=0.9500
    [ft 20/40] loss=0.6745 train_acc=0.6267 val_acc=0.9600
    [ft 21/40] loss=0.6145 train_acc=0.7083 val_acc=0.9600
    [ft 22/40] loss=0.7714 train_acc=0.6840 val_acc=0.9600
    [ft 23/40] loss=0.6996 train_acc=0.5694 val_acc=0.9500
    [ft 24/40] loss=0.7193 train_acc=0.8142 val_acc=0.9200
    [ft 25/40] loss=0.6990 train_acc=0.8003 val_acc=0.9500
    [ft 26/40] loss=0.7039 train_acc=0.7274 val_acc=0.9600
    [ft 27/40] loss=0.7189 train_acc=0.6736 val_acc=0.9500
    [ft 28/40] loss=0.6342 train_acc=0.8628 val_acc=0.9600
    [ft 29/40] loss=0.7839 train_acc=0.8090 val_acc=0.9400
    [ft 30/40] loss=0.6114 train_acc=0.8594 val_acc=0.9400
    [ft 31/40] loss=0.7751 train_acc=0.5955 val_acc=0.9500
    [ft 32/40] loss=0.6884 train_acc=0.7743 val_acc=0.9600
    [ft 33/40] loss=0.7695 train_acc=0.7760 val_acc=0.9500
    [ft 34/40] loss=0.7417 train_acc=0.7743 val_acc=0.9600
    [ft 35/40] loss=0.6968 train_acc=0.7031 val_acc=0.9600
    [ft 36/40] loss=0.6854 train_acc=0.6597 val_acc=0.9600
    [ft 37/40] loss=0.7324 train_acc=0.7431 val_acc=0.9600
    [ft 38/40] loss=0.7369 train_acc=0.7899 val_acc=0.9600
    [ft 39/40] loss=0.6443 train_acc=0.6337 val_acc=0.9600
    [ft 40/40] loss=0.6927 train_acc=0.6493 val_acc=0.9600
    final val_acc=0.9600 (best 0.9600 @ epoch 24/44)
    fold 1 accuracy=0.9500 macro_f1=0.9505 (4.6 min)
--- fold 2/5 (train=584 val=100) ---
    [head 01/4] loss=1.5014 train_acc=0.3507 val_acc=0.6600
    [head 02/4] loss=1.2614 train_acc=0.4549 val_acc=0.6900
    [head 03/4] loss=1.1246 train_acc=0.5330 val_acc=0.7800
    [head 04/4] loss=1.0437 train_acc=0.5712 val_acc=0.8100
    [ft 01/40] loss=1.0062 train_acc=0.6927 val_acc=0.9000
    [ft 02/40] loss=0.8411 train_acc=0.6684 val_acc=0.8900
    [ft 03/40] loss=0.9674 train_acc=0.6562 val_acc=0.8700
    [ft 04/40] loss=0.9088 train_acc=0.6215 val_acc=0.8500
    [ft 05/40] loss=0.9298 train_acc=0.7274 val_acc=0.8600
    [ft 06/40] loss=0.7468 train_acc=0.5486 val_acc=0.8900
    [ft 07/40] loss=0.9266 train_acc=0.6875 val_acc=0.8400
    [ft 08/40] loss=0.8568 train_acc=0.6736 val_acc=0.9300
    [ft 09/40] loss=0.7708 train_acc=0.7274 val_acc=0.9100
    [ft 10/40] loss=0.8870 train_acc=0.7517 val_acc=0.9000
    [ft 11/40] loss=0.7712 train_acc=0.7396 val_acc=0.9000
    [ft 12/40] loss=0.8449 train_acc=0.7465 val_acc=0.9100
    [ft 13/40] loss=0.8159 train_acc=0.6684 val_acc=0.9200
    [ft 14/40] loss=0.8629 train_acc=0.7535 val_acc=0.9300
    [ft 15/40] loss=0.8200 train_acc=0.6476 val_acc=0.9000
    [ft 16/40] loss=0.7677 train_acc=0.7448 val_acc=0.9100
    [ft 17/40] loss=0.7264 train_acc=0.6719 val_acc=0.9200
    [ft 18/40] loss=0.7645 train_acc=0.7483 val_acc=0.9400
    [ft 19/40] loss=0.7931 train_acc=0.6632 val_acc=0.9100
    [ft 20/40] loss=0.6731 train_acc=0.6285 val_acc=0.9500
    [ft 21/40] loss=0.6202 train_acc=0.6962 val_acc=0.9200
    [ft 22/40] loss=0.7808 train_acc=0.6736 val_acc=0.9400
    [ft 23/40] loss=0.7202 train_acc=0.5729 val_acc=0.9600
    [ft 24/40] loss=0.7204 train_acc=0.8229 val_acc=0.9600
    [ft 25/40] loss=0.6970 train_acc=0.8125 val_acc=0.9500
    [ft 26/40] loss=0.7188 train_acc=0.7205 val_acc=0.9300
    [ft 27/40] loss=0.7213 train_acc=0.6719 val_acc=0.9600
    [ft 28/40] loss=0.6497 train_acc=0.8611 val_acc=0.9500
    [ft 29/40] loss=0.7838 train_acc=0.8142 val_acc=0.9600
    [ft 30/40] loss=0.6218 train_acc=0.8611 val_acc=0.9700
    [ft 31/40] loss=0.7969 train_acc=0.5712 val_acc=0.9700
    [ft 32/40] loss=0.6931 train_acc=0.7448 val_acc=0.9600
    [ft 33/40] loss=0.7774 train_acc=0.7778 val_acc=0.9600
    [ft 34/40] loss=0.7523 train_acc=0.7691 val_acc=0.9600
    [ft 35/40] loss=0.7064 train_acc=0.6962 val_acc=0.9700
    [ft 36/40] loss=0.6892 train_acc=0.6476 val_acc=0.9700
    [ft 37/40] loss=0.7355 train_acc=0.7656 val_acc=0.9700
    [ft 38/40] loss=0.7390 train_acc=0.8160 val_acc=0.9700
    [ft 39/40] loss=0.6453 train_acc=0.6128 val_acc=0.9700
    [ft 40/40] loss=0.6984 train_acc=0.6424 val_acc=0.9700
    final val_acc=0.9700 (best 0.9700 @ epoch 34/44)
    fold 2 accuracy=0.9700 macro_f1=0.9699 (4.4 min)
--- fold 3/5 (train=584 val=100) ---
    [head 01/4] loss=1.5129 train_acc=0.3368 val_acc=0.6700
    [head 02/4] loss=1.2514 train_acc=0.4740 val_acc=0.7400
    [head 03/4] loss=1.1107 train_acc=0.4948 val_acc=0.8400
    [head 04/4] loss=1.0369 train_acc=0.5955 val_acc=0.7900
    [ft 01/40] loss=1.0014 train_acc=0.7118 val_acc=0.8600
    [ft 02/40] loss=0.8596 train_acc=0.6649 val_acc=0.8700
    [ft 03/40] loss=0.9490 train_acc=0.6562 val_acc=0.8700
    [ft 04/40] loss=0.9031 train_acc=0.6163 val_acc=0.8700
    [ft 05/40] loss=0.9383 train_acc=0.7135 val_acc=0.8500
    [ft 06/40] loss=0.7322 train_acc=0.5538 val_acc=0.8600
    [ft 07/40] loss=0.9286 train_acc=0.6823 val_acc=0.8000
    [ft 08/40] loss=0.9027 train_acc=0.6406 val_acc=0.9100
    [ft 09/40] loss=0.7705 train_acc=0.7240 val_acc=0.9200
    [ft 10/40] loss=0.8764 train_acc=0.7274 val_acc=0.9000
    [ft 11/40] loss=0.8048 train_acc=0.7257 val_acc=0.8700
    [ft 12/40] loss=0.8521 train_acc=0.7257 val_acc=0.9600
    [ft 13/40] loss=0.7857 train_acc=0.6910 val_acc=0.9500
    [ft 14/40] loss=0.8310 train_acc=0.7569 val_acc=0.9000
    [ft 15/40] loss=0.8410 train_acc=0.6458 val_acc=0.8900
    [ft 16/40] loss=0.7610 train_acc=0.7483 val_acc=0.9300
    [ft 17/40] loss=0.7180 train_acc=0.6719 val_acc=0.9000
    [ft 18/40] loss=0.7849 train_acc=0.7413 val_acc=0.9100
    [ft 19/40] loss=0.7911 train_acc=0.6701 val_acc=0.9300
    [ft 20/40] loss=0.6794 train_acc=0.6267 val_acc=0.9300
    [ft 21/40] loss=0.6279 train_acc=0.7135 val_acc=0.9100
    [ft 22/40] loss=0.7975 train_acc=0.6684 val_acc=0.9400
    [ft 23/40] loss=0.7280 train_acc=0.5799 val_acc=0.9100
    [ft 24/40] loss=0.7250 train_acc=0.8194 val_acc=0.9400
    [ft 25/40] loss=0.6982 train_acc=0.8125 val_acc=0.9600
    [ft 26/40] loss=0.7092 train_acc=0.7222 val_acc=0.9400
    [ft 27/40] loss=0.7186 train_acc=0.6719 val_acc=0.9500
    [ft 28/40] loss=0.6452 train_acc=0.8611 val_acc=0.9400
    [ft 29/40] loss=0.7949 train_acc=0.8108 val_acc=0.9400
    [ft 30/40] loss=0.6273 train_acc=0.8524 val_acc=0.9400
    [ft 31/40] loss=0.7880 train_acc=0.5747 val_acc=0.9500
    [ft 32/40] loss=0.6980 train_acc=0.7552 val_acc=0.9400
    [ft 33/40] loss=0.7696 train_acc=0.7830 val_acc=0.9600
    [ft 34/40] loss=0.7590 train_acc=0.7639 val_acc=0.9500
    [ft 35/40] loss=0.7008 train_acc=0.6927 val_acc=0.9500
    [ft 36/40] loss=0.6867 train_acc=0.6545 val_acc=0.9500
    [ft 37/40] loss=0.7292 train_acc=0.7587 val_acc=0.9500
    [ft 38/40] loss=0.7296 train_acc=0.8108 val_acc=0.9500
    [ft 39/40] loss=0.6411 train_acc=0.6163 val_acc=0.9500
    [ft 40/40] loss=0.7083 train_acc=0.6597 val_acc=0.9500
    final val_acc=0.9500 (best 0.9600 @ epoch 16/44)
    fold 3 accuracy=0.9300 macro_f1=0.9292 (4.4 min)
--- fold 4/5 (train=584 val=100) ---
    [head 01/4] loss=1.5058 train_acc=0.3403 val_acc=0.6000
    [head 02/4] loss=1.2682 train_acc=0.4479 val_acc=0.6400
    [head 03/4] loss=1.1109 train_acc=0.5330 val_acc=0.7200
    [head 04/4] loss=1.0417 train_acc=0.5851 val_acc=0.7200
    [ft 01/40] loss=1.0230 train_acc=0.6962 val_acc=0.7800
    [ft 02/40] loss=0.8453 train_acc=0.6597 val_acc=0.8600
    [ft 03/40] loss=0.9518 train_acc=0.6753 val_acc=0.8400
    [ft 04/40] loss=0.9078 train_acc=0.6389 val_acc=0.8700
    [ft 05/40] loss=0.9457 train_acc=0.7101 val_acc=0.8800
    [ft 06/40] loss=0.7707 train_acc=0.5295 val_acc=0.8500
    [ft 07/40] loss=0.9193 train_acc=0.6753 val_acc=0.8900
    [ft 08/40] loss=0.8281 train_acc=0.6736 val_acc=0.9000
    [ft 09/40] loss=0.7688 train_acc=0.7240 val_acc=0.9400
    [ft 10/40] loss=0.8817 train_acc=0.7101 val_acc=0.8500
    [ft 11/40] loss=0.8176 train_acc=0.7153 val_acc=0.9100
    [ft 12/40] loss=0.8392 train_acc=0.7431 val_acc=0.8800
    [ft 13/40] loss=0.8115 train_acc=0.6701 val_acc=0.9200
    [ft 14/40] loss=0.8371 train_acc=0.7465 val_acc=0.9200
    [ft 15/40] loss=0.8179 train_acc=0.6476 val_acc=0.9600
    [ft 16/40] loss=0.7317 train_acc=0.7760 val_acc=0.9400
    [ft 17/40] loss=0.7260 train_acc=0.6736 val_acc=0.9400
    [ft 18/40] loss=0.7751 train_acc=0.7431 val_acc=0.9400
    [ft 19/40] loss=0.8112 train_acc=0.6458 val_acc=0.9500
    [ft 20/40] loss=0.6862 train_acc=0.6198 val_acc=0.9500
    [ft 21/40] loss=0.6296 train_acc=0.7205 val_acc=0.9500
    [ft 22/40] loss=0.7770 train_acc=0.6806 val_acc=0.9600
    [ft 23/40] loss=0.7269 train_acc=0.5764 val_acc=0.9500
    [ft 24/40] loss=0.7138 train_acc=0.8212 val_acc=0.9400
    [ft 25/40] loss=0.7050 train_acc=0.8194 val_acc=0.9600
    [ft 26/40] loss=0.7088 train_acc=0.7274 val_acc=0.9400
    [ft 27/40] loss=0.7286 train_acc=0.6597 val_acc=0.9600
    [ft 28/40] loss=0.6456 train_acc=0.8507 val_acc=0.9300
    [ft 29/40] loss=0.7972 train_acc=0.8351 val_acc=0.9600
    [ft 30/40] loss=0.6213 train_acc=0.8542 val_acc=0.9400
    [ft 31/40] loss=0.7965 train_acc=0.5799 val_acc=0.9500
    [ft 32/40] loss=0.6971 train_acc=0.7465 val_acc=0.9600
    [ft 33/40] loss=0.7718 train_acc=0.7812 val_acc=0.9500
    [ft 34/40] loss=0.7433 train_acc=0.7656 val_acc=0.9500
    [ft 35/40] loss=0.7089 train_acc=0.7066 val_acc=0.9500
    [ft 36/40] loss=0.6947 train_acc=0.6528 val_acc=0.9500
    [ft 37/40] loss=0.7257 train_acc=0.7674 val_acc=0.9500
    [ft 38/40] loss=0.7278 train_acc=0.8125 val_acc=0.9500
    [ft 39/40] loss=0.6525 train_acc=0.6024 val_acc=0.9500
    [ft 40/40] loss=0.7051 train_acc=0.6493 val_acc=0.9500
    final val_acc=0.9500 (best 0.9600 @ epoch 19/44)
    fold 4 accuracy=0.9400 macro_f1=0.9395 (4.4 min)
--- fold 5/5 (train=584 val=100) ---
    [head 01/4] loss=1.4956 train_acc=0.3663 val_acc=0.5200
    [head 02/4] loss=1.2397 train_acc=0.5000 val_acc=0.5700
    [head 03/4] loss=1.1023 train_acc=0.5469 val_acc=0.7300
    [head 04/4] loss=1.0370 train_acc=0.5781 val_acc=0.7700
    [ft 01/40] loss=1.0006 train_acc=0.6997 val_acc=0.8000
    [ft 02/40] loss=0.8454 train_acc=0.6493 val_acc=0.8500
    [ft 03/40] loss=0.9591 train_acc=0.6510 val_acc=0.8800
    [ft 04/40] loss=0.8720 train_acc=0.6441 val_acc=0.8500
    [ft 05/40] loss=0.9403 train_acc=0.7118 val_acc=0.8600
    [ft 06/40] loss=0.7885 train_acc=0.5382 val_acc=0.8700
    [ft 07/40] loss=0.8818 train_acc=0.6944 val_acc=0.8500
    [ft 08/40] loss=0.8499 train_acc=0.6806 val_acc=0.8900
    [ft 09/40] loss=0.7608 train_acc=0.7326 val_acc=0.8900
    [ft 10/40] loss=0.8720 train_acc=0.7031 val_acc=0.8800
    [ft 11/40] loss=0.7631 train_acc=0.7691 val_acc=0.9000
    [ft 12/40] loss=0.8398 train_acc=0.7257 val_acc=0.9000
    [ft 13/40] loss=0.7861 train_acc=0.6736 val_acc=0.9000
    [ft 14/40] loss=0.8318 train_acc=0.7535 val_acc=0.8800
    [ft 15/40] loss=0.8282 train_acc=0.6476 val_acc=0.8800
    [ft 16/40] loss=0.7372 train_acc=0.7760 val_acc=0.8700
    [ft 17/40] loss=0.7188 train_acc=0.6892 val_acc=0.9000
    [ft 18/40] loss=0.7690 train_acc=0.7587 val_acc=0.8800
    [ft 19/40] loss=0.7922 train_acc=0.6615 val_acc=0.8700
    [ft 20/40] loss=0.6737 train_acc=0.6354 val_acc=0.8900
    [ft 21/40] loss=0.6243 train_acc=0.7118 val_acc=0.9000
    [ft 22/40] loss=0.7901 train_acc=0.6476 val_acc=0.9200
    [ft 23/40] loss=0.7255 train_acc=0.5729 val_acc=0.9000
    [ft 24/40] loss=0.7261 train_acc=0.8194 val_acc=0.8800
    [ft 25/40] loss=0.7068 train_acc=0.8212 val_acc=0.9100
    [ft 26/40] loss=0.7068 train_acc=0.7431 val_acc=0.9100
    [ft 27/40] loss=0.7146 train_acc=0.6719 val_acc=0.9000
    [ft 28/40] loss=0.6494 train_acc=0.8646 val_acc=0.8800
    [ft 29/40] loss=0.8026 train_acc=0.8177 val_acc=0.9200
    [ft 30/40] loss=0.6238 train_acc=0.8490 val_acc=0.9100
    [ft 31/40] loss=0.7797 train_acc=0.5833 val_acc=0.9000
    [ft 32/40] loss=0.6911 train_acc=0.7726 val_acc=0.8900
    [ft 33/40] loss=0.7672 train_acc=0.7778 val_acc=0.9200
    [ft 34/40] loss=0.7434 train_acc=0.7778 val_acc=0.9100
    [ft 35/40] loss=0.6986 train_acc=0.7135 val_acc=0.9100
    [ft 36/40] loss=0.7005 train_acc=0.6372 val_acc=0.9100
    [ft 37/40] loss=0.7354 train_acc=0.7708 val_acc=0.9100
    [ft 38/40] loss=0.7265 train_acc=0.8056 val_acc=0.9100
    [ft 39/40] loss=0.6512 train_acc=0.6198 val_acc=0.9100
    [ft 40/40] loss=0.6965 train_acc=0.6649 val_acc=0.9100
    final val_acc=0.9100 (best 0.9200 @ epoch 26/44)
    fold 5 accuracy=0.9200 macro_f1=0.9181 (4.4 min)
=== fix_cnx320p: OOF accuracy=0.9420 macro_f1=0.9417 ===
