=== cnx384m | arch=convnext_tiny.fb_in22k_ft_in1k size=384 folds=5 crop=True device=cuda ===
normalisation mean=[0.485, 0.456, 0.406] std=[0.229, 0.224, 0.225]
--- fold 1/5 (train=588 val=100) ---
    [head 01/4] loss=1.5517 train_acc=0.3490 val_acc=0.3500
    [head 02/4] loss=1.3255 train_acc=0.4340 val_acc=0.5500
    [head 03/4] loss=1.2706 train_acc=0.5208 val_acc=0.6400
    [head 04/4] loss=1.2096 train_acc=0.4826 val_acc=0.6800
    [ft 01/40] loss=1.1128 train_acc=0.5920 val_acc=0.7700
    [ft 02/40] loss=0.9430 train_acc=0.6233 val_acc=0.8300
    [ft 03/40] loss=0.9136 train_acc=0.5365 val_acc=0.8300
    [ft 04/40] loss=0.9832 train_acc=0.5851 val_acc=0.8200
    [ft 05/40] loss=1.0217 train_acc=0.6441 val_acc=0.8100
    [ft 06/40] loss=0.8705 train_acc=0.7812 val_acc=0.8100
    [ft 07/40] loss=0.9232 train_acc=0.6771 val_acc=0.8300
    [ft 08/40] loss=0.9297 train_acc=0.6736 val_acc=0.8800
    [ft 09/40] loss=0.7781 train_acc=0.6476 val_acc=0.8900
    [ft 10/40] loss=0.7796 train_acc=0.7604 val_acc=0.9200
    [ft 11/40] loss=0.8955 train_acc=0.6875 val_acc=0.8200
    [ft 12/40] loss=0.8468 train_acc=0.7500 val_acc=0.9000
    [ft 13/40] loss=0.8986 train_acc=0.6528 val_acc=0.8900
    [ft 14/40] loss=0.7995 train_acc=0.7101 val_acc=0.8700
    [ft 15/40] loss=0.8196 train_acc=0.6302 val_acc=0.8800
    [ft 16/40] loss=0.7317 train_acc=0.6910 val_acc=0.9100
    [ft 17/40] loss=0.8137 train_acc=0.6059 val_acc=0.8700
    [ft 18/40] loss=0.8430 train_acc=0.8316 val_acc=0.9100
    [ft 19/40] loss=0.7243 train_acc=0.5156 val_acc=0.9200
    [ft 20/40] loss=0.6906 train_acc=0.6319 val_acc=0.8700
    [ft 21/40] loss=0.6957 train_acc=0.7639 val_acc=0.9100
    [ft 22/40] loss=0.7101 train_acc=0.6719 val_acc=0.9200
    [ft 23/40] loss=0.7171 train_acc=0.6875 val_acc=0.9400
    [ft 24/40] loss=0.7165 train_acc=0.7535 val_acc=0.9200
    [ft 25/40] loss=0.7270 train_acc=0.8229 val_acc=0.8800
    [ft 26/40] loss=0.7028 train_acc=0.7517 val_acc=0.9200
    [ft 27/40] loss=0.7659 train_acc=0.6823 val_acc=0.9200
    [ft 28/40] loss=0.6726 train_acc=0.5920 val_acc=0.9200
    [ft 29/40] loss=0.6807 train_acc=0.6875 val_acc=0.9300
    [ft 30/40] loss=0.8896 train_acc=0.6788 val_acc=0.9200
    [ft 31/40] loss=0.6740 train_acc=0.7622 val_acc=0.9300
    [ft 32/40] loss=0.7367 train_acc=0.8472 val_acc=0.9200
    [ft 33/40] loss=0.6650 train_acc=0.8438 val_acc=0.9200
    [ft 34/40] loss=0.6308 train_acc=0.7274 val_acc=0.9300
    [ft 35/40] loss=0.7242 train_acc=0.6667 val_acc=0.9300
    [ft 36/40] loss=0.7978 train_acc=0.7882 val_acc=0.9300
    [ft 37/40] loss=0.7105 train_acc=0.6997 val_acc=0.9300
    [ft 38/40] loss=0.7541 train_acc=0.7344 val_acc=0.9300
    [ft 39/40] loss=0.7059 train_acc=0.6458 val_acc=0.9300
    [ft 40/40] loss=0.6835 train_acc=0.5538 val_acc=0.9300
    final val_acc=0.9300 (best 0.9400 @ epoch 27/44)
    fold 1 accuracy=0.9300 macro_f1=0.9307 (8.1 min)
--- fold 2/5 (train=588 val=100) ---
    [head 01/4] loss=1.5522 train_acc=0.3299 val_acc=0.4400
    [head 02/4] loss=1.3439 train_acc=0.4132 val_acc=0.6400
    [head 03/4] loss=1.2567 train_acc=0.5087 val_acc=0.6700
    [head 04/4] loss=1.2240 train_acc=0.5087 val_acc=0.7300
    [ft 01/40] loss=1.1239 train_acc=0.5851 val_acc=0.8500
    [ft 02/40] loss=0.9517 train_acc=0.6476 val_acc=0.8400
    [ft 03/40] loss=0.9329 train_acc=0.5469 val_acc=0.8400
    [ft 04/40] loss=0.9657 train_acc=0.5851 val_acc=0.8500
    [ft 05/40] loss=1.0339 train_acc=0.6424 val_acc=0.7800
    [ft 06/40] loss=0.8812 train_acc=0.7760 val_acc=0.8800
    [ft 07/40] loss=0.8810 train_acc=0.6962 val_acc=0.8500
    [ft 08/40] loss=0.9000 train_acc=0.6875 val_acc=0.8200
    [ft 09/40] loss=0.8008 train_acc=0.6389 val_acc=0.9000
    [ft 10/40] loss=0.7880 train_acc=0.7500 val_acc=0.8900
    [ft 11/40] loss=0.8845 train_acc=0.6701 val_acc=0.8500
    [ft 12/40] loss=0.8632 train_acc=0.7587 val_acc=0.8700
    [ft 13/40] loss=0.8804 train_acc=0.6510 val_acc=0.8700
    [ft 14/40] loss=0.8070 train_acc=0.6962 val_acc=0.8900
    [ft 15/40] loss=0.8324 train_acc=0.6250 val_acc=0.9200
    [ft 16/40] loss=0.7603 train_acc=0.7014 val_acc=0.8600
    [ft 17/40] loss=0.8474 train_acc=0.5747 val_acc=0.9100
    [ft 18/40] loss=0.8499 train_acc=0.8403 val_acc=0.9200
    [ft 19/40] loss=0.7283 train_acc=0.5122 val_acc=0.8900
    [ft 20/40] loss=0.6820 train_acc=0.6215 val_acc=0.9400
    [ft 21/40] loss=0.6953 train_acc=0.7604 val_acc=0.9200
    [ft 22/40] loss=0.6808 train_acc=0.6806 val_acc=0.9000
    [ft 23/40] loss=0.6994 train_acc=0.6892 val_acc=0.8900
    [ft 24/40] loss=0.7207 train_acc=0.7448 val_acc=0.9000
    [ft 25/40] loss=0.7362 train_acc=0.8160 val_acc=0.8700
    [ft 26/40] loss=0.7273 train_acc=0.7639 val_acc=0.8900
    [ft 27/40] loss=0.7708 train_acc=0.7101 val_acc=0.8800
    [ft 28/40] loss=0.6918 train_acc=0.5972 val_acc=0.9000
    [ft 29/40] loss=0.6788 train_acc=0.7118 val_acc=0.9200
    [ft 30/40] loss=0.8939 train_acc=0.7153 val_acc=0.9200
    [ft 31/40] loss=0.6869 train_acc=0.7413 val_acc=0.9100
    [ft 32/40] loss=0.7365 train_acc=0.8490 val_acc=0.9300
    [ft 33/40] loss=0.6461 train_acc=0.8611 val_acc=0.9300
    [ft 34/40] loss=0.6294 train_acc=0.7135 val_acc=0.9300
    [ft 35/40] loss=0.7261 train_acc=0.6562 val_acc=0.9200
    [ft 36/40] loss=0.8060 train_acc=0.7743 val_acc=0.9200
    [ft 37/40] loss=0.7044 train_acc=0.6927 val_acc=0.9200
    [ft 38/40] loss=0.7549 train_acc=0.7135 val_acc=0.9100
    [ft 39/40] loss=0.7090 train_acc=0.6458 val_acc=0.9100
    [ft 40/40] loss=0.6865 train_acc=0.5486 val_acc=0.9100
    final val_acc=0.9100 (best 0.9400 @ epoch 24/44)
    fold 2 accuracy=0.9000 macro_f1=0.8995 (8.4 min)
--- fold 3/5 (train=588 val=100) ---
    [head 01/4] loss=1.5512 train_acc=0.3125 val_acc=0.4600
    [head 02/4] loss=1.3538 train_acc=0.4167 val_acc=0.6600
    [head 03/4] loss=1.2877 train_acc=0.4896 val_acc=0.6800
    [head 04/4] loss=1.2230 train_acc=0.4896 val_acc=0.7600
    [ft 01/40] loss=1.1222 train_acc=0.5972 val_acc=0.8300
    [ft 02/40] loss=0.9721 train_acc=0.6267 val_acc=0.8400
    [ft 03/40] loss=0.9287 train_acc=0.5399 val_acc=0.7900
    [ft 04/40] loss=0.9978 train_acc=0.5538 val_acc=0.8100
    [ft 05/40] loss=1.0335 train_acc=0.6476 val_acc=0.8400
    [ft 06/40] loss=0.8587 train_acc=0.7569 val_acc=0.9100
    [ft 07/40] loss=0.8844 train_acc=0.7049 val_acc=0.8900
    [ft 08/40] loss=0.9239 train_acc=0.6823 val_acc=0.8900
    [ft 09/40] loss=0.8122 train_acc=0.6354 val_acc=0.9200
    [ft 10/40] loss=0.7656 train_acc=0.7552 val_acc=0.9100
    [ft 11/40] loss=0.8961 train_acc=0.6806 val_acc=0.9100
    [ft 12/40] loss=0.8381 train_acc=0.7951 val_acc=0.9100
    [ft 13/40] loss=0.8923 train_acc=0.6458 val_acc=0.9300
    [ft 14/40] loss=0.8079 train_acc=0.6962 val_acc=0.9500
    [ft 15/40] loss=0.8389 train_acc=0.6233 val_acc=0.9600
    [ft 16/40] loss=0.7395 train_acc=0.6997 val_acc=0.9100
    [ft 17/40] loss=0.8221 train_acc=0.5938 val_acc=0.9400
    [ft 18/40] loss=0.8572 train_acc=0.8333 val_acc=0.9300
    [ft 19/40] loss=0.7440 train_acc=0.5243 val_acc=0.9300
    [ft 20/40] loss=0.6830 train_acc=0.6319 val_acc=0.9100
    [ft 21/40] loss=0.7049 train_acc=0.7500 val_acc=0.9400
    [ft 22/40] loss=0.6736 train_acc=0.6875 val_acc=0.9600
    [ft 23/40] loss=0.7167 train_acc=0.6858 val_acc=0.9600
    [ft 24/40] loss=0.7163 train_acc=0.7378 val_acc=0.9400
    [ft 25/40] loss=0.7427 train_acc=0.8299 val_acc=0.9500
    [ft 26/40] loss=0.7195 train_acc=0.7431 val_acc=0.9500
    [ft 27/40] loss=0.7835 train_acc=0.6806 val_acc=0.9500
    [ft 28/40] loss=0.6807 train_acc=0.5885 val_acc=0.9400
    [ft 29/40] loss=0.6783 train_acc=0.7188 val_acc=0.9700
    [ft 30/40] loss=0.8934 train_acc=0.6858 val_acc=0.9500
    [ft 31/40] loss=0.6898 train_acc=0.7587 val_acc=0.9700
    [ft 32/40] loss=0.7376 train_acc=0.8698 val_acc=0.9700
    [ft 33/40] loss=0.6494 train_acc=0.8559 val_acc=0.9600
    [ft 34/40] loss=0.6448 train_acc=0.7222 val_acc=0.9600
    [ft 35/40] loss=0.7303 train_acc=0.6354 val_acc=0.9600
    [ft 36/40] loss=0.8112 train_acc=0.7483 val_acc=0.9600
    [ft 37/40] loss=0.6936 train_acc=0.7066 val_acc=0.9600
    [ft 38/40] loss=0.7536 train_acc=0.7153 val_acc=0.9600
    [ft 39/40] loss=0.6924 train_acc=0.6562 val_acc=0.9600
    [ft 40/40] loss=0.6960 train_acc=0.5451 val_acc=0.9600
    final val_acc=0.9600 (best 0.9700 @ epoch 33/44)
    fold 3 accuracy=0.9600 macro_f1=0.9599 (7.9 min)
--- fold 4/5 (train=588 val=100) ---
    [head 01/4] loss=1.5563 train_acc=0.3229 val_acc=0.3900
    [head 02/4] loss=1.3411 train_acc=0.4236 val_acc=0.6100
    [head 03/4] loss=1.2776 train_acc=0.5000 val_acc=0.6400
    [head 04/4] loss=1.2209 train_acc=0.4774 val_acc=0.7100
    [ft 01/40] loss=1.1154 train_acc=0.6181 val_acc=0.7400
    [ft 02/40] loss=0.9766 train_acc=0.6128 val_acc=0.8000
    [ft 03/40] loss=0.9242 train_acc=0.5347 val_acc=0.8400
    [ft 04/40] loss=0.9637 train_acc=0.5677 val_acc=0.8600
    [ft 05/40] loss=1.0028 train_acc=0.6771 val_acc=0.8500
    [ft 06/40] loss=0.8668 train_acc=0.7622 val_acc=0.8800
    [ft 07/40] loss=0.8924 train_acc=0.6875 val_acc=0.9000
    [ft 08/40] loss=0.9420 train_acc=0.6806 val_acc=0.8500
    [ft 09/40] loss=0.8470 train_acc=0.6389 val_acc=0.8600
    [ft 10/40] loss=0.7989 train_acc=0.7413 val_acc=0.8800
    [ft 11/40] loss=0.8837 train_acc=0.6545 val_acc=0.9100
    [ft 12/40] loss=0.8520 train_acc=0.7587 val_acc=0.8900
    [ft 13/40] loss=0.8717 train_acc=0.6667 val_acc=0.8100
    [ft 14/40] loss=0.8188 train_acc=0.7014 val_acc=0.9200
    [ft 15/40] loss=0.8210 train_acc=0.6233 val_acc=0.9200
    [ft 16/40] loss=0.7327 train_acc=0.6910 val_acc=0.9500
    [ft 17/40] loss=0.8047 train_acc=0.6198 val_acc=0.9200
    [ft 18/40] loss=0.8542 train_acc=0.8125 val_acc=0.8900
    [ft 19/40] loss=0.7245 train_acc=0.5295 val_acc=0.9000
    [ft 20/40] loss=0.6852 train_acc=0.6059 val_acc=0.9100
    [ft 21/40] loss=0.6936 train_acc=0.7622 val_acc=0.9000
    [ft 22/40] loss=0.6884 train_acc=0.6823 val_acc=0.9400
    [ft 23/40] loss=0.7164 train_acc=0.6771 val_acc=0.9000
    [ft 24/40] loss=0.7211 train_acc=0.7639 val_acc=0.9200
    [ft 25/40] loss=0.7328 train_acc=0.8142 val_acc=0.9200
    [ft 26/40] loss=0.7067 train_acc=0.7448 val_acc=0.9200
    [ft 27/40] loss=0.7700 train_acc=0.6944 val_acc=0.9100
    [ft 28/40] loss=0.6916 train_acc=0.5955 val_acc=0.9100
    [ft 29/40] loss=0.6822 train_acc=0.7083 val_acc=0.9200
    [ft 30/40] loss=0.8963 train_acc=0.7135 val_acc=0.9300
    [ft 31/40] loss=0.6757 train_acc=0.7535 val_acc=0.9200
    [ft 32/40] loss=0.7222 train_acc=0.8611 val_acc=0.9200
    [ft 33/40] loss=0.6706 train_acc=0.8368 val_acc=0.9100
    [ft 34/40] loss=0.6442 train_acc=0.7049 val_acc=0.9100
    [ft 35/40] loss=0.7297 train_acc=0.6510 val_acc=0.9100
    [ft 36/40] loss=0.8037 train_acc=0.7569 val_acc=0.9200
    [ft 37/40] loss=0.7085 train_acc=0.6962 val_acc=0.9200
    [ft 38/40] loss=0.7577 train_acc=0.7292 val_acc=0.9200
    [ft 39/40] loss=0.7028 train_acc=0.6406 val_acc=0.9200
    [ft 40/40] loss=0.6931 train_acc=0.5521 val_acc=0.9200
    final val_acc=0.9200 (best 0.9500 @ epoch 20/44)
    fold 4 accuracy=0.9100 macro_f1=0.9086 (9.4 min)
--- fold 5/5 (train=588 val=100) ---
    [head 01/4] loss=1.5358 train_acc=0.3333 val_acc=0.3300
    [head 02/4] loss=1.3396 train_acc=0.4149 val_acc=0.5100
    [head 03/4] loss=1.2775 train_acc=0.4670 val_acc=0.5800
    [head 04/4] loss=1.2150 train_acc=0.4896 val_acc=0.7100
    [ft 01/40] loss=1.1126 train_acc=0.6163 val_acc=0.7900
    [ft 02/40] loss=0.9554 train_acc=0.6545 val_acc=0.7700
    [ft 03/40] loss=0.9338 train_acc=0.5312 val_acc=0.7800
    [ft 04/40] loss=0.9904 train_acc=0.5590 val_acc=0.8200
    [ft 05/40] loss=0.9937 train_acc=0.6667 val_acc=0.8900
    [ft 06/40] loss=0.8517 train_acc=0.7587 val_acc=0.8100
    [ft 07/40] loss=0.8944 train_acc=0.7066 val_acc=0.8800
    [ft 08/40] loss=0.9567 train_acc=0.6615 val_acc=0.8900
    [ft 09/40] loss=0.7908 train_acc=0.6389 val_acc=0.8900
    [ft 10/40] loss=0.7650 train_acc=0.7483 val_acc=0.8800
    [ft 11/40] loss=0.9218 train_acc=0.6632 val_acc=0.8700
    [ft 12/40] loss=0.8654 train_acc=0.7587 val_acc=0.8900
    [ft 13/40] loss=0.8831 train_acc=0.6562 val_acc=0.9300
    [ft 14/40] loss=0.7907 train_acc=0.7135 val_acc=0.9000
    [ft 15/40] loss=0.8237 train_acc=0.6163 val_acc=0.9100
    [ft 16/40] loss=0.7563 train_acc=0.6858 val_acc=0.9100
    [ft 17/40] loss=0.8072 train_acc=0.6042 val_acc=0.9000
    [ft 18/40] loss=0.8722 train_acc=0.8160 val_acc=0.9100
    [ft 19/40] loss=0.7518 train_acc=0.5139 val_acc=0.9100
    [ft 20/40] loss=0.6876 train_acc=0.6146 val_acc=0.9300
    [ft 21/40] loss=0.6941 train_acc=0.7483 val_acc=0.9200
    [ft 22/40] loss=0.6727 train_acc=0.7049 val_acc=0.9400
    [ft 23/40] loss=0.7024 train_acc=0.6753 val_acc=0.9200
    [ft 24/40] loss=0.7049 train_acc=0.7535 val_acc=0.9200
    [ft 25/40] loss=0.7215 train_acc=0.8333 val_acc=0.9000
    [ft 26/40] loss=0.7037 train_acc=0.7535 val_acc=0.9000
    [ft 27/40] loss=0.7957 train_acc=0.6719 val_acc=0.9100
    [ft 28/40] loss=0.7036 train_acc=0.5938 val_acc=0.9400
    [ft 29/40] loss=0.6768 train_acc=0.7135 val_acc=0.9200
    [ft 30/40] loss=0.8897 train_acc=0.6858 val_acc=0.9300
    [ft 31/40] loss=0.6681 train_acc=0.7569 val_acc=0.9300
    [ft 32/40] loss=0.7333 train_acc=0.8767 val_acc=0.9200
    [ft 33/40] loss=0.6693 train_acc=0.8472 val_acc=0.9200
    [ft 34/40] loss=0.6373 train_acc=0.7326 val_acc=0.9300
    [ft 35/40] loss=0.7230 train_acc=0.6528 val_acc=0.9300
    [ft 36/40] loss=0.7989 train_acc=0.7656 val_acc=0.9300
    [ft 37/40] loss=0.6998 train_acc=0.7153 val_acc=0.9300
    [ft 38/40] loss=0.7561 train_acc=0.7118 val_acc=0.9300
    [ft 39/40] loss=0.7077 train_acc=0.6337 val_acc=0.9300
    [ft 40/40] loss=0.6949 train_acc=0.5538 val_acc=0.9300
    final val_acc=0.9300 (best 0.9400 @ epoch 26/44)
    fold 5 accuracy=0.9200 macro_f1=0.9161 (7.8 min)
=== cnx384m: OOF accuracy=0.9240 macro_f1=0.9238 ===
