=== b3_320p | arch=tf_efficientnet_b3.ns_jft_in1k size=320 folds=5 crop=True device=cuda ===
normalisation mean=[0.485, 0.456, 0.406] std=[0.229, 0.224, 0.225]
--- fold 1/5 (train=588 val=100) ---
    [head 01/4] loss=2.5463 train_acc=0.2083 val_acc=0.3100
    [head 02/4] loss=2.4130 train_acc=0.2083 val_acc=0.2900
    [head 03/4] loss=2.1653 train_acc=0.2569 val_acc=0.2800
    [head 04/4] loss=2.1303 train_acc=0.2726 val_acc=0.3400
    [ft 01/56] loss=2.0256 train_acc=0.2587 val_acc=0.3500
    [ft 02/56] loss=1.9317 train_acc=0.2865 val_acc=0.3900
    [ft 03/56] loss=1.7374 train_acc=0.3611 val_acc=0.4000
    [ft 04/56] loss=1.6042 train_acc=0.3698 val_acc=0.4700
    [ft 05/56] loss=1.4898 train_acc=0.4965 val_acc=0.4600
    [ft 06/56] loss=1.1783 train_acc=0.4115 val_acc=0.6200
    [ft 07/56] loss=1.3436 train_acc=0.5347 val_acc=0.6100
    [ft 08/56] loss=1.1329 train_acc=0.5729 val_acc=0.6900
    [ft 09/56] loss=1.0689 train_acc=0.5972 val_acc=0.5900
    [ft 10/56] loss=1.1695 train_acc=0.5920 val_acc=0.7000
    [ft 11/56] loss=1.0962 train_acc=0.6024 val_acc=0.7100
    [ft 12/56] loss=1.1323 train_acc=0.6042 val_acc=0.7500
    [ft 13/56] loss=1.0459 train_acc=0.5608 val_acc=0.7500
    [ft 14/56] loss=1.0868 train_acc=0.6389 val_acc=0.7900
    [ft 15/56] loss=1.0859 train_acc=0.5729 val_acc=0.7500
    [ft 16/56] loss=0.9610 train_acc=0.6667 val_acc=0.7200
    [ft 17/56] loss=0.9516 train_acc=0.5955 val_acc=0.8500
    [ft 18/56] loss=1.0028 train_acc=0.6528 val_acc=0.8400
    [ft 19/56] loss=1.0021 train_acc=0.6042 val_acc=0.8100
    [ft 20/56] loss=0.8581 train_acc=0.5764 val_acc=0.8500
    [ft 21/56] loss=0.8046 train_acc=0.6493 val_acc=0.8700
    [ft 22/56] loss=1.0018 train_acc=0.5556 val_acc=0.8400
    [ft 23/56] loss=0.9082 train_acc=0.4722 val_acc=0.8400
    [ft 24/56] loss=0.9211 train_acc=0.7274 val_acc=0.8400
    [ft 25/56] loss=0.8991 train_acc=0.7413 val_acc=0.8800
    [ft 26/56] loss=0.9274 train_acc=0.6389 val_acc=0.8600
    [ft 27/56] loss=0.8873 train_acc=0.6128 val_acc=0.8600
    [ft 28/56] loss=0.8082 train_acc=0.7865 val_acc=0.8800
    [ft 29/56] loss=1.0111 train_acc=0.6962 val_acc=0.8400
    [ft 30/56] loss=0.7881 train_acc=0.7674 val_acc=0.8400
    [ft 31/56] loss=1.0048 train_acc=0.5312 val_acc=0.8300
    [ft 32/56] loss=0.9088 train_acc=0.6840 val_acc=0.8500
    [ft 33/56] loss=0.9644 train_acc=0.6979 val_acc=0.8600
    [ft 34/56] loss=0.9549 train_acc=0.6806 val_acc=0.8600
    [ft 35/56] loss=0.8927 train_acc=0.6615 val_acc=0.8600
    [ft 36/56] loss=0.8824 train_acc=0.5747 val_acc=0.8800
    [ft 37/56] loss=0.9332 train_acc=0.6875 val_acc=0.8500
    [ft 38/56] loss=0.8985 train_acc=0.7396 val_acc=0.8500
    [ft 39/56] loss=0.8224 train_acc=0.5382 val_acc=0.8600
    [ft 40/56] loss=0.8670 train_acc=0.5885 val_acc=0.8500
    [ft 41/56] loss=0.8268 train_acc=0.7500 val_acc=0.8600
    [ft 42/56] loss=0.9263 train_acc=0.7326 val_acc=0.8500
    [ft 43/56] loss=0.8077 train_acc=0.6944 val_acc=0.8500
    [ft 44/56] loss=0.9388 train_acc=0.5764 val_acc=0.8500
    [ft 45/56] loss=0.8205 train_acc=0.7170 val_acc=0.8600
    [ft 46/56] loss=0.9931 train_acc=0.7465 val_acc=0.8400
    [ft 47/56] loss=0.8131 train_acc=0.6840 val_acc=0.8400
    [ft 48/56] loss=0.8621 train_acc=0.6962 val_acc=0.8600
    [ft 49/56] loss=0.9044 train_acc=0.6701 val_acc=0.8400
    [ft 50/56] loss=0.7876 train_acc=0.5625 val_acc=0.8600
    [ft 51/56] loss=0.8682 train_acc=0.6997 val_acc=0.8400
    [ft 52/56] loss=0.8085 train_acc=0.7240 val_acc=0.8600
    [ft 53/56] loss=0.8513 train_acc=0.6267 val_acc=0.8600
    [ft 54/56] loss=0.8622 train_acc=0.5677 val_acc=0.8700
    [ft 55/56] loss=0.9043 train_acc=0.6684 val_acc=0.8500
    [ft 56/56] loss=0.7389 train_acc=0.7431 val_acc=0.8700
    final val_acc=0.8700 (best 0.8800 @ epoch 29/60)
    fold 1 accuracy=0.8600 macro_f1=0.8624 (7.7 min)
--- fold 2/5 (train=588 val=100) ---
    [head 01/4] loss=2.4324 train_acc=0.2170 val_acc=0.2200
    [head 02/4] loss=2.2936 train_acc=0.2240 val_acc=0.2300
    [head 03/4] loss=2.1162 train_acc=0.2274 val_acc=0.2700
    [head 04/4] loss=2.1258 train_acc=0.2517 val_acc=0.2700
    [ft 01/56] loss=2.0213 train_acc=0.2483 val_acc=0.3100
    [ft 02/56] loss=1.8595 train_acc=0.3003 val_acc=0.3500
    [ft 03/56] loss=1.7670 train_acc=0.3420 val_acc=0.4500
    [ft 04/56] loss=1.5813 train_acc=0.3958 val_acc=0.5100
