=== tune_lr5 | arch=convnext_tiny.fb_in22k_ft_in1k size=320 folds=5 crop=True device=cuda ===
normalisation mean=[0.485, 0.456, 0.406] std=[0.229, 0.224, 0.225]
--- fold 1/5 (train=584 val=100) ---
    [head 01/4] loss=1.5416 train_acc=0.3281 val_acc=0.5300
    [head 02/4] loss=1.3008 train_acc=0.4340 val_acc=0.6200
    [head 03/4] loss=1.1662 train_acc=0.5156 val_acc=0.7100
    [head 04/4] loss=1.0859 train_acc=0.5573 val_acc=0.7200
    [ft 01/40] loss=1.0537 train_acc=0.6788 val_acc=0.8000
    [ft 02/40] loss=0.8914 train_acc=0.6424 val_acc=0.8300
    [ft 03/40] loss=0.9798 train_acc=0.6649 val_acc=0.8100
    [ft 04/40] loss=0.9146 train_acc=0.6007 val_acc=0.8500
    [ft 05/40] loss=0.9658 train_acc=0.7049 val_acc=0.8600
    [ft 06/40] loss=0.8149 train_acc=0.5139 val_acc=0.7800
    [ft 07/40] loss=0.9465 train_acc=0.6823 val_acc=0.8400
    [ft 08/40] loss=0.8950 train_acc=0.6753 val_acc=0.8200
    [ft 09/40] loss=0.8277 train_acc=0.7049 val_acc=0.8300
    [ft 10/40] loss=0.9263 train_acc=0.6840 val_acc=0.8700
    [ft 11/40] loss=0.8969 train_acc=0.6875 val_acc=0.8700
    [ft 12/40] loss=0.9009 train_acc=0.7101 val_acc=0.8900
    [ft 13/40] loss=0.8417 train_acc=0.6684 val_acc=0.9000
    [ft 14/40] loss=0.8799 train_acc=0.7552 val_acc=0.8700
    [ft 15/40] loss=0.8635 train_acc=0.6389 val_acc=0.8800
    [ft 16/40] loss=0.7697 train_acc=0.7656 val_acc=0.8700
    [ft 17/40] loss=0.7539 train_acc=0.6562 val_acc=0.8700
    [ft 18/40] loss=0.8554 train_acc=0.7031 val_acc=0.8900
    [ft 19/40] loss=0.8543 train_acc=0.6337 val_acc=0.8900
    [ft 20/40] loss=0.7197 train_acc=0.6267 val_acc=0.9000
    [ft 21/40] loss=0.6581 train_acc=0.6771 val_acc=0.9200
    [ft 22/40] loss=0.8197 train_acc=0.6510 val_acc=0.9100
    [ft 23/40] loss=0.7644 train_acc=0.5642 val_acc=0.9200
    [ft 24/40] loss=0.7576 train_acc=0.8108 val_acc=0.8600
    [ft 25/40] loss=0.7228 train_acc=0.8177 val_acc=0.9100
    [ft 26/40] loss=0.7456 train_acc=0.7344 val_acc=0.9300
    [ft 27/40] loss=0.7473 train_acc=0.6701 val_acc=0.9200
    [ft 28/40] loss=0.6714 train_acc=0.8351 val_acc=0.9200
    [ft 29/40] loss=0.8055 train_acc=0.8125 val_acc=0.9500
    [ft 30/40] loss=0.6386 train_acc=0.8420 val_acc=0.9400
    [ft 31/40] loss=0.7932 train_acc=0.5816 val_acc=0.9200
    [ft 32/40] loss=0.7282 train_acc=0.7413 val_acc=0.9100
    [ft 33/40] loss=0.7918 train_acc=0.7674 val_acc=0.9400
    [ft 34/40] loss=0.7762 train_acc=0.7812 val_acc=0.9200
    [ft 35/40] loss=0.7212 train_acc=0.6910 val_acc=0.9000
    [ft 36/40] loss=0.7060 train_acc=0.6250 val_acc=0.9300
    [ft 37/40] loss=0.7505 train_acc=0.7517 val_acc=0.9300
    [ft 38/40] loss=0.7543 train_acc=0.7899 val_acc=0.9200
    [ft 39/40] loss=0.6698 train_acc=0.6163 val_acc=0.9200
    [ft 40/40] loss=0.7287 train_acc=0.6372 val_acc=0.9200
    final val_acc=0.9200 (best 0.9500 @ epoch 33/44)
    fold 1 accuracy=0.9200 macro_f1=0.9203 (4.8 min)
--- fold 2/5 (train=584 val=100) ---
    [head 01/4] loss=1.5175 train_acc=0.3455 val_acc=0.6300
    [head 02/4] loss=1.2978 train_acc=0.4531 val_acc=0.6500
    [head 03/4] loss=1.1684 train_acc=0.5156 val_acc=0.8100
    [head 04/4] loss=1.0924 train_acc=0.5625 val_acc=0.7900
    [ft 01/40] loss=1.0579 train_acc=0.6441 val_acc=0.8300
    [ft 02/40] loss=0.8963 train_acc=0.6198 val_acc=0.8000
    [ft 03/40] loss=0.9945 train_acc=0.6476 val_acc=0.8700
    [ft 04/40] loss=0.9628 train_acc=0.5920 val_acc=0.8500
    [ft 05/40] loss=0.9685 train_acc=0.6910 val_acc=0.8300
    [ft 06/40] loss=0.7892 train_acc=0.5417 val_acc=0.9000
    [ft 07/40] loss=0.9565 train_acc=0.6528 val_acc=0.8600
    [ft 08/40] loss=0.9103 train_acc=0.6667 val_acc=0.8700
    [ft 09/40] loss=0.8035 train_acc=0.7205 val_acc=0.8700
    [ft 10/40] loss=0.9505 train_acc=0.7292 val_acc=0.8800
    [ft 11/40] loss=0.8622 train_acc=0.6840 val_acc=0.8900
    [ft 12/40] loss=0.8797 train_acc=0.7170 val_acc=0.8800
    [ft 13/40] loss=0.8534 train_acc=0.6545 val_acc=0.8900
    [ft 14/40] loss=0.9101 train_acc=0.7361 val_acc=0.8800
    [ft 15/40] loss=0.8799 train_acc=0.6510 val_acc=0.8700
    [ft 16/40] loss=0.8162 train_acc=0.7344 val_acc=0.8600
    [ft 17/40] loss=0.8045 train_acc=0.6458 val_acc=0.8700
    [ft 18/40] loss=0.8427 train_acc=0.7257 val_acc=0.8600
    [ft 19/40] loss=0.8609 train_acc=0.6580 val_acc=0.8500
    [ft 20/40] loss=0.7234 train_acc=0.6285 val_acc=0.8600
    [ft 21/40] loss=0.6680 train_acc=0.6910 val_acc=0.9000
    [ft 22/40] loss=0.8378 train_acc=0.6337 val_acc=0.9100
    [ft 23/40] loss=0.7649 train_acc=0.5590 val_acc=0.9100
    [ft 24/40] loss=0.7564 train_acc=0.7951 val_acc=0.9100
    [ft 25/40] loss=0.7513 train_acc=0.7847 val_acc=0.9300
    [ft 26/40] loss=0.7541 train_acc=0.7188 val_acc=0.9200
    [ft 27/40] loss=0.7561 train_acc=0.6701 val_acc=0.8900
    [ft 28/40] loss=0.6573 train_acc=0.8698 val_acc=0.9300
    [ft 29/40] loss=0.8146 train_acc=0.8125 val_acc=0.9200
    [ft 30/40] loss=0.6480 train_acc=0.8420 val_acc=0.9400
    [ft 31/40] loss=0.8051 train_acc=0.5781 val_acc=0.9100
    [ft 32/40] loss=0.7135 train_acc=0.7674 val_acc=0.9200
    [ft 33/40] loss=0.7976 train_acc=0.7656 val_acc=0.9100
    [ft 34/40] loss=0.7758 train_acc=0.7656 val_acc=0.9100
    [ft 35/40] loss=0.7255 train_acc=0.6979 val_acc=0.9200
    [ft 36/40] loss=0.7178 train_acc=0.6389 val_acc=0.9100
    [ft 37/40] loss=0.7515 train_acc=0.7674 val_acc=0.9100
    [ft 38/40] loss=0.7605 train_acc=0.7917 val_acc=0.9100
    [ft 39/40] loss=0.6620 train_acc=0.6059 val_acc=0.9100
    [ft 40/40] loss=0.7127 train_acc=0.6545 val_acc=0.9000
    final val_acc=0.9000 (best 0.9400 @ epoch 34/44)
    fold 2 accuracy=0.9200 macro_f1=0.9189 (4.8 min)
--- fold 3/5 (train=584 val=100) ---
    [head 01/4] loss=1.5320 train_acc=0.3108 val_acc=0.5700
    [head 02/4] loss=1.2988 train_acc=0.4444 val_acc=0.6800
    [head 03/4] loss=1.1727 train_acc=0.4688 val_acc=0.8300
    [head 04/4] loss=1.1010 train_acc=0.5365 val_acc=0.8100
    [ft 01/40] loss=1.0441 train_acc=0.6684 val_acc=0.8100
    [ft 02/40] loss=0.8717 train_acc=0.6493 val_acc=0.8900
    [ft 03/40] loss=1.0137 train_acc=0.6267 val_acc=0.8500
    [ft 04/40] loss=0.9625 train_acc=0.5781 val_acc=0.8900
    [ft 05/40] loss=0.9531 train_acc=0.7118 val_acc=0.8400
    [ft 06/40] loss=0.7846 train_acc=0.5486 val_acc=0.8900
