=== cnx320m | arch=convnext_tiny.fb_in22k_ft_in1k size=320 folds=5 crop=True device=cuda ===
normalisation mean=[0.485, 0.456, 0.406] std=[0.229, 0.224, 0.225]
--- fold 1/5 (train=588 val=100) ---
    [head 01/4] loss=1.5227 train_acc=0.3316 val_acc=0.5100
    [head 02/4] loss=1.3020 train_acc=0.4601 val_acc=0.6500
    [head 03/4] loss=1.1669 train_acc=0.4740 val_acc=0.7100
    [head 04/4] loss=1.0736 train_acc=0.5469 val_acc=0.7300
    [ft 01/40] loss=1.0486 train_acc=0.6771 val_acc=0.7900
    [ft 02/40] loss=0.9088 train_acc=0.6007 val_acc=0.8200
    [ft 03/40] loss=0.9858 train_acc=0.6233 val_acc=0.8100
    [ft 04/40] loss=0.8942 train_acc=0.6476 val_acc=0.8300
    [ft 05/40] loss=0.9398 train_acc=0.7188 val_acc=0.8300
    [ft 06/40] loss=0.7634 train_acc=0.5833 val_acc=0.8700
    [ft 07/40] loss=0.9258 train_acc=0.6701 val_acc=0.8100
    [ft 08/40] loss=0.8963 train_acc=0.6441 val_acc=0.8400
    [ft 09/40] loss=0.7914 train_acc=0.7135 val_acc=0.8800
    [ft 10/40] loss=0.8666 train_acc=0.7240 val_acc=0.8500
    [ft 11/40] loss=0.8366 train_acc=0.7153 val_acc=0.8700
    [ft 12/40] loss=0.8647 train_acc=0.7257 val_acc=0.8000
    [ft 13/40] loss=0.8617 train_acc=0.6406 val_acc=0.8600
    [ft 14/40] loss=0.8315 train_acc=0.7500 val_acc=0.8200
    [ft 15/40] loss=0.8574 train_acc=0.6510 val_acc=0.8500
    [ft 16/40] loss=0.7728 train_acc=0.7535 val_acc=0.9200
    [ft 17/40] loss=0.7428 train_acc=0.6580 val_acc=0.8800
    [ft 18/40] loss=0.8266 train_acc=0.7153 val_acc=0.8700
    [ft 19/40] loss=0.8117 train_acc=0.6562 val_acc=0.9000
    [ft 20/40] loss=0.6940 train_acc=0.6059 val_acc=0.8800
    [ft 21/40] loss=0.6428 train_acc=0.6979 val_acc=0.8700
    [ft 22/40] loss=0.8197 train_acc=0.6840 val_acc=0.9300
    [ft 23/40] loss=0.7522 train_acc=0.5365 val_acc=0.9100
    [ft 24/40] loss=0.7240 train_acc=0.8021 val_acc=0.9100
    [ft 25/40] loss=0.7333 train_acc=0.8073 val_acc=0.9000
    [ft 26/40] loss=0.7485 train_acc=0.7240 val_acc=0.9100
    [ft 27/40] loss=0.7206 train_acc=0.6806 val_acc=0.9100
    [ft 28/40] loss=0.6540 train_acc=0.8507 val_acc=0.9100
    [ft 29/40] loss=0.8295 train_acc=0.7899 val_acc=0.9200
    [ft 30/40] loss=0.6535 train_acc=0.8160 val_acc=0.9100
    [ft 31/40] loss=0.8104 train_acc=0.5747 val_acc=0.9100
    [ft 32/40] loss=0.7359 train_acc=0.7448 val_acc=0.9200
    [ft 33/40] loss=0.7798 train_acc=0.7639 val_acc=0.9300
    [ft 34/40] loss=0.7696 train_acc=0.7344 val_acc=0.9300
    [ft 35/40] loss=0.7169 train_acc=0.7361 val_acc=0.9300
    [ft 36/40] loss=0.6935 train_acc=0.6545 val_acc=0.9200
    [ft 37/40] loss=0.7409 train_acc=0.7604 val_acc=0.9300
    [ft 38/40] loss=0.7456 train_acc=0.8056 val_acc=0.9300
    [ft 39/40] loss=0.6640 train_acc=0.6007 val_acc=0.9300
    [ft 40/40] loss=0.7170 train_acc=0.6458 val_acc=0.9300
    final val_acc=0.9300 (best 0.9300 @ epoch 26/44)
    fold 1 accuracy=0.9200 macro_f1=0.9200 (5.9 min)
--- fold 2/5 (train=588 val=100) ---
    [head 01/4] loss=1.5206 train_acc=0.3542 val_acc=0.5200
    [head 02/4] loss=1.2895 train_acc=0.4462 val_acc=0.6700
    [head 03/4] loss=1.1592 train_acc=0.4844 val_acc=0.7700
    [head 04/4] loss=1.0819 train_acc=0.5278 val_acc=0.8500
    [ft 01/40] loss=1.0729 train_acc=0.6684 val_acc=0.8400
    [ft 02/40] loss=0.8976 train_acc=0.6354 val_acc=0.8700
    [ft 03/40] loss=1.0062 train_acc=0.6337 val_acc=0.8400
    [ft 04/40] loss=0.9184 train_acc=0.6528 val_acc=0.8600
    [ft 05/40] loss=0.9845 train_acc=0.6962 val_acc=0.8300
    [ft 06/40] loss=0.7603 train_acc=0.5816 val_acc=0.8900
    [ft 07/40] loss=0.9527 train_acc=0.6493 val_acc=0.7900
    [ft 08/40] loss=0.9044 train_acc=0.6545 val_acc=0.8200
    [ft 09/40] loss=0.8078 train_acc=0.7344 val_acc=0.8400
    [ft 10/40] loss=0.9113 train_acc=0.6997 val_acc=0.9200
    [ft 11/40] loss=0.8260 train_acc=0.7066 val_acc=0.8700
    [ft 12/40] loss=0.8685 train_acc=0.7101 val_acc=0.9000
    [ft 13/40] loss=0.8699 train_acc=0.6285 val_acc=0.9000
    [ft 14/40] loss=0.8361 train_acc=0.7413 val_acc=0.9000
    [ft 15/40] loss=0.8730 train_acc=0.6458 val_acc=0.9100
    [ft 16/40] loss=0.7699 train_acc=0.7483 val_acc=0.9000
    [ft 17/40] loss=0.7454 train_acc=0.6701 val_acc=0.8900
    [ft 18/40] loss=0.8136 train_acc=0.7031 val_acc=0.9000
    [ft 19/40] loss=0.8092 train_acc=0.6458 val_acc=0.9100
    [ft 20/40] loss=0.6827 train_acc=0.6250 val_acc=0.9200
    [ft 21/40] loss=0.6466 train_acc=0.6944 val_acc=0.9300
    [ft 22/40] loss=0.8239 train_acc=0.6875 val_acc=0.9300
    [ft 23/40] loss=0.7500 train_acc=0.5399 val_acc=0.9200
    [ft 24/40] loss=0.7314 train_acc=0.7865 val_acc=0.9200
    [ft 25/40] loss=0.7440 train_acc=0.7951 val_acc=0.9000
    [ft 26/40] loss=0.7340 train_acc=0.7118 val_acc=0.9000
    [ft 27/40] loss=0.7351 train_acc=0.6667 val_acc=0.9200
    [ft 28/40] loss=0.6665 train_acc=0.8472 val_acc=0.9200
    [ft 29/40] loss=0.8367 train_acc=0.8021 val_acc=0.9000
    [ft 30/40] loss=0.6710 train_acc=0.8073 val_acc=0.9200
    [ft 31/40] loss=0.8171 train_acc=0.5660 val_acc=0.9200
    [ft 32/40] loss=0.7340 train_acc=0.7378 val_acc=0.9100
    [ft 33/40] loss=0.7963 train_acc=0.7622 val_acc=0.9200
    [ft 34/40] loss=0.7765 train_acc=0.7240 val_acc=0.9300
    [ft 35/40] loss=0.7307 train_acc=0.6997 val_acc=0.9300
    [ft 36/40] loss=0.6938 train_acc=0.6632 val_acc=0.9300
    [ft 37/40] loss=0.7443 train_acc=0.7778 val_acc=0.9300
    [ft 38/40] loss=0.7499 train_acc=0.8125 val_acc=0.9300
    [ft 39/40] loss=0.6716 train_acc=0.6111 val_acc=0.9300
    [ft 40/40] loss=0.7233 train_acc=0.6319 val_acc=0.9300
    final val_acc=0.9300 (best 0.9300 @ epoch 25/44)
    fold 2 accuracy=0.9000 macro_f1=0.8999 (5.5 min)
--- fold 3/5 (train=588 val=100) ---
    [head 01/4] loss=1.5324 train_acc=0.3090 val_acc=0.6100
    [head 02/4] loss=1.3031 train_acc=0.4288 val_acc=0.7300
    [head 03/4] loss=1.1712 train_acc=0.4653 val_acc=0.8000
    [head 04/4] loss=1.0851 train_acc=0.5573 val_acc=0.8100
    [ft 01/40] loss=1.0947 train_acc=0.6441 val_acc=0.8300
    [ft 02/40] loss=0.9094 train_acc=0.6233 val_acc=0.8500
    [ft 03/40] loss=1.0076 train_acc=0.6181 val_acc=0.8700
    [ft 04/40] loss=0.8997 train_acc=0.6354 val_acc=0.8300
    [ft 05/40] loss=0.9670 train_acc=0.6806 val_acc=0.8500
    [ft 06/40] loss=0.7950 train_acc=0.5660 val_acc=0.9000
    [ft 07/40] loss=0.9175 train_acc=0.6719 val_acc=0.9200
    [ft 08/40] loss=0.9010 train_acc=0.6562 val_acc=0.9300
    [ft 09/40] loss=0.7801 train_acc=0.7240 val_acc=0.9000
    [ft 10/40] loss=0.8899 train_acc=0.7135 val_acc=0.8900
    [ft 11/40] loss=0.8379 train_acc=0.7118 val_acc=0.9300
    [ft 12/40] loss=0.8474 train_acc=0.7344 val_acc=0.9400
    [ft 13/40] loss=0.8701 train_acc=0.6389 val_acc=0.9300
    [ft 14/40] loss=0.8303 train_acc=0.7604 val_acc=0.9500
    [ft 15/40] loss=0.8524 train_acc=0.6094 val_acc=0.9300
    [ft 16/40] loss=0.7649 train_acc=0.7552 val_acc=0.9100
    [ft 17/40] loss=0.7265 train_acc=0.6771 val_acc=0.9300
    [ft 18/40] loss=0.8165 train_acc=0.7031 val_acc=0.9500
    [ft 19/40] loss=0.8019 train_acc=0.6562 val_acc=0.9400
    [ft 20/40] loss=0.6766 train_acc=0.6441 val_acc=0.9300
    [ft 21/40] loss=0.6372 train_acc=0.6962 val_acc=0.9000
    [ft 22/40] loss=0.8082 train_acc=0.6806 val_acc=0.9600
    [ft 23/40] loss=0.7374 train_acc=0.5608 val_acc=0.9300
    [ft 24/40] loss=0.7327 train_acc=0.7760 val_acc=0.9400
    [ft 25/40] loss=0.7465 train_acc=0.7969 val_acc=0.9200
    [ft 26/40] loss=0.7183 train_acc=0.7274 val_acc=0.9400
    [ft 27/40] loss=0.7283 train_acc=0.6684 val_acc=0.9600
    [ft 28/40] loss=0.6548 train_acc=0.8438 val_acc=0.9500
    [ft 29/40] loss=0.8268 train_acc=0.7847 val_acc=0.9400
    [ft 30/40] loss=0.6584 train_acc=0.8142 val_acc=0.9600
    [ft 31/40] loss=0.8139 train_acc=0.5903 val_acc=0.9500
    [ft 32/40] loss=0.7322 train_acc=0.7431 val_acc=0.9400
    [ft 33/40] loss=0.7829 train_acc=0.7899 val_acc=0.9300
    [ft 34/40] loss=0.7641 train_acc=0.7483 val_acc=0.9500
    [ft 35/40] loss=0.7260 train_acc=0.7101 val_acc=0.9500
    [ft 36/40] loss=0.6959 train_acc=0.6528 val_acc=0.9500
    [ft 37/40] loss=0.7329 train_acc=0.7795 val_acc=0.9500
    [ft 38/40] loss=0.7430 train_acc=0.7969 val_acc=0.9500
    [ft 39/40] loss=0.6633 train_acc=0.6128 val_acc=0.9500
    [ft 40/40] loss=0.7141 train_acc=0.6441 val_acc=0.9500
    final val_acc=0.9500 (best 0.9600 @ epoch 26/44)
    fold 3 accuracy=0.9500 macro_f1=0.9497 (5.5 min)
--- fold 4/5 (train=588 val=100) ---
    [head 01/4] loss=1.5300 train_acc=0.3559 val_acc=0.5000
    [head 02/4] loss=1.2939 train_acc=0.4392 val_acc=0.6800
    [head 03/4] loss=1.1619 train_acc=0.4635 val_acc=0.6800
    [head 04/4] loss=1.0865 train_acc=0.5330 val_acc=0.7400
    [ft 01/40] loss=1.0496 train_acc=0.6840 val_acc=0.7900
    [ft 02/40] loss=0.8863 train_acc=0.6372 val_acc=0.8300
    [ft 03/40] loss=0.9951 train_acc=0.6198 val_acc=0.8300
    [ft 04/40] loss=0.9061 train_acc=0.6319 val_acc=0.8500
    [ft 05/40] loss=0.9395 train_acc=0.7170 val_acc=0.8500
    [ft 06/40] loss=0.7630 train_acc=0.5694 val_acc=0.8900
    [ft 07/40] loss=0.9055 train_acc=0.6736 val_acc=0.8800
    [ft 08/40] loss=0.8730 train_acc=0.6719 val_acc=0.9100
    [ft 09/40] loss=0.7841 train_acc=0.7344 val_acc=0.8400
    [ft 10/40] loss=0.8705 train_acc=0.6910 val_acc=0.8700
    [ft 11/40] loss=0.8348 train_acc=0.7170 val_acc=0.9100
    [ft 12/40] loss=0.8677 train_acc=0.7240 val_acc=0.9100
    [ft 13/40] loss=0.8730 train_acc=0.6441 val_acc=0.8700
    [ft 14/40] loss=0.8369 train_acc=0.7622 val_acc=0.8900
    [ft 15/40] loss=0.8651 train_acc=0.6493 val_acc=0.9000
    [ft 16/40] loss=0.7514 train_acc=0.7708 val_acc=0.9000
    [ft 17/40] loss=0.7445 train_acc=0.6510 val_acc=0.9200
    [ft 18/40] loss=0.8116 train_acc=0.7101 val_acc=0.9000
    [ft 19/40] loss=0.8224 train_acc=0.6528 val_acc=0.8800
    [ft 20/40] loss=0.7009 train_acc=0.6250 val_acc=0.9100
    [ft 21/40] loss=0.6437 train_acc=0.6944 val_acc=0.9000
    [ft 22/40] loss=0.8169 train_acc=0.6979 val_acc=0.9000
    [ft 23/40] loss=0.7596 train_acc=0.5521 val_acc=0.9400
    [ft 24/40] loss=0.7412 train_acc=0.7865 val_acc=0.9000
    [ft 25/40] loss=0.7368 train_acc=0.7899 val_acc=0.8900
    [ft 26/40] loss=0.7318 train_acc=0.7135 val_acc=0.8900
    [ft 27/40] loss=0.7157 train_acc=0.6719 val_acc=0.9200
    [ft 28/40] loss=0.6584 train_acc=0.8559 val_acc=0.9000
    [ft 29/40] loss=0.8322 train_acc=0.7882 val_acc=0.9000
    [ft 30/40] loss=0.6652 train_acc=0.8142 val_acc=0.8900
    [ft 31/40] loss=0.7988 train_acc=0.5729 val_acc=0.9000
    [ft 32/40] loss=0.7282 train_acc=0.7465 val_acc=0.9000
    [ft 33/40] loss=0.7923 train_acc=0.7795 val_acc=0.9100
    [ft 34/40] loss=0.7560 train_acc=0.7604 val_acc=0.9000
    [ft 35/40] loss=0.7245 train_acc=0.7153 val_acc=0.9100
    [ft 36/40] loss=0.6890 train_acc=0.6684 val_acc=0.9100
    [ft 37/40] loss=0.7423 train_acc=0.7552 val_acc=0.9100
    [ft 38/40] loss=0.7583 train_acc=0.7899 val_acc=0.9100
    [ft 39/40] loss=0.6666 train_acc=0.6128 val_acc=0.9100
    [ft 40/40] loss=0.7178 train_acc=0.6337 val_acc=0.9100
    final val_acc=0.9100 (best 0.9400 @ epoch 27/44)
    fold 4 accuracy=0.9000 macro_f1=0.8977 (5.4 min)
--- fold 5/5 (train=588 val=100) ---
    [head 01/4] loss=1.5157 train_acc=0.3247 val_acc=0.4400
    [head 02/4] loss=1.2897 train_acc=0.4531 val_acc=0.6100
    [head 03/4] loss=1.1500 train_acc=0.4757 val_acc=0.6300
    [head 04/4] loss=1.0742 train_acc=0.5087 val_acc=0.7700
    [ft 01/40] loss=1.0793 train_acc=0.6528 val_acc=0.8000
    [ft 02/40] loss=0.9108 train_acc=0.6198 val_acc=0.8400
    [ft 03/40] loss=0.9840 train_acc=0.6181 val_acc=0.8200
    [ft 04/40] loss=0.9061 train_acc=0.6441 val_acc=0.8300
    [ft 05/40] loss=0.9511 train_acc=0.7066 val_acc=0.8800
    [ft 06/40] loss=0.7575 train_acc=0.5851 val_acc=0.8700
    [ft 07/40] loss=0.9182 train_acc=0.6684 val_acc=0.8900
    [ft 08/40] loss=0.8864 train_acc=0.6719 val_acc=0.8800
    [ft 09/40] loss=0.7731 train_acc=0.7413 val_acc=0.8900
    [ft 10/40] loss=0.8987 train_acc=0.6927 val_acc=0.8300
    [ft 11/40] loss=0.8215 train_acc=0.7188 val_acc=0.8800
    [ft 12/40] loss=0.8832 train_acc=0.6997 val_acc=0.8700
    [ft 13/40] loss=0.8493 train_acc=0.6389 val_acc=0.9100
    [ft 14/40] loss=0.8357 train_acc=0.7431 val_acc=0.9200
    [ft 15/40] loss=0.8611 train_acc=0.6372 val_acc=0.9200
    [ft 16/40] loss=0.7819 train_acc=0.7535 val_acc=0.8900
    [ft 17/40] loss=0.7364 train_acc=0.6649 val_acc=0.9300
    [ft 18/40] loss=0.8215 train_acc=0.7049 val_acc=0.9000
    [ft 19/40] loss=0.8138 train_acc=0.6597 val_acc=0.8900
    [ft 20/40] loss=0.6838 train_acc=0.6163 val_acc=0.9200
    [ft 21/40] loss=0.6553 train_acc=0.6875 val_acc=0.8800
    [ft 22/40] loss=0.8185 train_acc=0.6806 val_acc=0.9000
    [ft 23/40] loss=0.7346 train_acc=0.5434 val_acc=0.9000
    [ft 24/40] loss=0.7196 train_acc=0.8056 val_acc=0.9000
    [ft 25/40] loss=0.7331 train_acc=0.7934 val_acc=0.9100
    [ft 26/40] loss=0.7273 train_acc=0.7309 val_acc=0.9200
    [ft 27/40] loss=0.7160 train_acc=0.6823 val_acc=0.9100
    [ft 28/40] loss=0.6711 train_acc=0.8316 val_acc=0.9000
    [ft 29/40] loss=0.8337 train_acc=0.7778 val_acc=0.8900
    [ft 30/40] loss=0.6582 train_acc=0.8194 val_acc=0.9000
    [ft 31/40] loss=0.7984 train_acc=0.5868 val_acc=0.9100
    [ft 32/40] loss=0.7283 train_acc=0.7569 val_acc=0.9200
    [ft 33/40] loss=0.7877 train_acc=0.7656 val_acc=0.9200
    [ft 34/40] loss=0.7601 train_acc=0.7396 val_acc=0.9100
    [ft 35/40] loss=0.7225 train_acc=0.7049 val_acc=0.9100
    [ft 36/40] loss=0.6924 train_acc=0.6545 val_acc=0.9100
    [ft 37/40] loss=0.7536 train_acc=0.7639 val_acc=0.9100
    [ft 38/40] loss=0.7414 train_acc=0.7847 val_acc=0.9100
    [ft 39/40] loss=0.6680 train_acc=0.5990 val_acc=0.9100
    [ft 40/40] loss=0.7131 train_acc=0.6389 val_acc=0.9100
    final val_acc=0.9100 (best 0.9300 @ epoch 21/44)
    fold 5 accuracy=0.9000 macro_f1=0.8953 (5.4 min)
=== cnx320m: OOF accuracy=0.9140 macro_f1=0.9134 ===
