=== fix_cnx320 | arch=convnext_tiny.fb_in22k_ft_in1k size=320 folds=5 crop=True device=cuda ===
normalisation mean=[0.485, 0.456, 0.406] std=[0.229, 0.224, 0.225]
--- fold 1/5 (train=400 val=100) ---
    [head 01/4] loss=1.5719 train_acc=0.3047 val_acc=0.4800
    [head 02/4] loss=1.3898 train_acc=0.4505 val_acc=0.6100
    [head 03/4] loss=1.3048 train_acc=0.4010 val_acc=0.7100
    [head 04/4] loss=1.1981 train_acc=0.3984 val_acc=0.7000
    [ft 01/40] loss=1.1006 train_acc=0.5781 val_acc=0.7900
    [ft 02/40] loss=0.8851 train_acc=0.5312 val_acc=0.8100
    [ft 03/40] loss=0.9589 train_acc=0.7526 val_acc=0.8200
    [ft 04/40] loss=0.9527 train_acc=0.6172 val_acc=0.8200
    [ft 05/40] loss=0.8247 train_acc=0.6536 val_acc=0.8700
    [ft 06/40] loss=0.9143 train_acc=0.6458 val_acc=0.8700
    [ft 07/40] loss=0.9192 train_acc=0.5990 val_acc=0.7700
    [ft 08/40] loss=0.9309 train_acc=0.6432 val_acc=0.8000
    [ft 09/40] loss=0.9479 train_acc=0.7500 val_acc=0.8800
    [ft 10/40] loss=0.8300 train_acc=0.7266 val_acc=0.9000
    [ft 11/40] loss=0.7286 train_acc=0.4531 val_acc=0.8500
    [ft 12/40] loss=0.9233 train_acc=0.7083 val_acc=0.8700
    [ft 13/40] loss=0.8020 train_acc=0.6250 val_acc=0.8800
    [ft 14/40] loss=0.8345 train_acc=0.7344 val_acc=0.8900
    [ft 15/40] loss=0.7578 train_acc=0.7708 val_acc=0.8300
    [ft 16/40] loss=0.8045 train_acc=0.7396 val_acc=0.9300
    [ft 17/40] loss=0.7774 train_acc=0.7318 val_acc=0.9000
    [ft 18/40] loss=0.7345 train_acc=0.8516 val_acc=0.9100
    [ft 19/40] loss=0.8180 train_acc=0.6406 val_acc=0.9300
    [ft 20/40] loss=0.7899 train_acc=0.7344 val_acc=0.9300
    [ft 21/40] loss=0.7380 train_acc=0.6224 val_acc=0.8800
    [ft 22/40] loss=0.8843 train_acc=0.8359 val_acc=0.9200
    [ft 23/40] loss=0.7726 train_acc=0.7083 val_acc=0.9200
    [ft 24/40] loss=0.7500 train_acc=0.7161 val_acc=0.8700
    [ft 25/40] loss=0.7747 train_acc=0.7344 val_acc=0.9000
    [ft 26/40] loss=0.7077 train_acc=0.7083 val_acc=0.9100
    [ft 27/40] loss=0.7286 train_acc=0.6302 val_acc=0.9300
    [ft 28/40] loss=0.7077 train_acc=0.7969 val_acc=0.9300
    [ft 29/40] loss=0.7408 train_acc=0.6979 val_acc=0.9600
    [ft 30/40] loss=0.7503 train_acc=0.7266 val_acc=0.9500
    [ft 31/40] loss=0.7135 train_acc=0.6615 val_acc=0.9500
    [ft 32/40] loss=0.6151 train_acc=0.6615 val_acc=0.9400
    [ft 33/40] loss=0.5914 train_acc=0.6354 val_acc=0.9300
    [ft 34/40] loss=0.6407 train_acc=0.7734 val_acc=0.9400
    [ft 35/40] loss=0.8412 train_acc=0.6771 val_acc=0.9300
    [ft 36/40] loss=0.7357 train_acc=0.5443 val_acc=0.9300
    [ft 37/40] loss=0.7127 train_acc=0.6849 val_acc=0.9300
    [ft 38/40] loss=0.6798 train_acc=0.8490 val_acc=0.9300
    [ft 39/40] loss=0.7160 train_acc=0.7578 val_acc=0.9300
    [ft 40/40] loss=0.6642 train_acc=0.7656 val_acc=0.9300
    final val_acc=0.9300 (best 0.9600 @ epoch 33/44)
    fold 1 accuracy=0.9400 macro_f1=0.9407 (13.3 min)
--- fold 2/5 (train=400 val=100) ---
    [head 01/4] loss=1.5834 train_acc=0.2682 val_acc=0.5500
    [head 02/4] loss=1.3742 train_acc=0.4583 val_acc=0.6700
    [head 03/4] loss=1.2731 train_acc=0.4036 val_acc=0.7000
    [head 04/4] loss=1.1838 train_acc=0.4297 val_acc=0.8000
    [ft 01/40] loss=1.0829 train_acc=0.6354 val_acc=0.8400
    [ft 02/40] loss=0.9128 train_acc=0.5651 val_acc=0.8600
    [ft 03/40] loss=0.9826 train_acc=0.7135 val_acc=0.8700
    [ft 04/40] loss=0.9826 train_acc=0.6120 val_acc=0.8700
    [ft 05/40] loss=0.7992 train_acc=0.6406 val_acc=0.8600
    [ft 06/40] loss=0.9212 train_acc=0.6094 val_acc=0.8800
    [ft 07/40] loss=0.9499 train_acc=0.5911 val_acc=0.8600
    [ft 08/40] loss=0.9546 train_acc=0.6667 val_acc=0.8300
    [ft 09/40] loss=0.9622 train_acc=0.7318 val_acc=0.9300
    [ft 10/40] loss=0.8179 train_acc=0.7422 val_acc=0.9300
    [ft 11/40] loss=0.7200 train_acc=0.4505 val_acc=0.8800
    [ft 12/40] loss=0.9156 train_acc=0.7161 val_acc=0.8900
    [ft 13/40] loss=0.8093 train_acc=0.6094 val_acc=0.9200
    [ft 14/40] loss=0.8500 train_acc=0.7161 val_acc=0.9400
    [ft 15/40] loss=0.7940 train_acc=0.7552 val_acc=0.8900
    [ft 16/40] loss=0.8118 train_acc=0.7526 val_acc=0.9300
    [ft 17/40] loss=0.8229 train_acc=0.7135 val_acc=0.9400
    [ft 18/40] loss=0.7437 train_acc=0.8281 val_acc=0.9400
    [ft 19/40] loss=0.8417 train_acc=0.6354 val_acc=0.9200
    [ft 20/40] loss=0.8177 train_acc=0.7526 val_acc=0.9500
    [ft 21/40] loss=0.7471 train_acc=0.6510 val_acc=0.9300
    [ft 22/40] loss=0.9163 train_acc=0.8021 val_acc=0.9300
    [ft 23/40] loss=0.7817 train_acc=0.6823 val_acc=0.9500
    [ft 24/40] loss=0.7847 train_acc=0.6875 val_acc=0.8900
    [ft 25/40] loss=0.7819 train_acc=0.7422 val_acc=0.9700
    [ft 26/40] loss=0.7222 train_acc=0.7005 val_acc=0.9100
    [ft 27/40] loss=0.7307 train_acc=0.6406 val_acc=0.9600
    [ft 28/40] loss=0.7080 train_acc=0.7943 val_acc=0.9500
    [ft 29/40] loss=0.7456 train_acc=0.6953 val_acc=0.9500
    [ft 30/40] loss=0.7668 train_acc=0.7188 val_acc=0.9700
    [ft 31/40] loss=0.7215 train_acc=0.6302 val_acc=0.9500
    [ft 32/40] loss=0.6307 train_acc=0.6406 val_acc=0.9600
    [ft 33/40] loss=0.6001 train_acc=0.6406 val_acc=0.9600
    [ft 34/40] loss=0.6560 train_acc=0.7500 val_acc=0.9600
    [ft 35/40] loss=0.8418 train_acc=0.6641 val_acc=0.9700
    [ft 36/40] loss=0.7531 train_acc=0.5417 val_acc=0.9700
    [ft 37/40] loss=0.7342 train_acc=0.6562 val_acc=0.9600
    [ft 38/40] loss=0.6758 train_acc=0.8646 val_acc=0.9600
    [ft 39/40] loss=0.7317 train_acc=0.7630 val_acc=0.9600
    [ft 40/40] loss=0.6757 train_acc=0.7734 val_acc=0.9600
    final val_acc=0.9600 (best 0.9700 @ epoch 29/44)
    fold 2 accuracy=0.9500 macro_f1=0.9490 (3.3 min)
--- fold 3/5 (train=400 val=100) ---
    [head 01/4] loss=1.5797 train_acc=0.2604 val_acc=0.5900
    [head 02/4] loss=1.3565 train_acc=0.4818 val_acc=0.7200
    [head 03/4] loss=1.2547 train_acc=0.3984 val_acc=0.7300
    [head 04/4] loss=1.1955 train_acc=0.4141 val_acc=0.7900
    [ft 01/40] loss=1.0882 train_acc=0.6172 val_acc=0.8200
    [ft 02/40] loss=0.9096 train_acc=0.5547 val_acc=0.8600
    [ft 03/40] loss=0.9544 train_acc=0.7109 val_acc=0.8400
    [ft 04/40] loss=0.9833 train_acc=0.6042 val_acc=0.8500
    [ft 05/40] loss=0.8127 train_acc=0.6406 val_acc=0.8600
    [ft 06/40] loss=0.9347 train_acc=0.6380 val_acc=0.8700
    [ft 07/40] loss=0.9435 train_acc=0.5625 val_acc=0.8600
    [ft 08/40] loss=0.9509 train_acc=0.6484 val_acc=0.8900
    [ft 09/40] loss=0.9779 train_acc=0.7188 val_acc=0.8400
    [ft 10/40] loss=0.8647 train_acc=0.7292 val_acc=0.9000
    [ft 11/40] loss=0.7053 train_acc=0.4427 val_acc=0.8900
    [ft 12/40] loss=0.8745 train_acc=0.7370 val_acc=0.8900
    [ft 13/40] loss=0.8163 train_acc=0.6250 val_acc=0.9200
    [ft 14/40] loss=0.8596 train_acc=0.7292 val_acc=0.9400
    [ft 15/40] loss=0.7527 train_acc=0.7969 val_acc=0.9100
    [ft 16/40] loss=0.8173 train_acc=0.7474 val_acc=0.9200
    [ft 17/40] loss=0.7825 train_acc=0.7344 val_acc=0.9000
    [ft 18/40] loss=0.7161 train_acc=0.8620 val_acc=0.9200
    [ft 19/40] loss=0.8557 train_acc=0.6484 val_acc=0.9100
    [ft 20/40] loss=0.8216 train_acc=0.7188 val_acc=0.9100
    [ft 21/40] loss=0.7603 train_acc=0.6172 val_acc=0.9500
    [ft 22/40] loss=0.9016 train_acc=0.8177 val_acc=0.9300
    [ft 23/40] loss=0.7826 train_acc=0.6875 val_acc=0.9600
    [ft 24/40] loss=0.7681 train_acc=0.7005 val_acc=0.9300
    [ft 25/40] loss=0.7943 train_acc=0.7057 val_acc=0.9400
    [ft 26/40] loss=0.7158 train_acc=0.7005 val_acc=0.9300
    [ft 27/40] loss=0.7252 train_acc=0.6484 val_acc=0.9400
    [ft 28/40] loss=0.7071 train_acc=0.7943 val_acc=0.9400
    [ft 29/40] loss=0.7492 train_acc=0.7292 val_acc=0.9300
    [ft 30/40] loss=0.7604 train_acc=0.7344 val_acc=0.9400
    [ft 31/40] loss=0.7303 train_acc=0.6406 val_acc=0.9300
    [ft 32/40] loss=0.6258 train_acc=0.6224 val_acc=0.9400
    [ft 33/40] loss=0.5992 train_acc=0.6302 val_acc=0.9400
    [ft 34/40] loss=0.6576 train_acc=0.7578 val_acc=0.9400
    [ft 35/40] loss=0.8496 train_acc=0.6797 val_acc=0.9400
    [ft 36/40] loss=0.7447 train_acc=0.5599 val_acc=0.9400
    [ft 37/40] loss=0.7294 train_acc=0.6667 val_acc=0.9400
    [ft 38/40] loss=0.6699 train_acc=0.8672 val_acc=0.9400
    [ft 39/40] loss=0.7284 train_acc=0.7682 val_acc=0.9400
    [ft 40/40] loss=0.6765 train_acc=0.7682 val_acc=0.9400
    final val_acc=0.9400 (best 0.9600 @ epoch 27/44)
    fold 3 accuracy=0.9400 macro_f1=0.9395 (3.2 min)
--- fold 4/5 (train=400 val=100) ---
    [head 01/4] loss=1.5860 train_acc=0.2682 val_acc=0.5200
    [head 02/4] loss=1.3755 train_acc=0.4740 val_acc=0.6200
    [head 03/4] loss=1.2641 train_acc=0.4115 val_acc=0.6400
    [head 04/4] loss=1.1826 train_acc=0.4089 val_acc=0.7100
    [ft 01/40] loss=1.1060 train_acc=0.6250 val_acc=0.7800
    [ft 02/40] loss=0.9029 train_acc=0.5495 val_acc=0.8300
    [ft 03/40] loss=0.9798 train_acc=0.7318 val_acc=0.8600
    [ft 04/40] loss=0.9648 train_acc=0.6172 val_acc=0.8700
    [ft 05/40] loss=0.8159 train_acc=0.6667 val_acc=0.9000
    [ft 06/40] loss=0.9226 train_acc=0.6562 val_acc=0.8800
    [ft 07/40] loss=0.9376 train_acc=0.5599 val_acc=0.8800
    [ft 08/40] loss=0.9404 train_acc=0.6432 val_acc=0.8500
    [ft 09/40] loss=0.9506 train_acc=0.7604 val_acc=0.9100
    [ft 10/40] loss=0.8220 train_acc=0.7318 val_acc=0.8900
    [ft 11/40] loss=0.7150 train_acc=0.4557 val_acc=0.8700
    [ft 12/40] loss=0.8763 train_acc=0.7578 val_acc=0.9100
    [ft 13/40] loss=0.7932 train_acc=0.6198 val_acc=0.8800
    [ft 14/40] loss=0.8614 train_acc=0.7344 val_acc=0.9000
    [ft 15/40] loss=0.7728 train_acc=0.7839 val_acc=0.9000
    [ft 16/40] loss=0.8507 train_acc=0.7266 val_acc=0.9000
    [ft 17/40] loss=0.7941 train_acc=0.7240 val_acc=0.9100
    [ft 18/40] loss=0.7205 train_acc=0.8359 val_acc=0.9200
    [ft 19/40] loss=0.8271 train_acc=0.6432 val_acc=0.9300
    [ft 20/40] loss=0.8100 train_acc=0.7396 val_acc=0.9000
    [ft 21/40] loss=0.7472 train_acc=0.6146 val_acc=0.9100
    [ft 22/40] loss=0.8976 train_acc=0.8281 val_acc=0.9300
    [ft 23/40] loss=0.7882 train_acc=0.6927 val_acc=0.9400
    [ft 24/40] loss=0.7839 train_acc=0.6953 val_acc=0.9300
    [ft 25/40] loss=0.7814 train_acc=0.7448 val_acc=0.9400
    [ft 26/40] loss=0.7215 train_acc=0.7005 val_acc=0.9400
    [ft 27/40] loss=0.7266 train_acc=0.6510 val_acc=0.9300
    [ft 28/40] loss=0.7053 train_acc=0.8073 val_acc=0.9400
    [ft 29/40] loss=0.7443 train_acc=0.6745 val_acc=0.9300
    [ft 30/40] loss=0.7611 train_acc=0.7292 val_acc=0.9300
    [ft 31/40] loss=0.7272 train_acc=0.6667 val_acc=0.9300
    [ft 32/40] loss=0.6250 train_acc=0.6484 val_acc=0.9300
    [ft 33/40] loss=0.6041 train_acc=0.6250 val_acc=0.9400
    [ft 34/40] loss=0.6613 train_acc=0.7578 val_acc=0.9300
    [ft 35/40] loss=0.8365 train_acc=0.6823 val_acc=0.9200
    [ft 36/40] loss=0.7350 train_acc=0.5573 val_acc=0.9300
    [ft 37/40] loss=0.7307 train_acc=0.6693 val_acc=0.9300
    [ft 38/40] loss=0.6805 train_acc=0.8490 val_acc=0.9300
    [ft 39/40] loss=0.7232 train_acc=0.7578 val_acc=0.9300
    [ft 40/40] loss=0.6729 train_acc=0.7578 val_acc=0.9300
    final val_acc=0.9300 (best 0.9400 @ epoch 27/44)
    fold 4 accuracy=0.9400 macro_f1=0.9392 (3.2 min)
--- fold 5/5 (train=400 val=100) ---
    [head 01/4] loss=1.5667 train_acc=0.2812 val_acc=0.4600
    [head 02/4] loss=1.3670 train_acc=0.4792 val_acc=0.5800
    [head 03/4] loss=1.2552 train_acc=0.4219 val_acc=0.6200
    [head 04/4] loss=1.1710 train_acc=0.4427 val_acc=0.7300
    [ft 01/40] loss=1.0983 train_acc=0.5990 val_acc=0.8000
    [ft 02/40] loss=0.8885 train_acc=0.5599 val_acc=0.8100
    [ft 03/40] loss=0.9522 train_acc=0.7370 val_acc=0.8200
    [ft 04/40] loss=0.9825 train_acc=0.6094 val_acc=0.8400
    [ft 05/40] loss=0.8228 train_acc=0.6484 val_acc=0.8700
    [ft 06/40] loss=0.9384 train_acc=0.6224 val_acc=0.8600
    [ft 07/40] loss=0.9041 train_acc=0.5911 val_acc=0.8700
    [ft 08/40] loss=0.9321 train_acc=0.6406 val_acc=0.8500
    [ft 09/40] loss=0.9488 train_acc=0.7708 val_acc=0.8700
    [ft 10/40] loss=0.8421 train_acc=0.7188 val_acc=0.8400
    [ft 11/40] loss=0.7049 train_acc=0.4323 val_acc=0.8600
    [ft 12/40] loss=0.8920 train_acc=0.7135 val_acc=0.9200
    [ft 13/40] loss=0.7746 train_acc=0.6432 val_acc=0.8900
    [ft 14/40] loss=0.8360 train_acc=0.7422 val_acc=0.8800
    [ft 15/40] loss=0.7571 train_acc=0.7500 val_acc=0.9500
    [ft 16/40] loss=0.8422 train_acc=0.7422 val_acc=0.8900
    [ft 17/40] loss=0.8115 train_acc=0.7448 val_acc=0.9100
    [ft 18/40] loss=0.7430 train_acc=0.8359 val_acc=0.9000
    [ft 19/40] loss=0.8361 train_acc=0.6302 val_acc=0.8900
    [ft 20/40] loss=0.8038 train_acc=0.7526 val_acc=0.9200
    [ft 21/40] loss=0.7358 train_acc=0.6589 val_acc=0.9100
    [ft 22/40] loss=0.8697 train_acc=0.8516 val_acc=0.9100
    [ft 23/40] loss=0.7903 train_acc=0.6745 val_acc=0.9000
    [ft 24/40] loss=0.7764 train_acc=0.6979 val_acc=0.8900
    [ft 25/40] loss=0.7999 train_acc=0.7318 val_acc=0.9000
    [ft 26/40] loss=0.7413 train_acc=0.6927 val_acc=0.9100
    [ft 27/40] loss=0.7132 train_acc=0.6276 val_acc=0.8900
    [ft 28/40] loss=0.6973 train_acc=0.8125 val_acc=0.9000
    [ft 29/40] loss=0.7492 train_acc=0.6849 val_acc=0.8800
    [ft 30/40] loss=0.7483 train_acc=0.7135 val_acc=0.8800
    [ft 31/40] loss=0.7225 train_acc=0.6458 val_acc=0.9100
    [ft 32/40] loss=0.6135 train_acc=0.6458 val_acc=0.9100
    [ft 33/40] loss=0.5942 train_acc=0.6250 val_acc=0.9000
    [ft 34/40] loss=0.6692 train_acc=0.7422 val_acc=0.8900
    [ft 35/40] loss=0.8373 train_acc=0.6797 val_acc=0.8900
    [ft 36/40] loss=0.7338 train_acc=0.5781 val_acc=0.8800
    [ft 37/40] loss=0.7315 train_acc=0.6562 val_acc=0.8900
    [ft 38/40] loss=0.6754 train_acc=0.8568 val_acc=0.8900
    [ft 39/40] loss=0.7225 train_acc=0.7448 val_acc=0.9000
    [ft 40/40] loss=0.6752 train_acc=0.7578 val_acc=0.9000
    final val_acc=0.9000 (best 0.9500 @ epoch 19/44)
    fold 5 accuracy=0.8900 macro_f1=0.8887 (3.2 min)
=== fix_cnx320: OOF accuracy=0.9320 macro_f1=0.9315 ===
