=== cnx320 | arch=convnext_tiny.fb_in22k_ft_in1k size=320 folds=5 crop=True device=cuda ===
normalisation mean=[0.485, 0.456, 0.406] std=[0.229, 0.224, 0.225]
--- fold 1/5 (train=400 val=100) ---
    [head 01/4] loss=1.5861 train_acc=0.2656 val_acc=0.4700
    [head 02/4] loss=1.4401 train_acc=0.4115 val_acc=0.5600
    [head 03/4] loss=1.3654 train_acc=0.3802 val_acc=0.6200
    [head 04/4] loss=1.2718 train_acc=0.3906 val_acc=0.6300
    [ft 01/40] loss=1.1732 train_acc=0.5703 val_acc=0.7600
    [ft 02/40] loss=0.9724 train_acc=0.5052 val_acc=0.8100
    [ft 03/40] loss=1.0279 train_acc=0.6797 val_acc=0.7500
    [ft 04/40] loss=1.0171 train_acc=0.5729 val_acc=0.8300
    [ft 05/40] loss=0.8903 train_acc=0.6380 val_acc=0.8600
    [ft 06/40] loss=0.9411 train_acc=0.6615 val_acc=0.8300
    [ft 07/40] loss=0.9678 train_acc=0.5443 val_acc=0.8300
    [ft 08/40] loss=0.9329 train_acc=0.6615 val_acc=0.8000
    [ft 09/40] loss=1.0047 train_acc=0.7057 val_acc=0.8700
    [ft 10/40] loss=0.8702 train_acc=0.7109 val_acc=0.8300
    [ft 11/40] loss=0.7872 train_acc=0.4557 val_acc=0.8300
    [ft 12/40] loss=0.9528 train_acc=0.6953 val_acc=0.8900
    [ft 13/40] loss=0.8076 train_acc=0.6354 val_acc=0.8800
    [ft 14/40] loss=0.8753 train_acc=0.7188 val_acc=0.9300
    [ft 15/40] loss=0.7990 train_acc=0.7604 val_acc=0.8600
    [ft 16/40] loss=0.8393 train_acc=0.7422 val_acc=0.9300
    [ft 17/40] loss=0.8345 train_acc=0.7083 val_acc=0.9200
    [ft 18/40] loss=0.7574 train_acc=0.8177 val_acc=0.9000
    [ft 19/40] loss=0.8668 train_acc=0.6146 val_acc=0.9300
    [ft 20/40] loss=0.8389 train_acc=0.7396 val_acc=0.8700
    [ft 21/40] loss=0.7882 train_acc=0.6042 val_acc=0.9100
    [ft 22/40] loss=0.9214 train_acc=0.8229 val_acc=0.8900
    [ft 23/40] loss=0.8027 train_acc=0.6901 val_acc=0.9100
    [ft 24/40] loss=0.7932 train_acc=0.6849 val_acc=0.9000
    [ft 25/40] loss=0.8341 train_acc=0.7214 val_acc=0.9100
    [ft 26/40] loss=0.7542 train_acc=0.6641 val_acc=0.9100
    [ft 27/40] loss=0.7681 train_acc=0.6068 val_acc=0.9000
    [ft 28/40] loss=0.7414 train_acc=0.7865 val_acc=0.9300
    [ft 29/40] loss=0.7791 train_acc=0.7005 val_acc=0.9200
    [ft 30/40] loss=0.7769 train_acc=0.7031 val_acc=0.8900
    [ft 31/40] loss=0.7545 train_acc=0.6354 val_acc=0.8900
    [ft 32/40] loss=0.6502 train_acc=0.6458 val_acc=0.9100
    [ft 33/40] loss=0.6158 train_acc=0.6276 val_acc=0.9200
    [ft 34/40] loss=0.6683 train_acc=0.7630 val_acc=0.9200
    [ft 35/40] loss=0.8705 train_acc=0.6667 val_acc=0.9100
    [ft 36/40] loss=0.7492 train_acc=0.5495 val_acc=0.9200
    [ft 37/40] loss=0.7403 train_acc=0.6536 val_acc=0.9300
    [ft 38/40] loss=0.7140 train_acc=0.8333 val_acc=0.9300
    [ft 39/40] loss=0.7433 train_acc=0.7656 val_acc=0.9300
    [ft 40/40] loss=0.6892 train_acc=0.7604 val_acc=0.9300
    final val_acc=0.9300 (best 0.9300 @ epoch 18/44)
    fold 1 accuracy=0.9000 macro_f1=0.9010 (3.6 min)
--- fold 2/5 (train=400 val=100) ---
    [head 01/4] loss=1.5934 train_acc=0.2812 val_acc=0.5700
    [head 02/4] loss=1.4187 train_acc=0.4427 val_acc=0.6900
    [head 03/4] loss=1.3364 train_acc=0.3802 val_acc=0.6600
    [head 04/4] loss=1.2507 train_acc=0.4115 val_acc=0.7800
    [ft 01/40] loss=1.1707 train_acc=0.5807 val_acc=0.8200
    [ft 02/40] loss=0.9830 train_acc=0.5417 val_acc=0.8400
    [ft 03/40] loss=1.0418 train_acc=0.6875 val_acc=0.8600
    [ft 04/40] loss=1.0229 train_acc=0.6068 val_acc=0.8500
    [ft 05/40] loss=0.8874 train_acc=0.5885 val_acc=0.8600
    [ft 06/40] loss=1.0008 train_acc=0.6198 val_acc=0.8300
    [ft 07/40] loss=0.9839 train_acc=0.5729 val_acc=0.9000
    [ft 08/40] loss=0.9623 train_acc=0.6562 val_acc=0.8600
    [ft 09/40] loss=0.9773 train_acc=0.7474 val_acc=0.8400
    [ft 10/40] loss=0.8449 train_acc=0.7214 val_acc=0.9000
    [ft 11/40] loss=0.7341 train_acc=0.4635 val_acc=0.8400
    [ft 12/40] loss=0.9146 train_acc=0.7057 val_acc=0.8800
    [ft 13/40] loss=0.8328 train_acc=0.6146 val_acc=0.8900
    [ft 14/40] loss=0.8847 train_acc=0.6823 val_acc=0.9100
    [ft 15/40] loss=0.8482 train_acc=0.7135 val_acc=0.8900
    [ft 16/40] loss=0.8578 train_acc=0.7526 val_acc=0.8700
    [ft 17/40] loss=0.8375 train_acc=0.7005 val_acc=0.8900
    [ft 18/40] loss=0.7697 train_acc=0.8281 val_acc=0.8800
    [ft 19/40] loss=0.8427 train_acc=0.6380 val_acc=0.9000
    [ft 20/40] loss=0.8538 train_acc=0.7188 val_acc=0.8900
    [ft 21/40] loss=0.7828 train_acc=0.6120 val_acc=0.9000
    [ft 22/40] loss=0.9343 train_acc=0.8125 val_acc=0.9100
    [ft 23/40] loss=0.8094 train_acc=0.6693 val_acc=0.8900
    [ft 24/40] loss=0.7937 train_acc=0.6875 val_acc=0.9000
    [ft 25/40] loss=0.8222 train_acc=0.7422 val_acc=0.9100
    [ft 26/40] loss=0.7574 train_acc=0.6823 val_acc=0.9000
    [ft 27/40] loss=0.7586 train_acc=0.6172 val_acc=0.9000
    [ft 28/40] loss=0.7305 train_acc=0.7812 val_acc=0.9100
    [ft 29/40] loss=0.7830 train_acc=0.6797 val_acc=0.9300
    [ft 30/40] loss=0.7874 train_acc=0.7005 val_acc=0.9200
    [ft 31/40] loss=0.7585 train_acc=0.6510 val_acc=0.9100
    [ft 32/40] loss=0.6415 train_acc=0.6250 val_acc=0.9200
    [ft 33/40] loss=0.6149 train_acc=0.6250 val_acc=0.9200
    [ft 34/40] loss=0.6753 train_acc=0.7630 val_acc=0.9200
    [ft 35/40] loss=0.8679 train_acc=0.6510 val_acc=0.9300
    [ft 36/40] loss=0.7647 train_acc=0.5469 val_acc=0.9300
    [ft 37/40] loss=0.7417 train_acc=0.6615 val_acc=0.9300
    [ft 38/40] loss=0.6864 train_acc=0.8490 val_acc=0.9300
    [ft 39/40] loss=0.7432 train_acc=0.7578 val_acc=0.9300
    [ft 40/40] loss=0.6907 train_acc=0.7630 val_acc=0.9300
    final val_acc=0.9300 (best 0.9300 @ epoch 33/44)
    fold 2 accuracy=0.9200 macro_f1=0.9182 (3.2 min)
--- fold 3/5 (train=400 val=100) ---
    [head 01/4] loss=1.5910 train_acc=0.2760 val_acc=0.5000
    [head 02/4] loss=1.4164 train_acc=0.4557 val_acc=0.6700
    [head 03/4] loss=1.3483 train_acc=0.3594 val_acc=0.7400
    [head 04/4] loss=1.2897 train_acc=0.3594 val_acc=0.7800
    [ft 01/40] loss=1.1608 train_acc=0.5938 val_acc=0.7900
    [ft 02/40] loss=0.9829 train_acc=0.5260 val_acc=0.8200
    [ft 03/40] loss=1.0203 train_acc=0.6901 val_acc=0.8300
    [ft 04/40] loss=1.0556 train_acc=0.5729 val_acc=0.8300
    [ft 05/40] loss=0.8456 train_acc=0.6484 val_acc=0.8900
    [ft 06/40] loss=0.9707 train_acc=0.6224 val_acc=0.8600
    [ft 07/40] loss=1.0021 train_acc=0.5495 val_acc=0.9000
    [ft 08/40] loss=0.9525 train_acc=0.6380 val_acc=0.8900
    [ft 09/40] loss=1.0238 train_acc=0.6901 val_acc=0.8600
    [ft 10/40] loss=0.9148 train_acc=0.7031 val_acc=0.9200
    [ft 11/40] loss=0.7493 train_acc=0.4375 val_acc=0.9000
    [ft 12/40] loss=0.9196 train_acc=0.7083 val_acc=0.9000
    [ft 13/40] loss=0.8296 train_acc=0.6276 val_acc=0.9000
    [ft 14/40] loss=0.8704 train_acc=0.7240 val_acc=0.8700
    [ft 15/40] loss=0.8033 train_acc=0.7682 val_acc=0.8900
    [ft 16/40] loss=0.8576 train_acc=0.7109 val_acc=0.9200
    [ft 17/40] loss=0.8212 train_acc=0.7135 val_acc=0.8900
    [ft 18/40] loss=0.7822 train_acc=0.7995 val_acc=0.8500
    [ft 19/40] loss=0.8925 train_acc=0.6094 val_acc=0.8900
    [ft 20/40] loss=0.8417 train_acc=0.7188 val_acc=0.9300
    [ft 21/40] loss=0.7829 train_acc=0.6068 val_acc=0.9100
    [ft 22/40] loss=0.9286 train_acc=0.8229 val_acc=0.9100
    [ft 23/40] loss=0.8041 train_acc=0.6693 val_acc=0.9300
    [ft 24/40] loss=0.8168 train_acc=0.7161 val_acc=0.9100
    [ft 25/40] loss=0.8303 train_acc=0.7031 val_acc=0.9200
    [ft 26/40] loss=0.7625 train_acc=0.6667 val_acc=0.9300
    [ft 27/40] loss=0.7784 train_acc=0.6146 val_acc=0.9300
    [ft 28/40] loss=0.7443 train_acc=0.7734 val_acc=0.9100
    [ft 29/40] loss=0.7732 train_acc=0.7083 val_acc=0.9200
    [ft 30/40] loss=0.7780 train_acc=0.7083 val_acc=0.9300
    [ft 31/40] loss=0.7547 train_acc=0.6328 val_acc=0.9100
    [ft 32/40] loss=0.6448 train_acc=0.6432 val_acc=0.9200
=== cnx320 | arch=convnext_tiny.fb_in22k_ft_in1k size=320 folds=5 crop=True device=cuda ===
normalisation mean=[0.485, 0.456, 0.406] std=[0.229, 0.224, 0.225]
--- fold 1/5 (train=400 val=100) ---
    resuming fold 1 from fold0_model.pt
    fold 1 accuracy=0.9000 macro_f1=0.9010 (0.4 min)
--- fold 2/5 (train=400 val=100) ---
    resuming fold 2 from fold1_model.pt
    fold 2 accuracy=0.9200 macro_f1=0.9182 (0.4 min)
--- fold 3/5 (train=400 val=100) ---
    [head 01/4] loss=1.5910 train_acc=0.2760 val_acc=0.5000
    [head 02/4] loss=1.4164 train_acc=0.4557 val_acc=0.6700
    [head 03/4] loss=1.3483 train_acc=0.3594 val_acc=0.7400
    [head 04/4] loss=1.2897 train_acc=0.3594 val_acc=0.7800
    [ft 01/40] loss=1.1608 train_acc=0.5938 val_acc=0.7900
    [ft 02/40] loss=0.9829 train_acc=0.5260 val_acc=0.8200
    [ft 03/40] loss=1.0203 train_acc=0.6901 val_acc=0.8300
    [ft 04/40] loss=1.0556 train_acc=0.5729 val_acc=0.8300
    [ft 05/40] loss=0.8456 train_acc=0.6484 val_acc=0.8900
    [ft 06/40] loss=0.9707 train_acc=0.6224 val_acc=0.8600
    [ft 07/40] loss=1.0021 train_acc=0.5495 val_acc=0.9000
    [ft 08/40] loss=0.9525 train_acc=0.6380 val_acc=0.8900
    [ft 09/40] loss=1.0238 train_acc=0.6901 val_acc=0.8600
    [ft 10/40] loss=0.9148 train_acc=0.7031 val_acc=0.9200
    [ft 11/40] loss=0.7493 train_acc=0.4375 val_acc=0.9000
    [ft 12/40] loss=0.9196 train_acc=0.7083 val_acc=0.9000
    [ft 13/40] loss=0.8296 train_acc=0.6276 val_acc=0.9000
    [ft 14/40] loss=0.8704 train_acc=0.7240 val_acc=0.8700
    [ft 15/40] loss=0.8033 train_acc=0.7682 val_acc=0.8900
    [ft 16/40] loss=0.8576 train_acc=0.7109 val_acc=0.9200
    [ft 17/40] loss=0.8212 train_acc=0.7135 val_acc=0.8900
    [ft 18/40] loss=0.7822 train_acc=0.7995 val_acc=0.8500
    [ft 19/40] loss=0.8925 train_acc=0.6094 val_acc=0.8900
    [ft 20/40] loss=0.8417 train_acc=0.7188 val_acc=0.9300
    [ft 21/40] loss=0.7829 train_acc=0.6068 val_acc=0.9100
    [ft 22/40] loss=0.9286 train_acc=0.8229 val_acc=0.9100
    [ft 23/40] loss=0.8041 train_acc=0.6693 val_acc=0.9300
    [ft 24/40] loss=0.8168 train_acc=0.7161 val_acc=0.9100
    [ft 25/40] loss=0.8303 train_acc=0.7031 val_acc=0.9200
    [ft 26/40] loss=0.7625 train_acc=0.6667 val_acc=0.9300
    [ft 27/40] loss=0.7784 train_acc=0.6146 val_acc=0.9300
    [ft 28/40] loss=0.7443 train_acc=0.7734 val_acc=0.9100
    [ft 29/40] loss=0.7732 train_acc=0.7083 val_acc=0.9200
    [ft 30/40] loss=0.7780 train_acc=0.7083 val_acc=0.9300
    [ft 31/40] loss=0.7547 train_acc=0.6328 val_acc=0.9100
    [ft 32/40] loss=0.6448 train_acc=0.6432 val_acc=0.9200
    [ft 33/40] loss=0.6208 train_acc=0.6224 val_acc=0.9300
    [ft 34/40] loss=0.6897 train_acc=0.7552 val_acc=0.9200
    [ft 35/40] loss=0.8754 train_acc=0.6484 val_acc=0.9200
    [ft 36/40] loss=0.7650 train_acc=0.5521 val_acc=0.9200
    [ft 37/40] loss=0.7468 train_acc=0.6667 val_acc=0.9200
    [ft 38/40] loss=0.7051 train_acc=0.8411 val_acc=0.9100
    [ft 39/40] loss=0.7604 train_acc=0.7474 val_acc=0.9100
    [ft 40/40] loss=0.6972 train_acc=0.7630 val_acc=0.9100
    final val_acc=0.9100 (best 0.9300 @ epoch 24/44)
    fold 3 accuracy=0.9300 macro_f1=0.9287 (3.8 min)
--- fold 4/5 (train=400 val=100) ---
    [head 01/4] loss=1.5945 train_acc=0.2682 val_acc=0.5200
    [head 02/4] loss=1.4338 train_acc=0.3750 val_acc=0.6000
    [head 03/4] loss=1.3493 train_acc=0.3958 val_acc=0.6100
    [head 04/4] loss=1.2638 train_acc=0.3724 val_acc=0.6600
    [ft 01/40] loss=1.1747 train_acc=0.5911 val_acc=0.7300
    [ft 02/40] loss=0.9888 train_acc=0.5182 val_acc=0.7900
    [ft 03/40] loss=1.0736 train_acc=0.6276 val_acc=0.7900
    [ft 04/40] loss=1.0273 train_acc=0.5911 val_acc=0.8500
    [ft 05/40] loss=0.8721 train_acc=0.6458 val_acc=0.8900
    [ft 06/40] loss=0.9563 train_acc=0.6641 val_acc=0.8700
    [ft 07/40] loss=0.9707 train_acc=0.5625 val_acc=0.8900
    [ft 08/40] loss=0.9493 train_acc=0.6589 val_acc=0.8400
    [ft 09/40] loss=1.0098 train_acc=0.7083 val_acc=0.8300
    [ft 10/40] loss=0.8875 train_acc=0.6979 val_acc=0.8500
    [ft 11/40] loss=0.7690 train_acc=0.4167 val_acc=0.8600
    [ft 12/40] loss=0.8983 train_acc=0.6927 val_acc=0.9000
    [ft 13/40] loss=0.8467 train_acc=0.5807 val_acc=0.8300
    [ft 14/40] loss=0.9176 train_acc=0.7083 val_acc=0.9100
    [ft 15/40] loss=0.8167 train_acc=0.7552 val_acc=0.9000
    [ft 16/40] loss=0.8724 train_acc=0.7370 val_acc=0.8800
    [ft 17/40] loss=0.8231 train_acc=0.6927 val_acc=0.8900
    [ft 18/40] loss=0.7800 train_acc=0.8125 val_acc=0.9100
    [ft 19/40] loss=0.8922 train_acc=0.6146 val_acc=0.9000
    [ft 20/40] loss=0.8499 train_acc=0.7396 val_acc=0.9000
    [ft 21/40] loss=0.7911 train_acc=0.6354 val_acc=0.9100
    [ft 22/40] loss=0.9316 train_acc=0.8333 val_acc=0.9000
    [ft 23/40] loss=0.8089 train_acc=0.6771 val_acc=0.9100
    [ft 24/40] loss=0.7912 train_acc=0.7161 val_acc=0.9200
    [ft 25/40] loss=0.8202 train_acc=0.7161 val_acc=0.9100
    [ft 26/40] loss=0.7533 train_acc=0.7031 val_acc=0.8900
    [ft 27/40] loss=0.7620 train_acc=0.6302 val_acc=0.9100
    [ft 28/40] loss=0.7548 train_acc=0.7708 val_acc=0.9000
    [ft 29/40] loss=0.7675 train_acc=0.6589 val_acc=0.9200
    [ft 30/40] loss=0.7836 train_acc=0.6953 val_acc=0.9100
    [ft 31/40] loss=0.7659 train_acc=0.6380 val_acc=0.9000
    [ft 32/40] loss=0.6514 train_acc=0.6120 val_acc=0.9100
    [ft 33/40] loss=0.6210 train_acc=0.6250 val_acc=0.9200
    [ft 34/40] loss=0.6794 train_acc=0.7760 val_acc=0.9100
    [ft 35/40] loss=0.8577 train_acc=0.6432 val_acc=0.9100
    [ft 36/40] loss=0.7619 train_acc=0.5417 val_acc=0.9100
    [ft 37/40] loss=0.7540 train_acc=0.6615 val_acc=0.9100
    [ft 38/40] loss=0.7119 train_acc=0.8438 val_acc=0.9100
    [ft 39/40] loss=0.7538 train_acc=0.7344 val_acc=0.9200
    [ft 40/40] loss=0.6914 train_acc=0.7422 val_acc=0.9200
    final val_acc=0.9200 (best 0.9200 @ epoch 28/44)
    fold 4 accuracy=0.9200 macro_f1=0.9203 (3.6 min)
--- fold 5/5 (train=400 val=100) ---
    [head 01/4] loss=1.5869 train_acc=0.2708 val_acc=0.4200
    [head 02/4] loss=1.4178 train_acc=0.4453 val_acc=0.5800
    [head 03/4] loss=1.3109 train_acc=0.4062 val_acc=0.5800
    [head 04/4] loss=1.2312 train_acc=0.4036 val_acc=0.6800
    [ft 01/40] loss=1.1646 train_acc=0.5677 val_acc=0.7600
    [ft 02/40] loss=0.9758 train_acc=0.5182 val_acc=0.8200
    [ft 03/40] loss=1.0126 train_acc=0.7005 val_acc=0.8000
    [ft 04/40] loss=1.0198 train_acc=0.5911 val_acc=0.7800
    [ft 05/40] loss=0.8704 train_acc=0.6328 val_acc=0.8800
    [ft 06/40] loss=0.9897 train_acc=0.6094 val_acc=0.8600
    [ft 07/40] loss=0.9627 train_acc=0.5938 val_acc=0.8300
    [ft 08/40] loss=1.0069 train_acc=0.5938 val_acc=0.7900
    [ft 09/40] loss=1.0042 train_acc=0.7318 val_acc=0.8700
    [ft 10/40] loss=0.8800 train_acc=0.6953 val_acc=0.8700
    [ft 11/40] loss=0.7661 train_acc=0.4297 val_acc=0.8800
    [ft 12/40] loss=0.9324 train_acc=0.7057 val_acc=0.9100
    [ft 13/40] loss=0.8465 train_acc=0.5807 val_acc=0.8700
    [ft 14/40] loss=0.8849 train_acc=0.7031 val_acc=0.8900
    [ft 15/40] loss=0.7859 train_acc=0.7448 val_acc=0.8900
    [ft 16/40] loss=0.8768 train_acc=0.6875 val_acc=0.9000
    [ft 17/40] loss=0.8161 train_acc=0.7109 val_acc=0.9000
    [ft 18/40] loss=0.7634 train_acc=0.8177 val_acc=0.8900
    [ft 19/40] loss=0.8795 train_acc=0.6198 val_acc=0.9000
    [ft 20/40] loss=0.8290 train_acc=0.7500 val_acc=0.9100
    [ft 21/40] loss=0.7735 train_acc=0.5964 val_acc=0.9400
    [ft 22/40] loss=0.9290 train_acc=0.8203 val_acc=0.9100
    [ft 23/40] loss=0.8157 train_acc=0.6693 val_acc=0.9000
    [ft 24/40] loss=0.7967 train_acc=0.7188 val_acc=0.8700
    [ft 25/40] loss=0.8323 train_acc=0.7083 val_acc=0.8800
    [ft 26/40] loss=0.7657 train_acc=0.6667 val_acc=0.9000
    [ft 27/40] loss=0.7604 train_acc=0.6146 val_acc=0.9100
    [ft 28/40] loss=0.7315 train_acc=0.8021 val_acc=0.9000
    [ft 29/40] loss=0.7965 train_acc=0.6536 val_acc=0.9100
    [ft 30/40] loss=0.7919 train_acc=0.7109 val_acc=0.9100
    [ft 31/40] loss=0.7490 train_acc=0.6380 val_acc=0.9200
    [ft 32/40] loss=0.6368 train_acc=0.6354 val_acc=0.9100
    [ft 33/40] loss=0.6122 train_acc=0.6328 val_acc=0.9100
    [ft 34/40] loss=0.6829 train_acc=0.7656 val_acc=0.9100
    [ft 35/40] loss=0.8726 train_acc=0.6276 val_acc=0.9100
    [ft 36/40] loss=0.7557 train_acc=0.5495 val_acc=0.9100
    [ft 37/40] loss=0.7497 train_acc=0.6510 val_acc=0.9100
    [ft 38/40] loss=0.6998 train_acc=0.8281 val_acc=0.9100
    [ft 39/40] loss=0.7692 train_acc=0.7474 val_acc=0.9100
    [ft 40/40] loss=0.6992 train_acc=0.7448 val_acc=0.9100
    final val_acc=0.9100 (best 0.9400 @ epoch 25/44)
    fold 5 accuracy=0.9200 macro_f1=0.9198 (3.7 min)
=== cnx320: OOF accuracy=0.9180 macro_f1=0.9179 ===
=== cnx320 | arch=convnext_tiny.fb_in22k_ft_in1k size=320 folds=5 crop=True device=cuda ===
normalisation mean=[0.485, 0.456, 0.406] std=[0.229, 0.224, 0.225]
--- fold 1/5 (train=400 val=100) ---
    resuming fold 1 from fold0_model.pt
    fold 1 accuracy=0.9000 macro_f1=0.9010 (0.5 min)
--- fold 2/5 (train=400 val=100) ---
    resuming fold 2 from fold1_model.pt
    fold 2 accuracy=0.9200 macro_f1=0.9182 (0.4 min)
--- fold 3/5 (train=400 val=100) ---
    resuming fold 3 from fold2_model.pt
    fold 3 accuracy=0.9300 macro_f1=0.9287 (0.4 min)
--- fold 4/5 (train=400 val=100) ---
    resuming fold 4 from fold3_model.pt
    fold 4 accuracy=0.9200 macro_f1=0.9203 (0.4 min)
--- fold 5/5 (train=400 val=100) ---
    resuming fold 5 from fold4_model.pt
    fold 5 accuracy=0.9200 macro_f1=0.9198 (0.4 min)
=== cnx320: OOF accuracy=0.9180 macro_f1=0.9179 ===
