=== swin352m | arch=swin_tiny_patch4_window7_224.ms_in22k_ft_in1k size=352 folds=5 crop=True device=cuda ===
normalisation mean=[0.485, 0.456, 0.406] std=[0.229, 0.224, 0.225]
--- fold 1/5 (train=584 val=100) ---
=== swin352m | arch=swin_tiny_patch4_window7_224.ms_in22k_ft_in1k size=352 folds=5 crop=True device=cuda ===
normalisation mean=[0.485, 0.456, 0.406] std=[0.229, 0.224, 0.225]
--- fold 1/5 (train=584 val=100) ---
    [head 01/4] loss=1.4770 train_acc=0.3941 val_acc=0.5100
    [head 02/4] loss=1.3000 train_acc=0.4670 val_acc=0.6500
    [head 03/4] loss=1.2208 train_acc=0.4740 val_acc=0.7200
    [head 04/4] loss=1.1327 train_acc=0.5920 val_acc=0.7000
    [ft 01/40] loss=1.0040 train_acc=0.6510 val_acc=0.7600
    [ft 02/40] loss=0.9863 train_acc=0.6076 val_acc=0.8100
    [ft 03/40] loss=0.9068 train_acc=0.5521 val_acc=0.8200
    [ft 04/40] loss=0.8900 train_acc=0.6788 val_acc=0.8000
    [ft 05/40] loss=1.0359 train_acc=0.6510 val_acc=0.8400
    [ft 06/40] loss=0.9102 train_acc=0.7309 val_acc=0.8100
    [ft 07/40] loss=0.9217 train_acc=0.5538 val_acc=0.8700
    [ft 08/40] loss=0.8166 train_acc=0.6476 val_acc=0.8900
    [ft 09/40] loss=0.8838 train_acc=0.7361 val_acc=0.8300
    [ft 10/40] loss=0.8540 train_acc=0.6510 val_acc=0.8200
    [ft 11/40] loss=0.8979 train_acc=0.7135 val_acc=0.8300
    [ft 12/40] loss=0.8762 train_acc=0.6302 val_acc=0.9200
    [ft 13/40] loss=0.9109 train_acc=0.6788 val_acc=0.8800
    [ft 14/40] loss=0.8586 train_acc=0.7049 val_acc=0.8500
    [ft 15/40] loss=0.8892 train_acc=0.6146 val_acc=0.8900
    [ft 16/40] loss=0.8226 train_acc=0.6962 val_acc=0.8900
    [ft 17/40] loss=0.8028 train_acc=0.6233 val_acc=0.9300
    [ft 18/40] loss=0.7796 train_acc=0.7170 val_acc=0.9300
    [ft 19/40] loss=0.7997 train_acc=0.6267 val_acc=0.9200
    [ft 20/40] loss=0.7361 train_acc=0.6580 val_acc=0.9000
    [ft 21/40] loss=0.7606 train_acc=0.7344 val_acc=0.8700
    [ft 22/40] loss=0.7137 train_acc=0.6875 val_acc=0.9100
    [ft 23/40] loss=0.7039 train_acc=0.6250 val_acc=0.9200
    [ft 24/40] loss=0.8131 train_acc=0.8490 val_acc=0.9000
    [ft 25/40] loss=0.8416 train_acc=0.7760 val_acc=0.9000
    [ft 26/40] loss=0.7849 train_acc=0.8090 val_acc=0.8900
    [ft 27/40] loss=0.7109 train_acc=0.6892 val_acc=0.9200
    [ft 28/40] loss=0.7982 train_acc=0.7188 val_acc=0.9200
    [ft 29/40] loss=0.7738 train_acc=0.7899 val_acc=0.9300
    [ft 30/40] loss=0.8505 train_acc=0.7569 val_acc=0.9300
    [ft 31/40] loss=0.7100 train_acc=0.7309 val_acc=0.9200
    [ft 32/40] loss=0.8194 train_acc=0.6163 val_acc=0.9300
    [ft 33/40] loss=0.8093 train_acc=0.6771 val_acc=0.9500
    [ft 34/40] loss=0.7124 train_acc=0.7622 val_acc=0.9400
    [ft 35/40] loss=0.7495 train_acc=0.6094 val_acc=0.9200
    [ft 36/40] loss=0.8202 train_acc=0.6806 val_acc=0.9200
    [ft 37/40] loss=0.7393 train_acc=0.6163 val_acc=0.9200
    [ft 38/40] loss=0.7463 train_acc=0.7604 val_acc=0.9200
    [ft 39/40] loss=0.7629 train_acc=0.7778 val_acc=0.9200
    [ft 40/40] loss=0.7248 train_acc=0.6823 val_acc=0.9200
    final val_acc=0.9200 (best 0.9500 @ epoch 37/44)
    fold 1 accuracy=0.9300 macro_f1=0.9306 (16.8 min)
--- fold 2/5 (train=584 val=100) ---
    [head 01/4] loss=1.4859 train_acc=0.3733 val_acc=0.5000
    [head 02/4] loss=1.2874 train_acc=0.4861 val_acc=0.6100
    [head 03/4] loss=1.2196 train_acc=0.5052 val_acc=0.7500
    [head 04/4] loss=1.1565 train_acc=0.5573 val_acc=0.6900
    [ft 01/40] loss=1.0171 train_acc=0.6424 val_acc=0.7300
    [ft 02/40] loss=0.9960 train_acc=0.6285 val_acc=0.7800
    [ft 03/40] loss=0.9012 train_acc=0.5503 val_acc=0.7400
    [ft 04/40] loss=0.8904 train_acc=0.6962 val_acc=0.8200
    [ft 05/40] loss=1.0166 train_acc=0.6667 val_acc=0.8400
    [ft 06/40] loss=0.9389 train_acc=0.7135 val_acc=0.8100
    [ft 07/40] loss=0.9500 train_acc=0.5833 val_acc=0.8600
    [ft 08/40] loss=0.8645 train_acc=0.6128 val_acc=0.7800
    [ft 09/40] loss=0.8903 train_acc=0.7222 val_acc=0.8900
    [ft 10/40] loss=0.8384 train_acc=0.6424 val_acc=0.8700
    [ft 11/40] loss=0.8766 train_acc=0.7431 val_acc=0.8600
    [ft 12/40] loss=0.8694 train_acc=0.6389 val_acc=0.8700
    [ft 13/40] loss=0.9244 train_acc=0.6736 val_acc=0.8700
    [ft 14/40] loss=0.8412 train_acc=0.7101 val_acc=0.8900
    [ft 15/40] loss=0.8649 train_acc=0.5885 val_acc=0.8300
    [ft 16/40] loss=0.8326 train_acc=0.6806 val_acc=0.8800
    [ft 17/40] loss=0.8501 train_acc=0.6024 val_acc=0.8300
    [ft 18/40] loss=0.8085 train_acc=0.6997 val_acc=0.9100
    [ft 19/40] loss=0.8089 train_acc=0.6337 val_acc=0.8900
    [ft 20/40] loss=0.7466 train_acc=0.6458 val_acc=0.8700
    [ft 21/40] loss=0.7702 train_acc=0.7396 val_acc=0.8600
    [ft 22/40] loss=0.7216 train_acc=0.6719 val_acc=0.8600
    [ft 23/40] loss=0.6966 train_acc=0.6146 val_acc=0.9000
    [ft 24/40] loss=0.8171 train_acc=0.8524 val_acc=0.8800
    [ft 25/40] loss=0.8546 train_acc=0.7604 val_acc=0.8800
    [ft 26/40] loss=0.7813 train_acc=0.7986 val_acc=0.9000
    [ft 27/40] loss=0.7231 train_acc=0.6736 val_acc=0.8900
    [ft 28/40] loss=0.8208 train_acc=0.6944 val_acc=0.8700
    [ft 29/40] loss=0.7749 train_acc=0.7726 val_acc=0.8800
    [ft 30/40] loss=0.8596 train_acc=0.7517 val_acc=0.8700
    [ft 31/40] loss=0.7109 train_acc=0.7361 val_acc=0.9000
    [ft 32/40] loss=0.8441 train_acc=0.6042 val_acc=0.9000
    [ft 33/40] loss=0.8129 train_acc=0.6719 val_acc=0.8600
    [ft 34/40] loss=0.7207 train_acc=0.7552 val_acc=0.8700
    [ft 35/40] loss=0.7551 train_acc=0.5972 val_acc=0.8900
    [ft 36/40] loss=0.8179 train_acc=0.6545 val_acc=0.8900
    [ft 37/40] loss=0.7480 train_acc=0.6302 val_acc=0.8900
    [ft 38/40] loss=0.7582 train_acc=0.7743 val_acc=0.8900
    [ft 39/40] loss=0.7724 train_acc=0.7674 val_acc=0.8900
    [ft 40/40] loss=0.7320 train_acc=0.7083 val_acc=0.8900
    final val_acc=0.8900 (best 0.9100 @ epoch 22/44)
    fold 2 accuracy=0.8800 macro_f1=0.8799 (30.4 min)
--- fold 3/5 (train=584 val=100) ---
    [head 01/4] loss=1.4859 train_acc=0.3837 val_acc=0.5800
    [head 02/4] loss=1.3008 train_acc=0.4705 val_acc=0.7500
    [head 03/4] loss=1.2232 train_acc=0.5017 val_acc=0.7400
    [head 04/4] loss=1.1445 train_acc=0.5764 val_acc=0.7900
    [ft 01/40] loss=1.0276 train_acc=0.6580 val_acc=0.8300
    [ft 02/40] loss=0.9894 train_acc=0.6007 val_acc=0.9200
    [ft 03/40] loss=0.8967 train_acc=0.5625 val_acc=0.8600
    [ft 04/40] loss=0.9020 train_acc=0.6771 val_acc=0.9200
    [ft 05/40] loss=1.0501 train_acc=0.6372 val_acc=0.8800
    [ft 06/40] loss=0.8811 train_acc=0.7552 val_acc=0.9100
    [ft 07/40] loss=0.8836 train_acc=0.5833 val_acc=0.9300
