=== rn50b | arch=resnet50.a1_in1k size=320 folds=5 crop=True device=cuda ===
normalisation mean=[0.485, 0.456, 0.406] std=[0.229, 0.224, 0.225]
--- fold 1/5 (train=584 val=100) ---
    [head 01/4] loss=1.5841 train_acc=0.2604 val_acc=0.3200
    [head 02/4] loss=1.5473 train_acc=0.3090 val_acc=0.3600
    [head 03/4] loss=1.4974 train_acc=0.3073 val_acc=0.4700
    [head 04/4] loss=1.4724 train_acc=0.3576 val_acc=0.4300
    [ft 01/40] loss=1.4699 train_acc=0.3681 val_acc=0.4600
    [ft 02/40] loss=1.4190 train_acc=0.3559 val_acc=0.4500
    [ft 03/40] loss=1.4206 train_acc=0.4306 val_acc=0.4900
    [ft 04/40] loss=1.3173 train_acc=0.4601 val_acc=0.5800
    [ft 05/40] loss=1.2497 train_acc=0.5816 val_acc=0.6400
    [ft 06/40] loss=1.0225 train_acc=0.4809 val_acc=0.7200
    [ft 07/40] loss=1.0644 train_acc=0.6042 val_acc=0.7600
    [ft 08/40] loss=0.9968 train_acc=0.6319 val_acc=0.8000
    [ft 09/40] loss=0.9101 train_acc=0.6493 val_acc=0.8000
    [ft 10/40] loss=0.9966 train_acc=0.6128 val_acc=0.8000
    [ft 11/40] loss=0.9171 train_acc=0.6875 val_acc=0.8200
    [ft 12/40] loss=0.9667 train_acc=0.6753 val_acc=0.8000
    [ft 13/40] loss=0.9383 train_acc=0.6285 val_acc=0.8200
    [ft 14/40] loss=0.9734 train_acc=0.6649 val_acc=0.8100
    [ft 15/40] loss=0.9382 train_acc=0.5990 val_acc=0.8600
    [ft 16/40] loss=0.8635 train_acc=0.7066 val_acc=0.8300
    [ft 17/40] loss=0.8602 train_acc=0.6007 val_acc=0.8200
    [ft 18/40] loss=0.9142 train_acc=0.6823 val_acc=0.8500
    [ft 19/40] loss=0.9099 train_acc=0.6198 val_acc=0.8500
    [ft 20/40] loss=0.7702 train_acc=0.5938 val_acc=0.8400
    [ft 21/40] loss=0.7410 train_acc=0.6736 val_acc=0.8600
    [ft 22/40] loss=0.8901 train_acc=0.6198 val_acc=0.8500
    [ft 23/40] loss=0.8394 train_acc=0.5295 val_acc=0.8800
    [ft 24/40] loss=0.8214 train_acc=0.7569 val_acc=0.8600
    [ft 25/40] loss=0.8488 train_acc=0.7344 val_acc=0.8800
    [ft 26/40] loss=0.8403 train_acc=0.6510 val_acc=0.8600
    [ft 27/40] loss=0.8384 train_acc=0.6267 val_acc=0.8800
    [ft 28/40] loss=0.7652 train_acc=0.7917 val_acc=0.8700
    [ft 29/40] loss=0.9193 train_acc=0.7292 val_acc=0.8800
    [ft 30/40] loss=0.7480 train_acc=0.7812 val_acc=0.9100
    [ft 31/40] loss=0.9011 train_acc=0.5556 val_acc=0.8800
    [ft 32/40] loss=0.8327 train_acc=0.6840 val_acc=0.9000
    [ft 33/40] loss=0.8771 train_acc=0.7326 val_acc=0.8800
    [ft 34/40] loss=0.8846 train_acc=0.7014 val_acc=0.8900
    [ft 35/40] loss=0.8163 train_acc=0.6562 val_acc=0.9000
    [ft 36/40] loss=0.8162 train_acc=0.6111 val_acc=0.8900
    [ft 37/40] loss=0.8757 train_acc=0.7031 val_acc=0.8900
    [ft 38/40] loss=0.8664 train_acc=0.7083 val_acc=0.9000
    [ft 39/40] loss=0.7662 train_acc=0.5642 val_acc=0.9000
    [ft 40/40] loss=0.7931 train_acc=0.6111 val_acc=0.8900
    final val_acc=0.8900 (best 0.9100 @ epoch 34/44)
    fold 1 accuracy=0.8800 macro_f1=0.8784 (5.0 min)
--- fold 2/5 (train=584 val=100) ---
    [head 01/4] loss=1.5821 train_acc=0.2639 val_acc=0.3600
    [head 02/4] loss=1.5451 train_acc=0.2969 val_acc=0.3300
    [head 03/4] loss=1.4988 train_acc=0.3212 val_acc=0.4000
    [head 04/4] loss=1.4737 train_acc=0.3542 val_acc=0.4400
    [ft 01/40] loss=1.4695 train_acc=0.3854 val_acc=0.4600
    [ft 02/40] loss=1.4208 train_acc=0.3785 val_acc=0.4700
    [ft 03/40] loss=1.4292 train_acc=0.3872 val_acc=0.5100
    [ft 04/40] loss=1.3377 train_acc=0.4115 val_acc=0.6900
    [ft 05/40] loss=1.2515 train_acc=0.5365 val_acc=0.6900
    [ft 06/40] loss=1.0472 train_acc=0.4688 val_acc=0.8200
    [ft 07/40] loss=1.0688 train_acc=0.5990 val_acc=0.8400
    [ft 08/40] loss=0.9951 train_acc=0.6024 val_acc=0.8300
    [ft 09/40] loss=0.9167 train_acc=0.6493 val_acc=0.8500
    [ft 10/40] loss=1.0090 train_acc=0.6319 val_acc=0.8400
    [ft 11/40] loss=0.9369 train_acc=0.6806 val_acc=0.8400
    [ft 12/40] loss=0.9675 train_acc=0.6632 val_acc=0.8600
    [ft 13/40] loss=0.9551 train_acc=0.6128 val_acc=0.8400
    [ft 14/40] loss=0.9744 train_acc=0.6580 val_acc=0.8700
    [ft 15/40] loss=0.9404 train_acc=0.5885 val_acc=0.8700
    [ft 16/40] loss=0.8765 train_acc=0.7014 val_acc=0.8700
    [ft 17/40] loss=0.8589 train_acc=0.6111 val_acc=0.8400
    [ft 18/40] loss=0.9163 train_acc=0.6562 val_acc=0.8900
    [ft 19/40] loss=0.9079 train_acc=0.6267 val_acc=0.8800
    [ft 20/40] loss=0.7735 train_acc=0.6042 val_acc=0.8900
    [ft 21/40] loss=0.7678 train_acc=0.6562 val_acc=0.9100
    [ft 22/40] loss=0.9086 train_acc=0.6024 val_acc=0.8800
    [ft 23/40] loss=0.8430 train_acc=0.5139 val_acc=0.8800
    [ft 24/40] loss=0.8404 train_acc=0.7431 val_acc=0.8700
    [ft 25/40] loss=0.8383 train_acc=0.7639 val_acc=0.8700
    [ft 26/40] loss=0.8544 train_acc=0.6389 val_acc=0.8900
    [ft 27/40] loss=0.8478 train_acc=0.6233 val_acc=0.8900
    [ft 28/40] loss=0.7483 train_acc=0.8003 val_acc=0.8900
    [ft 29/40] loss=0.9244 train_acc=0.7361 val_acc=0.9000
    [ft 30/40] loss=0.7622 train_acc=0.7483 val_acc=0.9000
    [ft 31/40] loss=0.9106 train_acc=0.5469 val_acc=0.8900
    [ft 32/40] loss=0.8413 train_acc=0.6858 val_acc=0.9000
    [ft 33/40] loss=0.8958 train_acc=0.7153 val_acc=0.8900
    [ft 34/40] loss=0.8750 train_acc=0.7222 val_acc=0.9000
    [ft 35/40] loss=0.8256 train_acc=0.6858 val_acc=0.9000
    [ft 36/40] loss=0.8239 train_acc=0.6198 val_acc=0.9000
    [ft 37/40] loss=0.8916 train_acc=0.6910 val_acc=0.9000
    [ft 38/40] loss=0.8636 train_acc=0.6979 val_acc=0.8900
    [ft 39/40] loss=0.7679 train_acc=0.5712 val_acc=0.9000
    [ft 40/40] loss=0.8354 train_acc=0.5955 val_acc=0.9000
    final val_acc=0.9000 (best 0.9100 @ epoch 25/44)
    fold 2 accuracy=0.8900 macro_f1=0.8871 (5.1 min)
--- fold 3/5 (train=584 val=100) ---
    [head 01/4] loss=1.5811 train_acc=0.2656 val_acc=0.3200
    [head 02/4] loss=1.5436 train_acc=0.2882 val_acc=0.3700
    [head 03/4] loss=1.4974 train_acc=0.3264 val_acc=0.4300
    [head 04/4] loss=1.4796 train_acc=0.3438 val_acc=0.4700
    [ft 01/40] loss=1.4741 train_acc=0.3785 val_acc=0.4900
    [ft 02/40] loss=1.4282 train_acc=0.3819 val_acc=0.4900
    [ft 03/40] loss=1.4155 train_acc=0.4167 val_acc=0.5200
    [ft 04/40] loss=1.3187 train_acc=0.4410 val_acc=0.6600
    [ft 05/40] loss=1.2420 train_acc=0.5764 val_acc=0.7400
    [ft 06/40] loss=1.0106 train_acc=0.5000 val_acc=0.7800
    [ft 07/40] loss=1.0534 train_acc=0.5885 val_acc=0.8200
    [ft 08/40] loss=1.0034 train_acc=0.6076 val_acc=0.8600
    [ft 09/40] loss=0.9249 train_acc=0.6493 val_acc=0.8100
    [ft 10/40] loss=1.0101 train_acc=0.6389 val_acc=0.8900
    [ft 11/40] loss=0.9101 train_acc=0.6771 val_acc=0.8700
    [ft 12/40] loss=0.9566 train_acc=0.6667 val_acc=0.8900
    [ft 13/40] loss=0.9447 train_acc=0.6267 val_acc=0.9000
    [ft 14/40] loss=0.9607 train_acc=0.7083 val_acc=0.9300
    [ft 15/40] loss=0.9437 train_acc=0.5920 val_acc=0.9400
    [ft 16/40] loss=0.8623 train_acc=0.7118 val_acc=0.9300
    [ft 17/40] loss=0.8536 train_acc=0.6094 val_acc=0.9100
    [ft 18/40] loss=0.9069 train_acc=0.6719 val_acc=0.9000
    [ft 19/40] loss=0.9215 train_acc=0.6250 val_acc=0.9300
    [ft 20/40] loss=0.7708 train_acc=0.6007 val_acc=0.9300
    [ft 21/40] loss=0.7590 train_acc=0.6580 val_acc=0.9300
    [ft 22/40] loss=0.9159 train_acc=0.6042 val_acc=0.9400
    [ft 23/40] loss=0.8312 train_acc=0.5312 val_acc=0.9600
    [ft 24/40] loss=0.8305 train_acc=0.7535 val_acc=0.9400
    [ft 25/40] loss=0.8552 train_acc=0.7587 val_acc=0.9400
    [ft 26/40] loss=0.8654 train_acc=0.6806 val_acc=0.9400
    [ft 27/40] loss=0.8333 train_acc=0.6111 val_acc=0.9300
    [ft 28/40] loss=0.7752 train_acc=0.8056 val_acc=0.9400
    [ft 29/40] loss=0.9319 train_acc=0.7552 val_acc=0.9300
    [ft 30/40] loss=0.7569 train_acc=0.7656 val_acc=0.9300
    [ft 31/40] loss=0.9164 train_acc=0.5469 val_acc=0.9300
    [ft 32/40] loss=0.8309 train_acc=0.7118 val_acc=0.9400
    [ft 33/40] loss=0.9006 train_acc=0.7274 val_acc=0.9500
    [ft 34/40] loss=0.8721 train_acc=0.7083 val_acc=0.9300
    [ft 35/40] loss=0.8247 train_acc=0.6580 val_acc=0.9300
    [ft 36/40] loss=0.8282 train_acc=0.5972 val_acc=0.9500
    [ft 37/40] loss=0.8813 train_acc=0.6771 val_acc=0.9500
    [ft 38/40] loss=0.8596 train_acc=0.7292 val_acc=0.9500
    [ft 39/40] loss=0.7624 train_acc=0.5608 val_acc=0.9400
    [ft 40/40] loss=0.8046 train_acc=0.6163 val_acc=0.9500
    final val_acc=0.9500 (best 0.9600 @ epoch 27/44)
    fold 3 accuracy=0.9400 macro_f1=0.9398 (5.3 min)
--- fold 4/5 (train=584 val=100) ---
    [head 01/4] loss=1.5814 train_acc=0.2569 val_acc=0.4100
    [head 02/4] loss=1.5475 train_acc=0.2969 val_acc=0.3800
    [head 03/4] loss=1.5012 train_acc=0.3264 val_acc=0.3900
    [head 04/4] loss=1.4669 train_acc=0.3455 val_acc=0.4600
    [ft 01/40] loss=1.4694 train_acc=0.3924 val_acc=0.4900
    [ft 02/40] loss=1.4343 train_acc=0.3750 val_acc=0.4800
    [ft 03/40] loss=1.4256 train_acc=0.3976 val_acc=0.5300
    [ft 04/40] loss=1.3293 train_acc=0.4253 val_acc=0.5900
    [ft 05/40] loss=1.2463 train_acc=0.5677 val_acc=0.6600
    [ft 06/40] loss=1.0315 train_acc=0.5052 val_acc=0.7600
    [ft 07/40] loss=1.0714 train_acc=0.6181 val_acc=0.7800
    [ft 08/40] loss=1.0009 train_acc=0.5851 val_acc=0.7900
    [ft 09/40] loss=0.9181 train_acc=0.6493 val_acc=0.8300
    [ft 10/40] loss=1.0069 train_acc=0.6163 val_acc=0.8300
    [ft 11/40] loss=0.9236 train_acc=0.6927 val_acc=0.8200
    [ft 12/40] loss=0.9599 train_acc=0.6649 val_acc=0.8300
    [ft 13/40] loss=0.9361 train_acc=0.6267 val_acc=0.8400
    [ft 14/40] loss=0.9819 train_acc=0.6701 val_acc=0.8500
    [ft 15/40] loss=0.9509 train_acc=0.5920 val_acc=0.8600
    [ft 16/40] loss=0.8586 train_acc=0.7153 val_acc=0.8800
    [ft 17/40] loss=0.8694 train_acc=0.6059 val_acc=0.8300
    [ft 18/40] loss=0.9191 train_acc=0.6701 val_acc=0.8700
    [ft 19/40] loss=0.9069 train_acc=0.6215 val_acc=0.8800
    [ft 20/40] loss=0.7872 train_acc=0.6181 val_acc=0.8800
    [ft 21/40] loss=0.7679 train_acc=0.6528 val_acc=0.8800
    [ft 22/40] loss=0.9044 train_acc=0.6233 val_acc=0.8700
    [ft 23/40] loss=0.8581 train_acc=0.5208 val_acc=0.8800
    [ft 24/40] loss=0.8391 train_acc=0.7448 val_acc=0.8700
    [ft 25/40] loss=0.8474 train_acc=0.7622 val_acc=0.8800
    [ft 26/40] loss=0.8620 train_acc=0.6354 val_acc=0.8500
    [ft 27/40] loss=0.8438 train_acc=0.6406 val_acc=0.8500
    [ft 28/40] loss=0.7564 train_acc=0.8073 val_acc=0.8500
    [ft 29/40] loss=0.9467 train_acc=0.7413 val_acc=0.8500
    [ft 30/40] loss=0.7722 train_acc=0.7656 val_acc=0.8500
    [ft 31/40] loss=0.9109 train_acc=0.5486 val_acc=0.8700
    [ft 32/40] loss=0.8603 train_acc=0.6597 val_acc=0.8600
    [ft 33/40] loss=0.9101 train_acc=0.7066 val_acc=0.8700
    [ft 34/40] loss=0.8754 train_acc=0.6910 val_acc=0.8700
    [ft 35/40] loss=0.8369 train_acc=0.6580 val_acc=0.8600
    [ft 36/40] loss=0.8218 train_acc=0.5990 val_acc=0.8800
    [ft 37/40] loss=0.8764 train_acc=0.6910 val_acc=0.8500
    [ft 38/40] loss=0.8642 train_acc=0.7292 val_acc=0.8600
    [ft 39/40] loss=0.7865 train_acc=0.5590 val_acc=0.8700
    [ft 40/40] loss=0.8201 train_acc=0.6094 val_acc=0.8700
    final val_acc=0.8700 (best 0.8800 @ epoch 20/44)
    fold 4 accuracy=0.8800 macro_f1=0.8817 (4.5 min)
--- fold 5/5 (train=584 val=100) ---
    [head 01/4] loss=1.5844 train_acc=0.2535 val_acc=0.3400
    [head 02/4] loss=1.5454 train_acc=0.2847 val_acc=0.3100
    [head 03/4] loss=1.4971 train_acc=0.3229 val_acc=0.3400
    [head 04/4] loss=1.4782 train_acc=0.3333 val_acc=0.4000
    [ft 01/40] loss=1.4731 train_acc=0.4028 val_acc=0.3800
    [ft 02/40] loss=1.4247 train_acc=0.3750 val_acc=0.4400
    [ft 03/40] loss=1.4087 train_acc=0.3924 val_acc=0.4500
    [ft 04/40] loss=1.3112 train_acc=0.4479 val_acc=0.5400
    [ft 05/40] loss=1.2489 train_acc=0.5799 val_acc=0.6600
    [ft 06/40] loss=1.0226 train_acc=0.5052 val_acc=0.7800
    [ft 07/40] loss=1.0548 train_acc=0.6111 val_acc=0.8100
    [ft 08/40] loss=1.0099 train_acc=0.6111 val_acc=0.8000
    [ft 09/40] loss=0.9080 train_acc=0.6562 val_acc=0.8700
    [ft 10/40] loss=0.9997 train_acc=0.6250 val_acc=0.8700
    [ft 11/40] loss=0.9197 train_acc=0.6615 val_acc=0.8600
    [ft 12/40] loss=0.9513 train_acc=0.6788 val_acc=0.9000
    [ft 13/40] loss=0.9442 train_acc=0.6024 val_acc=0.8700
    [ft 14/40] loss=0.9804 train_acc=0.6979 val_acc=0.9200
    [ft 15/40] loss=0.9507 train_acc=0.5920 val_acc=0.9200
    [ft 16/40] loss=0.8813 train_acc=0.6979 val_acc=0.9200
    [ft 17/40] loss=0.8606 train_acc=0.5972 val_acc=0.9000
    [ft 18/40] loss=0.9124 train_acc=0.6476 val_acc=0.8900
    [ft 19/40] loss=0.9264 train_acc=0.6285 val_acc=0.8800
    [ft 20/40] loss=0.7789 train_acc=0.5903 val_acc=0.9200
    [ft 21/40] loss=0.7530 train_acc=0.6510 val_acc=0.9000
    [ft 22/40] loss=0.8945 train_acc=0.6111 val_acc=0.8700
    [ft 23/40] loss=0.8454 train_acc=0.5260 val_acc=0.8900
    [ft 24/40] loss=0.8239 train_acc=0.7656 val_acc=0.8800
    [ft 25/40] loss=0.8496 train_acc=0.7569 val_acc=0.8900
    [ft 26/40] loss=0.8617 train_acc=0.6806 val_acc=0.9000
    [ft 27/40] loss=0.8397 train_acc=0.6424 val_acc=0.8900
    [ft 28/40] loss=0.7673 train_acc=0.7934 val_acc=0.9000
    [ft 29/40] loss=0.9193 train_acc=0.7517 val_acc=0.8900
    [ft 30/40] loss=0.7581 train_acc=0.7604 val_acc=0.8900
    [ft 31/40] loss=0.9308 train_acc=0.5365 val_acc=0.9000
    [ft 32/40] loss=0.8541 train_acc=0.6823 val_acc=0.9000
    [ft 33/40] loss=0.8940 train_acc=0.7344 val_acc=0.8800
    [ft 34/40] loss=0.8858 train_acc=0.7066 val_acc=0.8800
    [ft 35/40] loss=0.8132 train_acc=0.6753 val_acc=0.8800
    [ft 36/40] loss=0.8346 train_acc=0.5799 val_acc=0.8900
    [ft 37/40] loss=0.8844 train_acc=0.7014 val_acc=0.9000
    [ft 38/40] loss=0.8538 train_acc=0.7431 val_acc=0.8900
    [ft 39/40] loss=0.7742 train_acc=0.5712 val_acc=0.8800
    [ft 40/40] loss=0.8049 train_acc=0.5920 val_acc=0.8800
    final val_acc=0.8800 (best 0.9200 @ epoch 18/44)
    fold 5 accuracy=0.9100 macro_f1=0.9065 (4.1 min)
=== rn50b: OOF accuracy=0.9000 macro_f1=0.8993 ===
