=== tune_raug5 | arch=convnext_tiny.fb_in22k_ft_in1k size=320 folds=5 crop=True device=cuda ===
normalisation mean=[0.485, 0.456, 0.406] std=[0.229, 0.224, 0.225]
--- fold 1/5 (train=584 val=100) ---
    [head 01/4] loss=1.5356 train_acc=0.3368 val_acc=0.5200
    [head 02/4] loss=1.2969 train_acc=0.4462 val_acc=0.6200
    [head 03/4] loss=1.1635 train_acc=0.5226 val_acc=0.7000
    [head 04/4] loss=1.0794 train_acc=0.5608 val_acc=0.7000
    [ft 01/40] loss=1.0403 train_acc=0.6840 val_acc=0.7600
    [ft 02/40] loss=0.8815 train_acc=0.6354 val_acc=0.8400
    [ft 03/40] loss=0.9650 train_acc=0.6684 val_acc=0.7600
    [ft 04/40] loss=0.9052 train_acc=0.6128 val_acc=0.8300
    [ft 05/40] loss=0.9463 train_acc=0.7326 val_acc=0.8100
    [ft 06/40] loss=0.7731 train_acc=0.5399 val_acc=0.8300
    [ft 07/40] loss=0.9175 train_acc=0.6944 val_acc=0.8500
    [ft 08/40] loss=0.8687 train_acc=0.6840 val_acc=0.8700
    [ft 09/40] loss=0.7912 train_acc=0.7066 val_acc=0.8400
    [ft 10/40] loss=0.8858 train_acc=0.7118 val_acc=0.8900
    [ft 11/40] loss=0.8633 train_acc=0.7135 val_acc=0.8800
    [ft 12/40] loss=0.8652 train_acc=0.7135 val_acc=0.8900
    [ft 13/40] loss=0.8080 train_acc=0.6615 val_acc=0.8700
    [ft 14/40] loss=0.8501 train_acc=0.7517 val_acc=0.8900
    [ft 15/40] loss=0.8407 train_acc=0.6562 val_acc=0.9100
    [ft 16/40] loss=0.7521 train_acc=0.7674 val_acc=0.8900
    [ft 17/40] loss=0.7509 train_acc=0.6545 val_acc=0.9200
    [ft 18/40] loss=0.7991 train_acc=0.7170 val_acc=0.9200
    [ft 19/40] loss=0.7981 train_acc=0.6597 val_acc=0.9300
    [ft 20/40] loss=0.6893 train_acc=0.6354 val_acc=0.9200
    [ft 21/40] loss=0.6346 train_acc=0.6892 val_acc=0.9100
    [ft 22/40] loss=0.7959 train_acc=0.6632 val_acc=0.9300
    [ft 23/40] loss=0.7430 train_acc=0.5729 val_acc=0.9200
    [ft 24/40] loss=0.7312 train_acc=0.8160 val_acc=0.9000
    [ft 25/40] loss=0.7054 train_acc=0.8125 val_acc=0.9200
    [ft 26/40] loss=0.7179 train_acc=0.7431 val_acc=0.9000
    [ft 27/40] loss=0.7299 train_acc=0.6753 val_acc=0.9200
    [ft 28/40] loss=0.6564 train_acc=0.8507 val_acc=0.9300
    [ft 29/40] loss=0.7923 train_acc=0.8177 val_acc=0.9000
    [ft 30/40] loss=0.6360 train_acc=0.8438 val_acc=0.9200
    [ft 31/40] loss=0.7843 train_acc=0.5885 val_acc=0.9300
    [ft 32/40] loss=0.7207 train_acc=0.7309 val_acc=0.9100
    [ft 33/40] loss=0.7855 train_acc=0.7622 val_acc=0.9100
    [ft 34/40] loss=0.7719 train_acc=0.7708 val_acc=0.9100
    [ft 35/40] loss=0.7210 train_acc=0.6962 val_acc=0.9100
    [ft 36/40] loss=0.7066 train_acc=0.6389 val_acc=0.9100
    [ft 37/40] loss=0.7480 train_acc=0.7587 val_acc=0.9300
    [ft 38/40] loss=0.7506 train_acc=0.8003 val_acc=0.9200
    [ft 39/40] loss=0.6646 train_acc=0.6198 val_acc=0.9200
    [ft 40/40] loss=0.7279 train_acc=0.6424 val_acc=0.9200
    final val_acc=0.9200 (best 0.9300 @ epoch 23/44)
    fold 1 accuracy=0.9200 macro_f1=0.9209 (4.7 min)
--- fold 2/5 (train=584 val=100) ---
    [head 01/4] loss=1.5142 train_acc=0.3524 val_acc=0.6200
    [head 02/4] loss=1.2925 train_acc=0.4670 val_acc=0.6500
    [head 03/4] loss=1.1567 train_acc=0.5243 val_acc=0.7800
    [head 04/4] loss=1.0920 train_acc=0.5625 val_acc=0.8000
    [ft 01/40] loss=1.0426 train_acc=0.6753 val_acc=0.8900
    [ft 02/40] loss=0.8903 train_acc=0.6510 val_acc=0.8800
    [ft 03/40] loss=0.9965 train_acc=0.6337 val_acc=0.8600
    [ft 04/40] loss=0.9223 train_acc=0.6094 val_acc=0.9000
    [ft 05/40] loss=0.9407 train_acc=0.7188 val_acc=0.8500
    [ft 06/40] loss=0.7879 train_acc=0.5347 val_acc=0.9000
    [ft 07/40] loss=0.9195 train_acc=0.6927 val_acc=0.8400
    [ft 08/40] loss=0.8695 train_acc=0.6580 val_acc=0.8700
    [ft 09/40] loss=0.7752 train_acc=0.7205 val_acc=0.9000
    [ft 10/40] loss=0.8891 train_acc=0.7396 val_acc=0.8900
    [ft 11/40] loss=0.8009 train_acc=0.7257 val_acc=0.8900
    [ft 12/40] loss=0.8483 train_acc=0.7240 val_acc=0.9200
    [ft 13/40] loss=0.8305 train_acc=0.6615 val_acc=0.9000
    [ft 14/40] loss=0.8753 train_acc=0.7274 val_acc=0.9200
    [ft 15/40] loss=0.8394 train_acc=0.6597 val_acc=0.9400
    [ft 16/40] loss=0.7580 train_acc=0.7500 val_acc=0.9000
    [ft 17/40] loss=0.7593 train_acc=0.6441 val_acc=0.9300
    [ft 18/40] loss=0.7838 train_acc=0.7517 val_acc=0.9300
    [ft 19/40] loss=0.8165 train_acc=0.6667 val_acc=0.9100
    [ft 20/40] loss=0.6882 train_acc=0.6458 val_acc=0.8900
    [ft 21/40] loss=0.6296 train_acc=0.6910 val_acc=0.8900
    [ft 22/40] loss=0.8059 train_acc=0.6476 val_acc=0.9300
    [ft 23/40] loss=0.7381 train_acc=0.5660 val_acc=0.9200
    [ft 24/40] loss=0.7340 train_acc=0.8056 val_acc=0.9200
    [ft 25/40] loss=0.7088 train_acc=0.8038 val_acc=0.9200
    [ft 26/40] loss=0.7305 train_acc=0.7205 val_acc=0.9100
    [ft 27/40] loss=0.7307 train_acc=0.6719 val_acc=0.9300
    [ft 28/40] loss=0.6482 train_acc=0.8785 val_acc=0.9400
    [ft 29/40] loss=0.7964 train_acc=0.8160 val_acc=0.9500
    [ft 30/40] loss=0.6351 train_acc=0.8490 val_acc=0.9500
    [ft 31/40] loss=0.7893 train_acc=0.5868 val_acc=0.9300
    [ft 32/40] loss=0.7086 train_acc=0.7604 val_acc=0.9300
    [ft 33/40] loss=0.7908 train_acc=0.7865 val_acc=0.9200
    [ft 34/40] loss=0.7743 train_acc=0.7726 val_acc=0.9300
    [ft 35/40] loss=0.7198 train_acc=0.6962 val_acc=0.9400
    [ft 36/40] loss=0.7105 train_acc=0.6267 val_acc=0.9300
    [ft 37/40] loss=0.7433 train_acc=0.7569 val_acc=0.9300
    [ft 38/40] loss=0.7548 train_acc=0.7951 val_acc=0.9300
    [ft 39/40] loss=0.6616 train_acc=0.6128 val_acc=0.9300
    [ft 40/40] loss=0.7105 train_acc=0.6493 val_acc=0.9300
    final val_acc=0.9300 (best 0.9500 @ epoch 33/44)
    fold 2 accuracy=0.9200 macro_f1=0.9189 (4.7 min)
--- fold 3/5 (train=584 val=100) ---
    [head 01/4] loss=1.5311 train_acc=0.3090 val_acc=0.5900
    [head 02/4] loss=1.2988 train_acc=0.4392 val_acc=0.6900
    [head 03/4] loss=1.1650 train_acc=0.4740 val_acc=0.8100
    [head 04/4] loss=1.0982 train_acc=0.5417 val_acc=0.8100
    [ft 01/40] loss=1.0318 train_acc=0.6997 val_acc=0.8200
    [ft 02/40] loss=0.8705 train_acc=0.6372 val_acc=0.8400
    [ft 03/40] loss=0.9852 train_acc=0.6354 val_acc=0.8300
    [ft 04/40] loss=0.9209 train_acc=0.6094 val_acc=0.8300
    [ft 05/40] loss=0.9672 train_acc=0.7014 val_acc=0.8800
    [ft 06/40] loss=0.7717 train_acc=0.5469 val_acc=0.9000
    [ft 07/40] loss=0.9215 train_acc=0.6823 val_acc=0.8500
    [ft 08/40] loss=0.8600 train_acc=0.6649 val_acc=0.8900
    [ft 09/40] loss=0.7768 train_acc=0.7205 val_acc=0.9200
    [ft 10/40] loss=0.8874 train_acc=0.7188 val_acc=0.8700
    [ft 11/40] loss=0.8194 train_acc=0.7240 val_acc=0.8500
    [ft 12/40] loss=0.8675 train_acc=0.7240 val_acc=0.9000
