=== spec_bl | arch=convnext_tiny.fb_in22k_ft_in1k size=384 folds=5 crop=True device=cuda ===
normalisation mean=[0.485, 0.456, 0.406] std=[0.229, 0.224, 0.225]
--- fold 1/5 (train=234 val=40) ---
    [head 01/4] loss=1.2126 train_acc=0.5046 val_acc=0.5250
    [head 02/4] loss=0.9379 train_acc=0.6481 val_acc=0.6750
    [head 03/4] loss=0.8937 train_acc=0.5880 val_acc=0.6500
    [head 04/4] loss=0.8826 train_acc=0.6944 val_acc=0.6250
    [ft 01/40] loss=0.8497 train_acc=0.6991 val_acc=0.6500
    [ft 02/40] loss=0.8301 train_acc=0.7037 val_acc=0.6500
    [ft 03/40] loss=0.8604 train_acc=0.6528 val_acc=0.6500
    [ft 04/40] loss=0.8109 train_acc=0.6713 val_acc=0.6750
    [ft 05/40] loss=0.7963 train_acc=0.7454 val_acc=0.7250
    [ft 06/40] loss=0.7691 train_acc=0.7315 val_acc=0.7750
    [ft 07/40] loss=0.8226 train_acc=0.6667 val_acc=0.7250
    [ft 08/40] loss=0.7420 train_acc=0.7685 val_acc=0.7500
    [ft 09/40] loss=0.7442 train_acc=0.7315 val_acc=0.7750
    [ft 10/40] loss=0.7122 train_acc=0.6852 val_acc=0.8000
    [ft 11/40] loss=0.7121 train_acc=0.6759 val_acc=0.9000
    [ft 12/40] loss=0.7246 train_acc=0.7731 val_acc=0.8500
    [ft 13/40] loss=0.7779 train_acc=0.7731 val_acc=0.7750
    [ft 14/40] loss=0.7095 train_acc=0.7500 val_acc=0.8500
    [ft 15/40] loss=0.6612 train_acc=0.8333 val_acc=0.8000
    [ft 16/40] loss=0.6891 train_acc=0.8333 val_acc=0.8500
    [ft 17/40] loss=0.6728 train_acc=0.8056 val_acc=0.7500
    [ft 18/40] loss=0.6495 train_acc=0.8102 val_acc=0.8000
    [ft 19/40] loss=0.6909 train_acc=0.7593 val_acc=0.8000
    [ft 20/40] loss=0.6794 train_acc=0.8519 val_acc=0.7750
    [ft 21/40] loss=0.6025 train_acc=0.8333 val_acc=0.8000
    [ft 22/40] loss=0.6696 train_acc=0.7500 val_acc=0.8000
    [ft 23/40] loss=0.6375 train_acc=0.8704 val_acc=0.8000
    [ft 24/40] loss=0.5742 train_acc=0.7870 val_acc=0.8250
    [ft 25/40] loss=0.6620 train_acc=0.8657 val_acc=0.7750
    [ft 26/40] loss=0.6543 train_acc=0.7315 val_acc=0.8000
    [ft 27/40] loss=0.6035 train_acc=0.9259 val_acc=0.8500
    [ft 28/40] loss=0.7173 train_acc=0.8056 val_acc=0.8000
    [ft 29/40] loss=0.6695 train_acc=0.8241 val_acc=0.8250
    [ft 30/40] loss=0.6829 train_acc=0.8102 val_acc=0.8000
    [ft 31/40] loss=0.5978 train_acc=0.8009 val_acc=0.8000
    [ft 32/40] loss=0.6588 train_acc=0.8148 val_acc=0.8250
    [ft 33/40] loss=0.5635 train_acc=0.7593 val_acc=0.8750
    [ft 34/40] loss=0.6783 train_acc=0.7546 val_acc=0.8500
    [ft 35/40] loss=0.6242 train_acc=0.7870 val_acc=0.8500
    [ft 36/40] loss=0.5384 train_acc=0.8009 val_acc=0.8500
    [ft 37/40] loss=0.6157 train_acc=0.7222 val_acc=0.8500
    [ft 38/40] loss=0.6369 train_acc=0.7870 val_acc=0.8500
    [ft 39/40] loss=0.6551 train_acc=0.8981 val_acc=0.8500
    [ft 40/40] loss=0.6539 train_acc=0.8241 val_acc=0.8500
    final val_acc=0.8500 (best 0.9000 @ epoch 15/44)
=== spec_bl | arch=convnext_tiny.fb_in22k_ft_in1k size=384 folds=5 crop=True device=cuda ===
normalisation mean=[0.485, 0.456, 0.406] std=[0.229, 0.224, 0.225]
--- fold 1/5 (train=234 val=40) ---
    [head 01/4] loss=0.6511 train_acc=0.6435 val_acc=0.6500
    [head 02/4] loss=0.6318 train_acc=0.6481 val_acc=0.7000
    [head 03/4] loss=0.5991 train_acc=0.6250 val_acc=0.6500
    [head 04/4] loss=0.5983 train_acc=0.6806 val_acc=0.7000
    [ft 01/40] loss=0.6237 train_acc=0.6528 val_acc=0.7000
    [ft 02/40] loss=0.5868 train_acc=0.6620 val_acc=0.6750
    [ft 03/40] loss=0.6431 train_acc=0.6481 val_acc=0.7000
    [ft 04/40] loss=0.5660 train_acc=0.7037 val_acc=0.7500
    [ft 05/40] loss=0.5429 train_acc=0.7917 val_acc=0.6750
    [ft 06/40] loss=0.6030 train_acc=0.6713 val_acc=0.5500
    [ft 07/40] loss=0.5462 train_acc=0.6991 val_acc=0.7250
    [ft 08/40] loss=0.4884 train_acc=0.7824 val_acc=0.7750
    [ft 09/40] loss=0.4959 train_acc=0.7269 val_acc=0.7000
    [ft 10/40] loss=0.4907 train_acc=0.6898 val_acc=0.7250
    [ft 11/40] loss=0.5227 train_acc=0.6435 val_acc=0.6500
    [ft 12/40] loss=0.5505 train_acc=0.7407 val_acc=0.7750
    [ft 13/40] loss=0.5272 train_acc=0.7870 val_acc=0.7750
    [ft 14/40] loss=0.5004 train_acc=0.7361 val_acc=0.8250
    [ft 15/40] loss=0.4197 train_acc=0.8519 val_acc=0.8000
    [ft 16/40] loss=0.4892 train_acc=0.7917 val_acc=0.8250
    [ft 17/40] loss=0.4866 train_acc=0.7454 val_acc=0.8250
    [ft 18/40] loss=0.4590 train_acc=0.8194 val_acc=0.7500
    [ft 19/40] loss=0.4825 train_acc=0.7593 val_acc=0.8250
    [ft 20/40] loss=0.4596 train_acc=0.8241 val_acc=0.7500
    [ft 21/40] loss=0.3739 train_acc=0.8426 val_acc=0.8250
    [ft 22/40] loss=0.4353 train_acc=0.7361 val_acc=0.8750
    [ft 23/40] loss=0.4296 train_acc=0.7917 val_acc=0.7750
    [ft 24/40] loss=0.3894 train_acc=0.8148 val_acc=0.8250
    [ft 25/40] loss=0.4662 train_acc=0.8287 val_acc=0.8500
    [ft 26/40] loss=0.4334 train_acc=0.7870 val_acc=0.8250
    [ft 27/40] loss=0.3775 train_acc=0.8889 val_acc=0.9250
    [ft 28/40] loss=0.4596 train_acc=0.8102 val_acc=0.8750
    [ft 29/40] loss=0.4309 train_acc=0.7824 val_acc=0.8500
    [ft 30/40] loss=0.4130 train_acc=0.8194 val_acc=0.8250
    [ft 31/40] loss=0.3847 train_acc=0.7824 val_acc=0.8250
    [ft 32/40] loss=0.4195 train_acc=0.8102 val_acc=0.8250
    [ft 33/40] loss=0.3388 train_acc=0.8148 val_acc=0.8250
    [ft 34/40] loss=0.4942 train_acc=0.7176 val_acc=0.8500
    [ft 35/40] loss=0.4070 train_acc=0.8194 val_acc=0.8250
    [ft 36/40] loss=0.3399 train_acc=0.8194 val_acc=0.8500
    [ft 37/40] loss=0.3862 train_acc=0.7639 val_acc=0.8500
    [ft 38/40] loss=0.4090 train_acc=0.7870 val_acc=0.8500
    [ft 39/40] loss=0.4520 train_acc=0.8750 val_acc=0.8500
    [ft 40/40] loss=0.4264 train_acc=0.8889 val_acc=0.8500
    final val_acc=0.8500 (best 0.9250 @ epoch 31/44)
    fold 1 accuracy=0.8500 macro_f1=0.8500 (3.4 min)
--- fold 2/5 (train=234 val=40) ---
    [head 01/4] loss=0.6566 train_acc=0.6296 val_acc=0.7000
    [head 02/4] loss=0.6050 train_acc=0.6667 val_acc=0.7500
    [head 03/4] loss=0.6027 train_acc=0.5787 val_acc=0.7750
    [head 04/4] loss=0.5987 train_acc=0.6991 val_acc=0.7500
    [ft 01/40] loss=0.6208 train_acc=0.6667 val_acc=0.7250
    [ft 02/40] loss=0.5850 train_acc=0.6944 val_acc=0.7000
    [ft 03/40] loss=0.6031 train_acc=0.6713 val_acc=0.8250
    [ft 04/40] loss=0.6357 train_acc=0.6481 val_acc=0.7000
    [ft 05/40] loss=0.6115 train_acc=0.6481 val_acc=0.8250
    [ft 06/40] loss=0.6139 train_acc=0.6759 val_acc=0.7500
    [ft 07/40] loss=0.5661 train_acc=0.6944 val_acc=0.8750
    [ft 08/40] loss=0.5071 train_acc=0.7222 val_acc=0.8500
    [ft 09/40] loss=0.4917 train_acc=0.7593 val_acc=0.8750
    [ft 10/40] loss=0.4977 train_acc=0.6713 val_acc=0.8750
    [ft 11/40] loss=0.5170 train_acc=0.6759 val_acc=0.8000
    [ft 12/40] loss=0.5836 train_acc=0.7083 val_acc=0.8500
    [ft 13/40] loss=0.5472 train_acc=0.7685 val_acc=0.7250
    [ft 14/40] loss=0.5401 train_acc=0.6991 val_acc=0.9000
    [ft 15/40] loss=0.4609 train_acc=0.8287 val_acc=0.9000
    [ft 16/40] loss=0.4775 train_acc=0.8287 val_acc=0.9000
    [ft 17/40] loss=0.4953 train_acc=0.7500 val_acc=0.9500
    [ft 18/40] loss=0.4774 train_acc=0.7824 val_acc=0.9500
    [ft 19/40] loss=0.5147 train_acc=0.7176 val_acc=0.8500
    [ft 20/40] loss=0.4754 train_acc=0.7963 val_acc=0.9250
    [ft 21/40] loss=0.3857 train_acc=0.8519 val_acc=0.9500
    [ft 22/40] loss=0.4500 train_acc=0.6898 val_acc=0.9750
    [ft 23/40] loss=0.4260 train_acc=0.8241 val_acc=0.9750
    [ft 24/40] loss=0.3787 train_acc=0.8241 val_acc=0.9500
    [ft 25/40] loss=0.4524 train_acc=0.8148 val_acc=0.9500
    [ft 26/40] loss=0.4459 train_acc=0.7269 val_acc=0.9500
    [ft 27/40] loss=0.3901 train_acc=0.8472 val_acc=0.9250
    [ft 28/40] loss=0.4691 train_acc=0.7963 val_acc=0.9250
    [ft 29/40] loss=0.4358 train_acc=0.7361 val_acc=0.9250
    [ft 30/40] loss=0.4134 train_acc=0.8241 val_acc=0.9250
    [ft 31/40] loss=0.3796 train_acc=0.7917 val_acc=0.9500
    [ft 32/40] loss=0.4259 train_acc=0.8287 val_acc=0.9000
    [ft 33/40] loss=0.3383 train_acc=0.8426 val_acc=0.9250
    [ft 34/40] loss=0.4998 train_acc=0.6713 val_acc=0.9250
    [ft 35/40] loss=0.4091 train_acc=0.8148 val_acc=0.9250
    [ft 36/40] loss=0.3422 train_acc=0.7546 val_acc=0.9250
    [ft 37/40] loss=0.3984 train_acc=0.7778 val_acc=0.9250
    [ft 38/40] loss=0.4145 train_acc=0.7731 val_acc=0.9250
    [ft 39/40] loss=0.4376 train_acc=0.8796 val_acc=0.9250
    [ft 40/40] loss=0.4294 train_acc=0.8565 val_acc=0.9250
    final val_acc=0.9250 (best 0.9750 @ epoch 26/44)
    fold 2 accuracy=0.9500 macro_f1=0.9500 (3.9 min)
--- fold 3/5 (train=234 val=40) ---
    [head 01/4] loss=0.6598 train_acc=0.6574 val_acc=0.6250
    [head 02/4] loss=0.6247 train_acc=0.6944 val_acc=0.6250
    [head 03/4] loss=0.5999 train_acc=0.6157 val_acc=0.6750
    [head 04/4] loss=0.6062 train_acc=0.6759 val_acc=0.6250
    [ft 01/40] loss=0.6223 train_acc=0.6574 val_acc=0.6500
    [ft 02/40] loss=0.5890 train_acc=0.6852 val_acc=0.6750
    [ft 03/40] loss=0.6361 train_acc=0.6435 val_acc=0.7250
    [ft 04/40] loss=0.5983 train_acc=0.6667 val_acc=0.7500
    [ft 05/40] loss=0.5813 train_acc=0.7130 val_acc=0.6500
    [ft 06/40] loss=0.5634 train_acc=0.7083 val_acc=0.7500
    [ft 07/40] loss=0.5907 train_acc=0.6944 val_acc=0.8000
    [ft 08/40] loss=0.5145 train_acc=0.7546 val_acc=0.7750
    [ft 09/40] loss=0.5086 train_acc=0.6991 val_acc=0.7500
    [ft 10/40] loss=0.4766 train_acc=0.6667 val_acc=0.7750
    [ft 11/40] loss=0.4764 train_acc=0.7361 val_acc=0.7250
    [ft 12/40] loss=0.5882 train_acc=0.6944 val_acc=0.7750
    [ft 13/40] loss=0.5051 train_acc=0.8056 val_acc=0.7500
    [ft 14/40] loss=0.5257 train_acc=0.6898 val_acc=0.7000
    [ft 15/40] loss=0.4649 train_acc=0.8102 val_acc=0.7750
    [ft 16/40] loss=0.4634 train_acc=0.8380 val_acc=0.8000
    [ft 17/40] loss=0.4786 train_acc=0.7639 val_acc=0.7750
    [ft 18/40] loss=0.4548 train_acc=0.8426 val_acc=0.7500
    [ft 19/40] loss=0.4587 train_acc=0.7639 val_acc=0.7250
    [ft 20/40] loss=0.4497 train_acc=0.8426 val_acc=0.7500
    [ft 21/40] loss=0.3652 train_acc=0.8380 val_acc=0.7500
    [ft 22/40] loss=0.4310 train_acc=0.7222 val_acc=0.7750
    [ft 23/40] loss=0.4164 train_acc=0.8519 val_acc=0.8000
    [ft 24/40] loss=0.3815 train_acc=0.8056 val_acc=0.7500
    [ft 25/40] loss=0.4407 train_acc=0.8519 val_acc=0.7750
    [ft 26/40] loss=0.4272 train_acc=0.8148 val_acc=0.8000
    [ft 27/40] loss=0.3637 train_acc=0.8935 val_acc=0.7750
    [ft 28/40] loss=0.4486 train_acc=0.8056 val_acc=0.7750
    [ft 29/40] loss=0.4383 train_acc=0.7870 val_acc=0.7750
    [ft 30/40] loss=0.4039 train_acc=0.8194 val_acc=0.7750
    [ft 31/40] loss=0.3880 train_acc=0.7778 val_acc=0.7750
    [ft 32/40] loss=0.4226 train_acc=0.8194 val_acc=0.7500
    [ft 33/40] loss=0.3405 train_acc=0.7963 val_acc=0.7500
    [ft 34/40] loss=0.4833 train_acc=0.6620 val_acc=0.7500
    [ft 35/40] loss=0.3962 train_acc=0.8426 val_acc=0.7750
    [ft 36/40] loss=0.3267 train_acc=0.8056 val_acc=0.7750
    [ft 37/40] loss=0.4017 train_acc=0.7593 val_acc=0.7750
    [ft 38/40] loss=0.4108 train_acc=0.7731 val_acc=0.7750
    [ft 39/40] loss=0.4368 train_acc=0.9120 val_acc=0.7750
    [ft 40/40] loss=0.4298 train_acc=0.8750 val_acc=0.7750
    final val_acc=0.7750 (best 0.8000 @ epoch 11/44)
    fold 3 accuracy=0.7750 macro_f1=0.7749 (3.3 min)
--- fold 4/5 (train=234 val=40) ---
    [head 01/4] loss=0.6528 train_acc=0.6528 val_acc=0.7000
    [head 02/4] loss=0.6194 train_acc=0.6806 val_acc=0.6750
    [head 03/4] loss=0.6005 train_acc=0.6019 val_acc=0.7000
    [head 04/4] loss=0.6081 train_acc=0.7130 val_acc=0.7000
    [ft 01/40] loss=0.6142 train_acc=0.7037 val_acc=0.7000
    [ft 02/40] loss=0.6278 train_acc=0.6435 val_acc=0.6750
    [ft 03/40] loss=0.6074 train_acc=0.7037 val_acc=0.7000
    [ft 04/40] loss=0.5544 train_acc=0.6944 val_acc=0.8000
    [ft 05/40] loss=0.5703 train_acc=0.7037 val_acc=0.7500
    [ft 06/40] loss=0.6186 train_acc=0.6852 val_acc=0.8000
    [ft 07/40] loss=0.5699 train_acc=0.6806 val_acc=0.9000
    [ft 08/40] loss=0.5231 train_acc=0.7593 val_acc=0.8250
    [ft 09/40] loss=0.5540 train_acc=0.6435 val_acc=0.7500
    [ft 10/40] loss=0.5370 train_acc=0.6667 val_acc=0.8000
    [ft 11/40] loss=0.4983 train_acc=0.6713 val_acc=0.8500
    [ft 12/40] loss=0.5259 train_acc=0.7593 val_acc=0.9250
    [ft 13/40] loss=0.5762 train_acc=0.7639 val_acc=0.7750
    [ft 14/40] loss=0.5128 train_acc=0.7315 val_acc=0.9000
    [ft 15/40] loss=0.4390 train_acc=0.8426 val_acc=0.9250
    [ft 16/40] loss=0.4690 train_acc=0.8102 val_acc=0.8500
    [ft 17/40] loss=0.5518 train_acc=0.6944 val_acc=0.9250
    [ft 18/40] loss=0.5041 train_acc=0.7870 val_acc=0.9000
    [ft 19/40] loss=0.5041 train_acc=0.7361 val_acc=0.8500
    [ft 20/40] loss=0.4637 train_acc=0.8333 val_acc=0.9500
    [ft 21/40] loss=0.4002 train_acc=0.8148 val_acc=0.9250
    [ft 22/40] loss=0.4504 train_acc=0.6991 val_acc=0.9000
    [ft 23/40] loss=0.4453 train_acc=0.8056 val_acc=0.9000
    [ft 24/40] loss=0.4047 train_acc=0.7870 val_acc=0.9000
    [ft 25/40] loss=0.4527 train_acc=0.8056 val_acc=0.9250
    [ft 26/40] loss=0.4428 train_acc=0.7963 val_acc=0.9000
    [ft 27/40] loss=0.3950 train_acc=0.8704 val_acc=0.9000
    [ft 28/40] loss=0.4703 train_acc=0.8148 val_acc=0.9000
    [ft 29/40] loss=0.4558 train_acc=0.7222 val_acc=0.8750
    [ft 30/40] loss=0.4078 train_acc=0.8380 val_acc=0.9000
    [ft 31/40] loss=0.4036 train_acc=0.7685 val_acc=0.9000
    [ft 32/40] loss=0.4264 train_acc=0.8380 val_acc=0.9000
    [ft 33/40] loss=0.3472 train_acc=0.8056 val_acc=0.9250
    [ft 34/40] loss=0.4876 train_acc=0.6898 val_acc=0.9000
    [ft 35/40] loss=0.4109 train_acc=0.8333 val_acc=0.9000
    [ft 36/40] loss=0.3535 train_acc=0.7593 val_acc=0.9250
    [ft 37/40] loss=0.4057 train_acc=0.7685 val_acc=0.9250
    [ft 38/40] loss=0.4214 train_acc=0.7361 val_acc=0.9250
    [ft 39/40] loss=0.4385 train_acc=0.8796 val_acc=0.9250
    [ft 40/40] loss=0.4359 train_acc=0.8611 val_acc=0.9250
    final val_acc=0.9250 (best 0.9500 @ epoch 24/44)
    fold 4 accuracy=0.9250 macro_f1=0.9250 (3.4 min)
--- fold 5/5 (train=234 val=40) ---
    [head 01/4] loss=0.6458 train_acc=0.6528 val_acc=0.6000
    [head 02/4] loss=0.6263 train_acc=0.6713 val_acc=0.5500
    [head 03/4] loss=0.5833 train_acc=0.5880 val_acc=0.6000
    [head 04/4] loss=0.5998 train_acc=0.7083 val_acc=0.6000
    [ft 01/40] loss=0.6261 train_acc=0.6991 val_acc=0.6250
    [ft 02/40] loss=0.6146 train_acc=0.6806 val_acc=0.4750
    [ft 03/40] loss=0.6265 train_acc=0.6667 val_acc=0.6000
    [ft 04/40] loss=0.5573 train_acc=0.7037 val_acc=0.7000
    [ft 05/40] loss=0.5416 train_acc=0.7269 val_acc=0.7250
    [ft 06/40] loss=0.5589 train_acc=0.7037 val_acc=0.7250
    [ft 07/40] loss=0.5505 train_acc=0.6852 val_acc=0.5250
    [ft 08/40] loss=0.4702 train_acc=0.7639 val_acc=0.6250
    [ft 09/40] loss=0.4916 train_acc=0.7361 val_acc=0.7500
    [ft 10/40] loss=0.4575 train_acc=0.6481 val_acc=0.7250
    [ft 11/40] loss=0.4633 train_acc=0.6944 val_acc=0.6500
    [ft 12/40] loss=0.5538 train_acc=0.7731 val_acc=0.7000
    [ft 13/40] loss=0.5084 train_acc=0.8333 val_acc=0.7000
    [ft 14/40] loss=0.4670 train_acc=0.7685 val_acc=0.7000
    [ft 15/40] loss=0.4286 train_acc=0.8472 val_acc=0.7250
    [ft 16/40] loss=0.4671 train_acc=0.8380 val_acc=0.7250
    [ft 17/40] loss=0.4920 train_acc=0.7593 val_acc=0.6750
    [ft 18/40] loss=0.4499 train_acc=0.8056 val_acc=0.6750
    [ft 19/40] loss=0.4626 train_acc=0.7454 val_acc=0.7250
    [ft 20/40] loss=0.4381 train_acc=0.8519 val_acc=0.7000
    [ft 21/40] loss=0.3508 train_acc=0.8657 val_acc=0.7750
    [ft 22/40] loss=0.4506 train_acc=0.7083 val_acc=0.7000
    [ft 23/40] loss=0.4264 train_acc=0.8426 val_acc=0.7750
    [ft 24/40] loss=0.3722 train_acc=0.8148 val_acc=0.7000
    [ft 25/40] loss=0.4392 train_acc=0.8241 val_acc=0.7000
    [ft 26/40] loss=0.4193 train_acc=0.8056 val_acc=0.6750
    [ft 27/40] loss=0.3572 train_acc=0.8935 val_acc=0.7500
    [ft 28/40] loss=0.4550 train_acc=0.8565 val_acc=0.7250
    [ft 29/40] loss=0.4567 train_acc=0.7500 val_acc=0.7000
    [ft 30/40] loss=0.3908 train_acc=0.8241 val_acc=0.7250
    [ft 31/40] loss=0.3682 train_acc=0.7778 val_acc=0.7000
    [ft 32/40] loss=0.4085 train_acc=0.8056 val_acc=0.7250
    [ft 33/40] loss=0.3263 train_acc=0.8056 val_acc=0.7000
    [ft 34/40] loss=0.4701 train_acc=0.6806 val_acc=0.7000
    [ft 35/40] loss=0.3878 train_acc=0.8472 val_acc=0.7250
    [ft 36/40] loss=0.3292 train_acc=0.8102 val_acc=0.7250
    [ft 37/40] loss=0.3893 train_acc=0.7870 val_acc=0.7250
    [ft 38/40] loss=0.4047 train_acc=0.7546 val_acc=0.7250
    [ft 39/40] loss=0.4212 train_acc=0.9074 val_acc=0.7250
    [ft 40/40] loss=0.4231 train_acc=0.8889 val_acc=0.7250
    final val_acc=0.7250 (best 0.7750 @ epoch 25/44)
    fold 5 accuracy=0.7250 macro_f1=0.7234 (3.1 min)
=== spec_bl: OOF accuracy=0.8450 macro_f1=0.8450 ===
