=== fix_cnxs320m | arch=convnext_small.fb_in22k_ft_in1k size=320 folds=5 crop=True device=cuda ===
normalisation mean=[0.485, 0.456, 0.406] std=[0.229, 0.224, 0.225]
--- fold 1/5 (train=584 val=100) ---
    [head 01/4] loss=1.2639 train_acc=0.4844 val_acc=0.7400
    [head 02/4] loss=0.9714 train_acc=0.5347 val_acc=0.7800
    [head 03/4] loss=0.9367 train_acc=0.6736 val_acc=0.8000
    [head 04/4] loss=0.9739 train_acc=0.6198 val_acc=0.8000
    [ft 01/40] loss=0.8940 train_acc=0.6372 val_acc=0.7900
    [ft 02/40] loss=0.9299 train_acc=0.6719 val_acc=0.8200
    [ft 03/40] loss=0.8981 train_acc=0.6788 val_acc=0.8000
    [ft 04/40] loss=0.8798 train_acc=0.6771 val_acc=0.8400
    [ft 05/40] loss=0.8946 train_acc=0.6858 val_acc=0.8700
    [ft 06/40] loss=0.8340 train_acc=0.6927 val_acc=0.8400
    [ft 07/40] loss=0.8138 train_acc=0.6649 val_acc=0.8600
    [ft 08/40] loss=0.8119 train_acc=0.6476 val_acc=0.8800
    [ft 09/40] loss=0.7782 train_acc=0.6736 val_acc=0.8700
    [ft 10/40] loss=0.7773 train_acc=0.6823 val_acc=0.8800
    [ft 11/40] loss=0.7591 train_acc=0.7674 val_acc=0.8900
    [ft 12/40] loss=0.7499 train_acc=0.7309 val_acc=0.8900
    [ft 13/40] loss=0.7747 train_acc=0.7951 val_acc=0.9300
    [ft 14/40] loss=0.7987 train_acc=0.6476 val_acc=0.8900
    [ft 15/40] loss=0.7849 train_acc=0.7656 val_acc=0.9200
    [ft 16/40] loss=0.7376 train_acc=0.6372 val_acc=0.8900
    [ft 17/40] loss=0.7578 train_acc=0.7726 val_acc=0.9000
    [ft 18/40] loss=0.7058 train_acc=0.6233 val_acc=0.9100
    [ft 19/40] loss=0.7149 train_acc=0.8212 val_acc=0.9600
    [ft 20/40] loss=0.7348 train_acc=0.6962 val_acc=0.9500
    [ft 21/40] loss=0.7562 train_acc=0.7882 val_acc=0.9500
    [ft 22/40] loss=0.6792 train_acc=0.7569 val_acc=0.8900
    [ft 23/40] loss=0.7169 train_acc=0.6632 val_acc=0.9600
    [ft 24/40] loss=0.6754 train_acc=0.7795 val_acc=0.9300
    [ft 25/40] loss=0.7109 train_acc=0.6771 val_acc=0.9300
    [ft 26/40] loss=0.6654 train_acc=0.7882 val_acc=0.9500
    [ft 27/40] loss=0.6336 train_acc=0.6892 val_acc=0.9600
    [ft 28/40] loss=0.7100 train_acc=0.7743 val_acc=0.9300
    [ft 29/40] loss=0.6464 train_acc=0.8264 val_acc=0.9500
    [ft 30/40] loss=0.6099 train_acc=0.7674 val_acc=0.9600
    [ft 31/40] loss=0.6732 train_acc=0.8090 val_acc=0.9700
    [ft 32/40] loss=0.6478 train_acc=0.7760 val_acc=0.9700
    [ft 33/40] loss=0.6972 train_acc=0.7691 val_acc=0.9400
    [ft 34/40] loss=0.7329 train_acc=0.7188 val_acc=0.9700
    [ft 35/40] loss=0.6640 train_acc=0.7101 val_acc=0.9600
    [ft 36/40] loss=0.6602 train_acc=0.7483 val_acc=0.9600
    [ft 37/40] loss=0.7348 train_acc=0.7101 val_acc=0.9600
    [ft 38/40] loss=0.6629 train_acc=0.8160 val_acc=0.9600
    [ft 39/40] loss=0.7258 train_acc=0.6528 val_acc=0.9600
    [ft 40/40] loss=0.6388 train_acc=0.7726 val_acc=0.9600
    final val_acc=0.9600 (best 0.9700 @ epoch 35/44)
    fold 1 accuracy=0.9600 macro_f1=0.9600 (38.7 min)
--- fold 2/5 (train=584 val=100) ---
    [head 01/4] loss=1.2695 train_acc=0.4688 val_acc=0.7900
    [head 02/4] loss=0.9820 train_acc=0.5573 val_acc=0.8200
    [head 03/4] loss=0.9589 train_acc=0.6667 val_acc=0.8000
    [head 04/4] loss=0.9645 train_acc=0.6128 val_acc=0.8400
    [ft 01/40] loss=0.9148 train_acc=0.6510 val_acc=0.8500
    [ft 02/40] loss=0.9393 train_acc=0.6632 val_acc=0.8300
    [ft 03/40] loss=0.9001 train_acc=0.6979 val_acc=0.8000
    [ft 04/40] loss=0.9016 train_acc=0.6875 val_acc=0.8500
    [ft 05/40] loss=0.9325 train_acc=0.6458 val_acc=0.8500
    [ft 06/40] loss=0.8485 train_acc=0.6840 val_acc=0.8700
    [ft 07/40] loss=0.8055 train_acc=0.6615 val_acc=0.8500
    [ft 08/40] loss=0.8031 train_acc=0.6372 val_acc=0.9200
    [ft 09/40] loss=0.7928 train_acc=0.6771 val_acc=0.9000
    [ft 10/40] loss=0.7979 train_acc=0.6771 val_acc=0.9100
    [ft 11/40] loss=0.7368 train_acc=0.7778 val_acc=0.8800
    [ft 12/40] loss=0.7334 train_acc=0.7691 val_acc=0.8800
    [ft 13/40] loss=0.8032 train_acc=0.7969 val_acc=0.8900
    [ft 14/40] loss=0.7875 train_acc=0.6562 val_acc=0.9100
    [ft 15/40] loss=0.7785 train_acc=0.7500 val_acc=0.9500
    [ft 16/40] loss=0.7356 train_acc=0.6510 val_acc=0.9000
    [ft 17/40] loss=0.7651 train_acc=0.7726 val_acc=0.9400
    [ft 18/40] loss=0.7304 train_acc=0.6094 val_acc=0.9500
    [ft 19/40] loss=0.7425 train_acc=0.8090 val_acc=0.9200
    [ft 20/40] loss=0.7329 train_acc=0.7049 val_acc=0.9500
    [ft 21/40] loss=0.7570 train_acc=0.7691 val_acc=0.9600
    [ft 22/40] loss=0.6838 train_acc=0.7622 val_acc=0.9500
    [ft 23/40] loss=0.7215 train_acc=0.6389 val_acc=0.9200
    [ft 24/40] loss=0.6820 train_acc=0.7795 val_acc=0.9300
    [ft 25/40] loss=0.7056 train_acc=0.6927 val_acc=0.8800
    [ft 26/40] loss=0.6711 train_acc=0.7726 val_acc=0.9100
    [ft 27/40] loss=0.6331 train_acc=0.6806 val_acc=0.9200
    [ft 28/40] loss=0.7269 train_acc=0.7622 val_acc=0.9500
    [ft 29/40] loss=0.6653 train_acc=0.8194 val_acc=0.9300
    [ft 30/40] loss=0.6171 train_acc=0.7517 val_acc=0.9400
    [ft 31/40] loss=0.6858 train_acc=0.8194 val_acc=0.9500
    [ft 32/40] loss=0.6754 train_acc=0.7569 val_acc=0.9400
    [ft 33/40] loss=0.7037 train_acc=0.7587 val_acc=0.9400
    [ft 34/40] loss=0.7341 train_acc=0.7101 val_acc=0.9200
    [ft 35/40] loss=0.6649 train_acc=0.7188 val_acc=0.9300
    [ft 36/40] loss=0.6643 train_acc=0.7396 val_acc=0.9300
    [ft 37/40] loss=0.7410 train_acc=0.7031 val_acc=0.9400
    [ft 38/40] loss=0.6821 train_acc=0.8177 val_acc=0.9300
    [ft 39/40] loss=0.7307 train_acc=0.6458 val_acc=0.9300
    [ft 40/40] loss=0.6482 train_acc=0.7483 val_acc=0.9300
    final val_acc=0.9300 (best 0.9600 @ epoch 25/44)
    fold 2 accuracy=0.9600 macro_f1=0.9600 (7.4 min)
--- fold 3/5 (train=584 val=100) ---
=== fix_cnxs320m | arch=convnext_small.fb_in22k_ft_in1k size=320 folds=5 crop=True device=cuda ===
normalisation mean=[0.485, 0.456, 0.406] std=[0.229, 0.224, 0.225]
--- fold 1/5 (train=584 val=100) ---
    [head 01/4] loss=1.2639 train_acc=0.4844 val_acc=0.7400
    [head 02/4] loss=0.9714 train_acc=0.5347 val_acc=0.7800
    [head 03/4] loss=0.9367 train_acc=0.6736 val_acc=0.8000
    [head 04/4] loss=0.9739 train_acc=0.6198 val_acc=0.8000
    [ft 01/40] loss=0.8940 train_acc=0.6372 val_acc=0.7900
    [ft 02/40] loss=0.9299 train_acc=0.6719 val_acc=0.8200
    [ft 03/40] loss=0.8981 train_acc=0.6788 val_acc=0.8000
    [ft 04/40] loss=0.8798 train_acc=0.6771 val_acc=0.8400
    [ft 05/40] loss=0.8946 train_acc=0.6858 val_acc=0.8700
    [ft 06/40] loss=0.8340 train_acc=0.6927 val_acc=0.8400
    [ft 07/40] loss=0.8138 train_acc=0.6649 val_acc=0.8600
    [ft 08/40] loss=0.8119 train_acc=0.6476 val_acc=0.8800
    [ft 09/40] loss=0.7782 train_acc=0.6736 val_acc=0.8700
    [ft 10/40] loss=0.7773 train_acc=0.6823 val_acc=0.8800
    [ft 11/40] loss=0.7591 train_acc=0.7674 val_acc=0.8900
    [ft 12/40] loss=0.7499 train_acc=0.7309 val_acc=0.8900
    [ft 13/40] loss=0.7747 train_acc=0.7951 val_acc=0.9300
    [ft 14/40] loss=0.7987 train_acc=0.6476 val_acc=0.8900
    [ft 15/40] loss=0.7849 train_acc=0.7656 val_acc=0.9200
    [ft 16/40] loss=0.7376 train_acc=0.6372 val_acc=0.8900
    [ft 17/40] loss=0.7578 train_acc=0.7726 val_acc=0.9000
    [ft 18/40] loss=0.7058 train_acc=0.6233 val_acc=0.9100
    [ft 19/40] loss=0.7149 train_acc=0.8212 val_acc=0.9600
    [ft 20/40] loss=0.7348 train_acc=0.6962 val_acc=0.9500
    [ft 21/40] loss=0.7562 train_acc=0.7882 val_acc=0.9500
    [ft 22/40] loss=0.6792 train_acc=0.7569 val_acc=0.8900
    [ft 23/40] loss=0.7169 train_acc=0.6632 val_acc=0.9600
    [ft 24/40] loss=0.6754 train_acc=0.7795 val_acc=0.9300
    [ft 25/40] loss=0.7109 train_acc=0.6771 val_acc=0.9300
    [ft 26/40] loss=0.6654 train_acc=0.7882 val_acc=0.9500
    [ft 27/40] loss=0.6336 train_acc=0.6892 val_acc=0.9600
    [ft 28/40] loss=0.7100 train_acc=0.7743 val_acc=0.9300
    [ft 29/40] loss=0.6464 train_acc=0.8264 val_acc=0.9500
    [ft 30/40] loss=0.6099 train_acc=0.7674 val_acc=0.9600
    [ft 31/40] loss=0.6732 train_acc=0.8090 val_acc=0.9700
    [ft 32/40] loss=0.6478 train_acc=0.7760 val_acc=0.9700
    [ft 33/40] loss=0.6972 train_acc=0.7691 val_acc=0.9400
    [ft 34/40] loss=0.7329 train_acc=0.7188 val_acc=0.9700
    [ft 35/40] loss=0.6640 train_acc=0.7101 val_acc=0.9600
    [ft 36/40] loss=0.6602 train_acc=0.7483 val_acc=0.9600
    [ft 37/40] loss=0.7348 train_acc=0.7101 val_acc=0.9600
    [ft 38/40] loss=0.6629 train_acc=0.8160 val_acc=0.9600
    [ft 39/40] loss=0.7258 train_acc=0.6528 val_acc=0.9600
    [ft 40/40] loss=0.6388 train_acc=0.7726 val_acc=0.9600
    final val_acc=0.9600 (best 0.9700 @ epoch 35/44)
    fold 1 accuracy=0.9600 macro_f1=0.9600 (6.4 min)
--- fold 2/5 (train=584 val=100) ---
    [head 01/4] loss=1.2695 train_acc=0.4688 val_acc=0.7900
    [head 02/4] loss=0.9820 train_acc=0.5573 val_acc=0.8200
    [head 03/4] loss=0.9589 train_acc=0.6667 val_acc=0.8000
    [head 04/4] loss=0.9645 train_acc=0.6128 val_acc=0.8400
    [ft 01/40] loss=0.9148 train_acc=0.6510 val_acc=0.8500
    [ft 02/40] loss=0.9393 train_acc=0.6632 val_acc=0.8300
    [ft 03/40] loss=0.9001 train_acc=0.6979 val_acc=0.8000
    [ft 04/40] loss=0.9016 train_acc=0.6875 val_acc=0.8500
    [ft 05/40] loss=0.9325 train_acc=0.6458 val_acc=0.8500
    [ft 06/40] loss=0.8485 train_acc=0.6840 val_acc=0.8700
    [ft 07/40] loss=0.8055 train_acc=0.6615 val_acc=0.8500
    [ft 08/40] loss=0.8031 train_acc=0.6372 val_acc=0.9200
    [ft 09/40] loss=0.7928 train_acc=0.6771 val_acc=0.9000
    [ft 10/40] loss=0.7979 train_acc=0.6771 val_acc=0.9100
    [ft 11/40] loss=0.7368 train_acc=0.7778 val_acc=0.8800
    [ft 12/40] loss=0.7334 train_acc=0.7691 val_acc=0.8800
    [ft 13/40] loss=0.8032 train_acc=0.7969 val_acc=0.8900
    [ft 14/40] loss=0.7875 train_acc=0.6562 val_acc=0.9100
    [ft 15/40] loss=0.7785 train_acc=0.7500 val_acc=0.9500
    [ft 16/40] loss=0.7356 train_acc=0.6510 val_acc=0.9000
    [ft 17/40] loss=0.7651 train_acc=0.7726 val_acc=0.9400
    [ft 18/40] loss=0.7304 train_acc=0.6094 val_acc=0.9500
    [ft 19/40] loss=0.7425 train_acc=0.8090 val_acc=0.9200
    [ft 20/40] loss=0.7329 train_acc=0.7049 val_acc=0.9500
    [ft 21/40] loss=0.7570 train_acc=0.7691 val_acc=0.9600
    [ft 22/40] loss=0.6838 train_acc=0.7622 val_acc=0.9500
    [ft 23/40] loss=0.7215 train_acc=0.6389 val_acc=0.9200
    [ft 24/40] loss=0.6820 train_acc=0.7795 val_acc=0.9300
    [ft 25/40] loss=0.7056 train_acc=0.6927 val_acc=0.8800
    [ft 26/40] loss=0.6711 train_acc=0.7726 val_acc=0.9100
    [ft 27/40] loss=0.6331 train_acc=0.6806 val_acc=0.9200
    [ft 28/40] loss=0.7269 train_acc=0.7622 val_acc=0.9500
    [ft 29/40] loss=0.6653 train_acc=0.8194 val_acc=0.9300
    [ft 30/40] loss=0.6171 train_acc=0.7517 val_acc=0.9400
    [ft 31/40] loss=0.6858 train_acc=0.8194 val_acc=0.9500
    [ft 32/40] loss=0.6754 train_acc=0.7569 val_acc=0.9400
    [ft 33/40] loss=0.7037 train_acc=0.7587 val_acc=0.9400
    [ft 34/40] loss=0.7341 train_acc=0.7101 val_acc=0.9200
    [ft 35/40] loss=0.6649 train_acc=0.7188 val_acc=0.9300
    [ft 36/40] loss=0.6643 train_acc=0.7396 val_acc=0.9300
    [ft 37/40] loss=0.7410 train_acc=0.7031 val_acc=0.9400
    [ft 38/40] loss=0.6821 train_acc=0.8177 val_acc=0.9300
    [ft 39/40] loss=0.7307 train_acc=0.6458 val_acc=0.9300
    [ft 40/40] loss=0.6482 train_acc=0.7483 val_acc=0.9300
    final val_acc=0.9300 (best 0.9600 @ epoch 25/44)
    fold 2 accuracy=0.9600 macro_f1=0.9600 (6.2 min)
--- fold 3/5 (train=584 val=100) ---
    [head 01/4] loss=1.2839 train_acc=0.4549 val_acc=0.8300
    [head 02/4] loss=1.0016 train_acc=0.5434 val_acc=0.8700
    [head 03/4] loss=0.9641 train_acc=0.6528 val_acc=0.8600
    [head 04/4] loss=0.9859 train_acc=0.5729 val_acc=0.8700
    [ft 01/40] loss=0.9026 train_acc=0.6493 val_acc=0.9200
    [ft 02/40] loss=0.9295 train_acc=0.6562 val_acc=0.8700
    [ft 03/40] loss=0.9008 train_acc=0.6910 val_acc=0.8900
    [ft 04/40] loss=0.9345 train_acc=0.6441 val_acc=0.9000
    [ft 05/40] loss=0.9355 train_acc=0.6597 val_acc=0.8700
    [ft 06/40] loss=0.8360 train_acc=0.6944 val_acc=0.9000
    [ft 07/40] loss=0.8241 train_acc=0.6719 val_acc=0.9000
    [ft 08/40] loss=0.8048 train_acc=0.6632 val_acc=0.8400
    [ft 09/40] loss=0.7731 train_acc=0.6875 val_acc=0.9600
    [ft 10/40] loss=0.7892 train_acc=0.6910 val_acc=0.9200
    [ft 11/40] loss=0.7588 train_acc=0.7517 val_acc=0.9100
    [ft 12/40] loss=0.7346 train_acc=0.7500 val_acc=0.9100
    [ft 13/40] loss=0.7626 train_acc=0.8177 val_acc=0.9400
    [ft 14/40] loss=0.8039 train_acc=0.6580 val_acc=0.9000
    [ft 15/40] loss=0.7780 train_acc=0.7691 val_acc=0.9400
    [ft 16/40] loss=0.7251 train_acc=0.6441 val_acc=0.9500
    [ft 17/40] loss=0.7666 train_acc=0.7691 val_acc=0.9500
    [ft 18/40] loss=0.7402 train_acc=0.5955 val_acc=0.8800
    [ft 19/40] loss=0.7365 train_acc=0.8264 val_acc=0.9400
    [ft 20/40] loss=0.7347 train_acc=0.6979 val_acc=0.9100
    [ft 21/40] loss=0.7672 train_acc=0.7674 val_acc=0.9700
    [ft 22/40] loss=0.6783 train_acc=0.7622 val_acc=0.9600
    [ft 23/40] loss=0.7065 train_acc=0.6562 val_acc=0.9300
    [ft 24/40] loss=0.6758 train_acc=0.7778 val_acc=0.9400
    [ft 25/40] loss=0.7050 train_acc=0.6927 val_acc=0.9200
    [ft 26/40] loss=0.6806 train_acc=0.7795 val_acc=0.9700
    [ft 27/40] loss=0.6431 train_acc=0.6840 val_acc=0.9300
    [ft 28/40] loss=0.7222 train_acc=0.7604 val_acc=0.9300
    [ft 29/40] loss=0.6585 train_acc=0.7986 val_acc=0.9600
    [ft 30/40] loss=0.6235 train_acc=0.7604 val_acc=0.9500
    [ft 31/40] loss=0.6778 train_acc=0.8056 val_acc=0.9200
    [ft 32/40] loss=0.6644 train_acc=0.7778 val_acc=0.9700
    [ft 33/40] loss=0.7090 train_acc=0.7639 val_acc=0.9800
    [ft 34/40] loss=0.7337 train_acc=0.7170 val_acc=0.9700
    [ft 35/40] loss=0.6683 train_acc=0.7031 val_acc=0.9800
    [ft 36/40] loss=0.6708 train_acc=0.7378 val_acc=0.9700
    [ft 37/40] loss=0.7390 train_acc=0.7257 val_acc=0.9700
    [ft 38/40] loss=0.6729 train_acc=0.8003 val_acc=0.9700
    [ft 39/40] loss=0.7341 train_acc=0.6528 val_acc=0.9700
    [ft 40/40] loss=0.6394 train_acc=0.7760 val_acc=0.9700
    final val_acc=0.9700 (best 0.9800 @ epoch 37/44)
    fold 3 accuracy=0.9700 macro_f1=0.9698 (6.1 min)
--- fold 4/5 (train=584 val=100) ---
    [head 01/4] loss=1.2490 train_acc=0.4740 val_acc=0.7100
    [head 02/4] loss=0.9757 train_acc=0.5642 val_acc=0.7600
    [head 03/4] loss=0.9426 train_acc=0.6788 val_acc=0.8300
    [head 04/4] loss=0.9912 train_acc=0.6181 val_acc=0.7600
    [ft 01/40] loss=0.9105 train_acc=0.6337 val_acc=0.7900
    [ft 02/40] loss=0.9670 train_acc=0.6476 val_acc=0.8800
    [ft 03/40] loss=0.9202 train_acc=0.6788 val_acc=0.8000
    [ft 04/40] loss=0.9239 train_acc=0.6736 val_acc=0.8500
    [ft 05/40] loss=0.9466 train_acc=0.6667 val_acc=0.8800
    [ft 06/40] loss=0.8635 train_acc=0.6736 val_acc=0.8700
    [ft 07/40] loss=0.8289 train_acc=0.6684 val_acc=0.9100
    [ft 08/40] loss=0.7934 train_acc=0.6406 val_acc=0.9000
    [ft 09/40] loss=0.7705 train_acc=0.6667 val_acc=0.9200
    [ft 10/40] loss=0.7939 train_acc=0.6875 val_acc=0.8800
    [ft 11/40] loss=0.7660 train_acc=0.7448 val_acc=0.8700
    [ft 12/40] loss=0.7489 train_acc=0.7431 val_acc=0.9300
    [ft 13/40] loss=0.7591 train_acc=0.8021 val_acc=0.9100
    [ft 14/40] loss=0.7866 train_acc=0.6562 val_acc=0.9100
    [ft 15/40] loss=0.7929 train_acc=0.7622 val_acc=0.9200
    [ft 16/40] loss=0.7293 train_acc=0.6476 val_acc=0.8900
    [ft 17/40] loss=0.7572 train_acc=0.7639 val_acc=0.9100
    [ft 18/40] loss=0.7124 train_acc=0.6319 val_acc=0.9200
    [ft 19/40] loss=0.7106 train_acc=0.8299 val_acc=0.9100
    [ft 20/40] loss=0.7325 train_acc=0.6892 val_acc=0.9200
    [ft 21/40] loss=0.7570 train_acc=0.7865 val_acc=0.8900
    [ft 22/40] loss=0.6952 train_acc=0.7517 val_acc=0.9400
    [ft 23/40] loss=0.7132 train_acc=0.6528 val_acc=0.9300
    [ft 24/40] loss=0.6839 train_acc=0.7812 val_acc=0.9300
    [ft 25/40] loss=0.6974 train_acc=0.6927 val_acc=0.9300
    [ft 26/40] loss=0.6649 train_acc=0.7778 val_acc=0.9300
    [ft 27/40] loss=0.6385 train_acc=0.6892 val_acc=0.9200
    [ft 28/40] loss=0.7220 train_acc=0.7569 val_acc=0.9200
    [ft 29/40] loss=0.6557 train_acc=0.8281 val_acc=0.9300
    [ft 30/40] loss=0.6179 train_acc=0.7552 val_acc=0.9300
    [ft 31/40] loss=0.6781 train_acc=0.8125 val_acc=0.9300
    [ft 32/40] loss=0.6656 train_acc=0.7708 val_acc=0.9300
    [ft 33/40] loss=0.7090 train_acc=0.7674 val_acc=0.9300
    [ft 34/40] loss=0.7345 train_acc=0.7083 val_acc=0.9300
    [ft 35/40] loss=0.6641 train_acc=0.7118 val_acc=0.9100
    [ft 36/40] loss=0.6632 train_acc=0.7326 val_acc=0.9100
    [ft 37/40] loss=0.7429 train_acc=0.7188 val_acc=0.9100
    [ft 38/40] loss=0.6703 train_acc=0.8108 val_acc=0.9100
    [ft 39/40] loss=0.7360 train_acc=0.6597 val_acc=0.9100
    [ft 40/40] loss=0.6369 train_acc=0.7656 val_acc=0.9100
    final val_acc=0.9100 (best 0.9400 @ epoch 26/44)
    fold 4 accuracy=0.9100 macro_f1=0.9084 (6.1 min)
--- fold 5/5 (train=584 val=100) ---
    [head 01/4] loss=1.2684 train_acc=0.4601 val_acc=0.7900
    [head 02/4] loss=0.9730 train_acc=0.5556 val_acc=0.7900
    [head 03/4] loss=0.9450 train_acc=0.6719 val_acc=0.8200
    [head 04/4] loss=0.9800 train_acc=0.5938 val_acc=0.7800
    [ft 01/40] loss=0.9282 train_acc=0.6250 val_acc=0.8600
    [ft 02/40] loss=0.9519 train_acc=0.6458 val_acc=0.8800
    [ft 03/40] loss=0.8698 train_acc=0.7309 val_acc=0.8700
    [ft 04/40] loss=0.9140 train_acc=0.6736 val_acc=0.8900
    [ft 05/40] loss=0.9371 train_acc=0.6649 val_acc=0.9400
    [ft 06/40] loss=0.8475 train_acc=0.6858 val_acc=0.7900
    [ft 07/40] loss=0.8812 train_acc=0.6562 val_acc=0.8900
    [ft 08/40] loss=0.8029 train_acc=0.6545 val_acc=0.8800
    [ft 09/40] loss=0.8128 train_acc=0.6788 val_acc=0.9000
    [ft 10/40] loss=0.7868 train_acc=0.6927 val_acc=0.9100
    [ft 11/40] loss=0.7448 train_acc=0.7708 val_acc=0.8900
    [ft 12/40] loss=0.7600 train_acc=0.7344 val_acc=0.8800
    [ft 13/40] loss=0.7955 train_acc=0.7865 val_acc=0.9200
    [ft 14/40] loss=0.8004 train_acc=0.6580 val_acc=0.9300
    [ft 15/40] loss=0.7673 train_acc=0.7483 val_acc=0.9400
    [ft 16/40] loss=0.7145 train_acc=0.6580 val_acc=0.9200
    [ft 17/40] loss=0.7585 train_acc=0.7674 val_acc=0.8900
    [ft 18/40] loss=0.7244 train_acc=0.6128 val_acc=0.9300
    [ft 19/40] loss=0.7286 train_acc=0.8281 val_acc=0.9600
    [ft 20/40] loss=0.7169 train_acc=0.6910 val_acc=0.9400
    [ft 21/40] loss=0.7614 train_acc=0.7917 val_acc=0.9100
    [ft 22/40] loss=0.6968 train_acc=0.7500 val_acc=0.9500
    [ft 23/40] loss=0.7126 train_acc=0.6389 val_acc=0.9300
    [ft 24/40] loss=0.6847 train_acc=0.7760 val_acc=0.9500
    [ft 25/40] loss=0.7018 train_acc=0.6823 val_acc=0.9400
    [ft 26/40] loss=0.6639 train_acc=0.7865 val_acc=0.9500
    [ft 27/40] loss=0.6357 train_acc=0.6979 val_acc=0.9500
    [ft 28/40] loss=0.7121 train_acc=0.7552 val_acc=0.9600
    [ft 29/40] loss=0.6538 train_acc=0.8125 val_acc=0.9500
    [ft 30/40] loss=0.6148 train_acc=0.7656 val_acc=0.9600
    [ft 31/40] loss=0.6799 train_acc=0.7969 val_acc=0.9600
    [ft 32/40] loss=0.6550 train_acc=0.7899 val_acc=0.9600
    [ft 33/40] loss=0.7103 train_acc=0.7674 val_acc=0.9600
    [ft 34/40] loss=0.7327 train_acc=0.6997 val_acc=0.9600
    [ft 35/40] loss=0.6644 train_acc=0.6979 val_acc=0.9600
    [ft 36/40] loss=0.6635 train_acc=0.7396 val_acc=0.9600
    [ft 37/40] loss=0.7378 train_acc=0.6979 val_acc=0.9600
    [ft 38/40] loss=0.6663 train_acc=0.8108 val_acc=0.9600
    [ft 39/40] loss=0.7241 train_acc=0.6510 val_acc=0.9600
    [ft 40/40] loss=0.6367 train_acc=0.7517 val_acc=0.9600
    final val_acc=0.9600 (best 0.9600 @ epoch 23/44)
    fold 5 accuracy=0.9500 macro_f1=0.9484 (5.9 min)
=== fix_cnxs320m: OOF accuracy=0.9500 macro_f1=0.9497 ===
