=== cnx320p_s7 | arch=convnext_tiny.fb_in22k_ft_in1k size=320 folds=5 crop=True device=cuda ===
normalisation mean=[0.485, 0.456, 0.406] std=[0.229, 0.224, 0.225]
--- fold 1/5 (train=641 val=100) ---
    [head 01/4] loss=1.4636 train_acc=0.3516 val_acc=0.5400
    [head 02/4] loss=1.2480 train_acc=0.5219 val_acc=0.6600
    [head 03/4] loss=1.0757 train_acc=0.4703 val_acc=0.6700
    [head 04/4] loss=1.0941 train_acc=0.4781 val_acc=0.7500
    [ft 01/40] loss=1.0890 train_acc=0.6547 val_acc=0.8000
    [ft 02/40] loss=1.0239 train_acc=0.6219 val_acc=0.7900
    [ft 03/40] loss=0.9494 train_acc=0.6141 val_acc=0.8000
    [ft 04/40] loss=1.0228 train_acc=0.6344 val_acc=0.7800
    [ft 05/40] loss=0.8653 train_acc=0.6391 val_acc=0.7900
    [ft 06/40] loss=0.8765 train_acc=0.5734 val_acc=0.8900
    [ft 07/40] loss=0.8944 train_acc=0.5875 val_acc=0.9000
    [ft 08/40] loss=0.8785 train_acc=0.6781 val_acc=0.8800
    [ft 09/40] loss=0.8012 train_acc=0.7094 val_acc=0.8400
    [ft 10/40] loss=0.7766 train_acc=0.6203 val_acc=0.9100
    [ft 11/40] loss=0.8400 train_acc=0.7141 val_acc=0.9000
    [ft 12/40] loss=0.7962 train_acc=0.6359 val_acc=0.9200
    [ft 13/40] loss=0.8176 train_acc=0.5781 val_acc=0.9400
    [ft 14/40] loss=0.8137 train_acc=0.7672 val_acc=0.9200
    [ft 15/40] loss=0.7372 train_acc=0.7500 val_acc=0.9200
    [ft 16/40] loss=0.7782 train_acc=0.7516 val_acc=0.9100
    [ft 17/40] loss=0.7958 train_acc=0.7438 val_acc=0.9200
    [ft 18/40] loss=0.8914 train_acc=0.5734 val_acc=0.9100
    [ft 19/40] loss=0.8464 train_acc=0.6859 val_acc=0.8900
    [ft 20/40] loss=0.7869 train_acc=0.6750 val_acc=0.8800
    [ft 21/40] loss=0.8567 train_acc=0.7594 val_acc=0.9200
    [ft 22/40] loss=0.8083 train_acc=0.6875 val_acc=0.9300
    [ft 23/40] loss=0.6981 train_acc=0.6844 val_acc=0.9400
    [ft 24/40] loss=0.7442 train_acc=0.7453 val_acc=0.9200
    [ft 25/40] loss=0.7393 train_acc=0.5641 val_acc=0.9400
    [ft 26/40] loss=0.7942 train_acc=0.7422 val_acc=0.9300
    [ft 27/40] loss=0.6995 train_acc=0.6109 val_acc=0.9400
    [ft 28/40] loss=0.7148 train_acc=0.6891 val_acc=0.9500
    [ft 29/40] loss=0.6387 train_acc=0.7047 val_acc=0.9600
    [ft 30/40] loss=0.7270 train_acc=0.7562 val_acc=0.9400
    [ft 31/40] loss=0.7707 train_acc=0.6953 val_acc=0.9400
    [ft 32/40] loss=0.6806 train_acc=0.6031 val_acc=0.9500
    [ft 33/40] loss=0.7110 train_acc=0.8031 val_acc=0.9600
    [ft 34/40] loss=0.6893 train_acc=0.6781 val_acc=0.9500
    [ft 35/40] loss=0.6319 train_acc=0.6359 val_acc=0.9500
    [ft 36/40] loss=0.6794 train_acc=0.6422 val_acc=0.9500
    [ft 37/40] loss=0.6657 train_acc=0.7609 val_acc=0.9500
    [ft 38/40] loss=0.6657 train_acc=0.7000 val_acc=0.9500
    [ft 39/40] loss=0.6771 train_acc=0.6453 val_acc=0.9500
    [ft 40/40] loss=0.7184 train_acc=0.5969 val_acc=0.9500
    final val_acc=0.9500 (best 0.9600 @ epoch 33/44)
    fold 1 accuracy=0.9500 macro_f1=0.9504 (5.7 min)
--- fold 2/5 (train=641 val=100) ---
    [head 01/4] loss=1.4825 train_acc=0.3563 val_acc=0.6000
    [head 02/4] loss=1.2654 train_acc=0.5359 val_acc=0.7400
    [head 03/4] loss=1.0979 train_acc=0.4562 val_acc=0.6900
    [head 04/4] loss=1.0937 train_acc=0.4688 val_acc=0.7900
    [ft 01/40] loss=1.0758 train_acc=0.6516 val_acc=0.8200
    [ft 02/40] loss=1.0187 train_acc=0.6500 val_acc=0.8400
    [ft 03/40] loss=0.9500 train_acc=0.6156 val_acc=0.8500
    [ft 04/40] loss=1.0075 train_acc=0.5922 val_acc=0.8600
    [ft 05/40] loss=0.8527 train_acc=0.6297 val_acc=0.8300
    [ft 06/40] loss=0.8732 train_acc=0.5672 val_acc=0.8700
    [ft 07/40] loss=0.8846 train_acc=0.6125 val_acc=0.8700
    [ft 08/40] loss=0.8699 train_acc=0.6953 val_acc=0.8600
    [ft 09/40] loss=0.7702 train_acc=0.6922 val_acc=0.8500
    [ft 10/40] loss=0.7591 train_acc=0.6312 val_acc=0.9100
    [ft 11/40] loss=0.8430 train_acc=0.6953 val_acc=0.9300
    [ft 12/40] loss=0.7876 train_acc=0.6250 val_acc=0.8900
    [ft 13/40] loss=0.8381 train_acc=0.5828 val_acc=0.9200
    [ft 14/40] loss=0.8232 train_acc=0.7516 val_acc=0.9000
    [ft 15/40] loss=0.7552 train_acc=0.7547 val_acc=0.9000
    [ft 16/40] loss=0.7643 train_acc=0.7688 val_acc=0.9200
    [ft 17/40] loss=0.8081 train_acc=0.7469 val_acc=0.8900
    [ft 18/40] loss=0.8970 train_acc=0.5984 val_acc=0.9100
    [ft 19/40] loss=0.8492 train_acc=0.6766 val_acc=0.9300
    [ft 20/40] loss=0.7739 train_acc=0.6906 val_acc=0.9200
    [ft 21/40] loss=0.8355 train_acc=0.7641 val_acc=0.9200
    [ft 22/40] loss=0.7838 train_acc=0.6828 val_acc=0.9500
    [ft 23/40] loss=0.7207 train_acc=0.6625 val_acc=0.9300
    [ft 24/40] loss=0.7547 train_acc=0.7422 val_acc=0.9300
    [ft 25/40] loss=0.7569 train_acc=0.5625 val_acc=0.9300
    [ft 26/40] loss=0.7791 train_acc=0.7484 val_acc=0.9300
    [ft 27/40] loss=0.6968 train_acc=0.6219 val_acc=0.9200
    [ft 28/40] loss=0.7021 train_acc=0.6766 val_acc=0.9200
    [ft 29/40] loss=0.6284 train_acc=0.7141 val_acc=0.9300
    [ft 30/40] loss=0.7242 train_acc=0.7484 val_acc=0.9300
    [ft 31/40] loss=0.7669 train_acc=0.6937 val_acc=0.9400
    [ft 32/40] loss=0.6821 train_acc=0.5969 val_acc=0.9500
    [ft 33/40] loss=0.7073 train_acc=0.8109 val_acc=0.9300
    [ft 34/40] loss=0.6923 train_acc=0.6797 val_acc=0.9400
    [ft 35/40] loss=0.6190 train_acc=0.6344 val_acc=0.9400
    [ft 36/40] loss=0.6783 train_acc=0.6328 val_acc=0.9200
    [ft 37/40] loss=0.6660 train_acc=0.7516 val_acc=0.9400
    [ft 38/40] loss=0.6656 train_acc=0.6859 val_acc=0.9400
    [ft 39/40] loss=0.6604 train_acc=0.6484 val_acc=0.9400
    [ft 40/40] loss=0.7305 train_acc=0.6000 val_acc=0.9400
    final val_acc=0.9400 (best 0.9500 @ epoch 26/44)
    fold 2 accuracy=0.9400 macro_f1=0.9392 (5.5 min)
--- fold 3/5 (train=641 val=100) ---
    [head 01/4] loss=1.4442 train_acc=0.3703 val_acc=0.4600
    [head 02/4] loss=1.2475 train_acc=0.5437 val_acc=0.6700
    [head 03/4] loss=1.0911 train_acc=0.4719 val_acc=0.6800
    [head 04/4] loss=1.0983 train_acc=0.4703 val_acc=0.7600
    [ft 01/40] loss=1.0846 train_acc=0.6672 val_acc=0.7900
    [ft 02/40] loss=1.0144 train_acc=0.6266 val_acc=0.8000
    [ft 03/40] loss=0.9316 train_acc=0.6469 val_acc=0.8500
    [ft 04/40] loss=1.0008 train_acc=0.6375 val_acc=0.8500
    [ft 05/40] loss=0.8749 train_acc=0.6484 val_acc=0.8600
    [ft 06/40] loss=0.9001 train_acc=0.5422 val_acc=0.8600
    [ft 07/40] loss=0.8949 train_acc=0.5703 val_acc=0.9000
    [ft 08/40] loss=0.8628 train_acc=0.7047 val_acc=0.8300
    [ft 09/40] loss=0.8161 train_acc=0.7219 val_acc=0.8800
    [ft 10/40] loss=0.7819 train_acc=0.6156 val_acc=0.9100
    [ft 11/40] loss=0.8518 train_acc=0.7172 val_acc=0.9000
    [ft 12/40] loss=0.8168 train_acc=0.6297 val_acc=0.8600
    [ft 13/40] loss=0.8331 train_acc=0.5844 val_acc=0.9100
    [ft 14/40] loss=0.8153 train_acc=0.7797 val_acc=0.9200
    [ft 15/40] loss=0.7652 train_acc=0.7391 val_acc=0.9200
    [ft 16/40] loss=0.7908 train_acc=0.7672 val_acc=0.8900
    [ft 17/40] loss=0.7888 train_acc=0.7344 val_acc=0.9000
    [ft 18/40] loss=0.8781 train_acc=0.5875 val_acc=0.9200
    [ft 19/40] loss=0.8321 train_acc=0.6953 val_acc=0.9400
    [ft 20/40] loss=0.7772 train_acc=0.6813 val_acc=0.9000
    [ft 21/40] loss=0.8353 train_acc=0.7797 val_acc=0.9400
    [ft 22/40] loss=0.8076 train_acc=0.6578 val_acc=0.9400
    [ft 23/40] loss=0.7096 train_acc=0.6703 val_acc=0.9300
    [ft 24/40] loss=0.7576 train_acc=0.7266 val_acc=0.9200
    [ft 25/40] loss=0.7426 train_acc=0.5609 val_acc=0.9200
    [ft 26/40] loss=0.7928 train_acc=0.7703 val_acc=0.9400
    [ft 27/40] loss=0.6922 train_acc=0.6000 val_acc=0.9200
    [ft 28/40] loss=0.7127 train_acc=0.6766 val_acc=0.9500
    [ft 29/40] loss=0.6296 train_acc=0.7016 val_acc=0.9200
    [ft 30/40] loss=0.7288 train_acc=0.7469 val_acc=0.9200
    [ft 31/40] loss=0.7616 train_acc=0.7031 val_acc=0.9200
    [ft 32/40] loss=0.6874 train_acc=0.6109 val_acc=0.9400
    [ft 33/40] loss=0.7191 train_acc=0.8000 val_acc=0.9200
    [ft 34/40] loss=0.6875 train_acc=0.6937 val_acc=0.9200
    [ft 35/40] loss=0.6422 train_acc=0.6266 val_acc=0.9200
    [ft 36/40] loss=0.6872 train_acc=0.6344 val_acc=0.9300
    [ft 37/40] loss=0.6648 train_acc=0.7609 val_acc=0.9300
    [ft 38/40] loss=0.6577 train_acc=0.7141 val_acc=0.9300
    [ft 39/40] loss=0.6762 train_acc=0.6500 val_acc=0.9200
    [ft 40/40] loss=0.7089 train_acc=0.6094 val_acc=0.9200
    final val_acc=0.9200 (best 0.9500 @ epoch 32/44)
    fold 3 accuracy=0.9300 macro_f1=0.9300 (5.3 min)
--- fold 4/5 (train=641 val=100) ---
    [head 01/4] loss=1.4715 train_acc=0.3703 val_acc=0.5300
    [head 02/4] loss=1.2623 train_acc=0.5422 val_acc=0.6200
    [head 03/4] loss=1.0994 train_acc=0.4719 val_acc=0.6500
    [head 04/4] loss=1.1054 train_acc=0.4625 val_acc=0.7600
    [ft 01/40] loss=1.0722 train_acc=0.6719 val_acc=0.8400
    [ft 02/40] loss=1.0169 train_acc=0.6203 val_acc=0.7800
    [ft 03/40] loss=0.9506 train_acc=0.6141 val_acc=0.7600
    [ft 04/40] loss=0.9979 train_acc=0.6203 val_acc=0.8600
    [ft 05/40] loss=0.8354 train_acc=0.6562 val_acc=0.8300
    [ft 06/40] loss=0.8688 train_acc=0.5828 val_acc=0.8600
    [ft 07/40] loss=0.8930 train_acc=0.5781 val_acc=0.9100
    [ft 08/40] loss=0.8780 train_acc=0.6797 val_acc=0.8300
    [ft 09/40] loss=0.7667 train_acc=0.7266 val_acc=0.8600
    [ft 10/40] loss=0.7797 train_acc=0.6078 val_acc=0.8900
    [ft 11/40] loss=0.8663 train_acc=0.6844 val_acc=0.8900
    [ft 12/40] loss=0.8434 train_acc=0.6297 val_acc=0.8500
    [ft 13/40] loss=0.8429 train_acc=0.5687 val_acc=0.8900
    [ft 14/40] loss=0.8432 train_acc=0.7578 val_acc=0.9200
    [ft 15/40] loss=0.7540 train_acc=0.7391 val_acc=0.8900
    [ft 16/40] loss=0.7548 train_acc=0.7734 val_acc=0.8900
    [ft 17/40] loss=0.7867 train_acc=0.7312 val_acc=0.9000
    [ft 18/40] loss=0.8901 train_acc=0.5891 val_acc=0.9300
    [ft 19/40] loss=0.8296 train_acc=0.6953 val_acc=0.9000
    [ft 20/40] loss=0.7626 train_acc=0.6875 val_acc=0.9000
    [ft 21/40] loss=0.8545 train_acc=0.7672 val_acc=0.8900
    [ft 22/40] loss=0.7919 train_acc=0.6625 val_acc=0.9100
    [ft 23/40] loss=0.7130 train_acc=0.6828 val_acc=0.9200
    [ft 24/40] loss=0.7490 train_acc=0.7375 val_acc=0.9000
    [ft 25/40] loss=0.7451 train_acc=0.5672 val_acc=0.9100
    [ft 26/40] loss=0.7687 train_acc=0.7750 val_acc=0.8800
    [ft 27/40] loss=0.6881 train_acc=0.6016 val_acc=0.9000
    [ft 28/40] loss=0.6889 train_acc=0.6937 val_acc=0.8900
    [ft 29/40] loss=0.6185 train_acc=0.7141 val_acc=0.9100
    [ft 30/40] loss=0.7394 train_acc=0.7438 val_acc=0.9000
    [ft 31/40] loss=0.7814 train_acc=0.6875 val_acc=0.9000
    [ft 32/40] loss=0.6818 train_acc=0.6094 val_acc=0.8900
    [ft 33/40] loss=0.7125 train_acc=0.8063 val_acc=0.8900
    [ft 34/40] loss=0.6882 train_acc=0.6844 val_acc=0.9000
    [ft 35/40] loss=0.6294 train_acc=0.6406 val_acc=0.8900
    [ft 36/40] loss=0.6763 train_acc=0.6359 val_acc=0.9000
    [ft 37/40] loss=0.6623 train_acc=0.7719 val_acc=0.9000
    [ft 38/40] loss=0.6567 train_acc=0.7063 val_acc=0.9000
    [ft 39/40] loss=0.6549 train_acc=0.6500 val_acc=0.9000
    [ft 40/40] loss=0.7195 train_acc=0.6078 val_acc=0.9000
    final val_acc=0.9000 (best 0.9300 @ epoch 22/44)
    fold 4 accuracy=0.9300 macro_f1=0.9294 (5.2 min)
--- fold 5/5 (train=641 val=100) ---
    [head 01/4] loss=1.4708 train_acc=0.3500 val_acc=0.5300
    [head 02/4] loss=1.2485 train_acc=0.5281 val_acc=0.6700
    [head 03/4] loss=1.0704 train_acc=0.4938 val_acc=0.6500
    [head 04/4] loss=1.1141 train_acc=0.4562 val_acc=0.8000
    [ft 01/40] loss=1.0747 train_acc=0.6578 val_acc=0.8400
    [ft 02/40] loss=1.0346 train_acc=0.6109 val_acc=0.8100
    [ft 03/40] loss=0.9625 train_acc=0.6156 val_acc=0.8200
    [ft 04/40] loss=1.0156 train_acc=0.6062 val_acc=0.8600
    [ft 05/40] loss=0.8589 train_acc=0.6297 val_acc=0.8700
    [ft 06/40] loss=0.8992 train_acc=0.5641 val_acc=0.8700
    [ft 07/40] loss=0.9106 train_acc=0.5734 val_acc=0.8900
    [ft 08/40] loss=0.8412 train_acc=0.6797 val_acc=0.8900
    [ft 09/40] loss=0.7900 train_acc=0.7047 val_acc=0.9200
    [ft 10/40] loss=0.7769 train_acc=0.6250 val_acc=0.9300
    [ft 11/40] loss=0.8569 train_acc=0.6953 val_acc=0.8900
    [ft 12/40] loss=0.8152 train_acc=0.6188 val_acc=0.9200
    [ft 13/40] loss=0.8417 train_acc=0.5828 val_acc=0.9400
    [ft 14/40] loss=0.8181 train_acc=0.7516 val_acc=0.9500
    [ft 15/40] loss=0.7606 train_acc=0.7312 val_acc=0.9400
    [ft 16/40] loss=0.7522 train_acc=0.7609 val_acc=0.9500
    [ft 17/40] loss=0.7970 train_acc=0.7328 val_acc=0.8900
    [ft 18/40] loss=0.8958 train_acc=0.5750 val_acc=0.9100
    [ft 19/40] loss=0.8502 train_acc=0.6937 val_acc=0.9400
    [ft 20/40] loss=0.7884 train_acc=0.6813 val_acc=0.9100
    [ft 21/40] loss=0.8464 train_acc=0.7828 val_acc=0.9400
    [ft 22/40] loss=0.7937 train_acc=0.6797 val_acc=0.9600
    [ft 23/40] loss=0.7093 train_acc=0.6844 val_acc=0.9400
    [ft 24/40] loss=0.7452 train_acc=0.7453 val_acc=0.9100
    [ft 25/40] loss=0.7411 train_acc=0.5641 val_acc=0.9400
    [ft 26/40] loss=0.7881 train_acc=0.7562 val_acc=0.9700
    [ft 27/40] loss=0.6951 train_acc=0.5953 val_acc=0.9800
    [ft 28/40] loss=0.7084 train_acc=0.6734 val_acc=0.9700
    [ft 29/40] loss=0.6253 train_acc=0.7078 val_acc=0.9700
    [ft 30/40] loss=0.7140 train_acc=0.7625 val_acc=0.9500
    [ft 31/40] loss=0.7708 train_acc=0.7000 val_acc=0.9700
    [ft 32/40] loss=0.6797 train_acc=0.5969 val_acc=0.9500
    [ft 33/40] loss=0.7200 train_acc=0.8125 val_acc=0.9600
    [ft 34/40] loss=0.6899 train_acc=0.6844 val_acc=0.9600
    [ft 35/40] loss=0.6274 train_acc=0.6406 val_acc=0.9700
    [ft 36/40] loss=0.6837 train_acc=0.6328 val_acc=0.9700
    [ft 37/40] loss=0.6564 train_acc=0.7672 val_acc=0.9700
    [ft 38/40] loss=0.6501 train_acc=0.7063 val_acc=0.9700
    [ft 39/40] loss=0.6643 train_acc=0.6516 val_acc=0.9700
    [ft 40/40] loss=0.7113 train_acc=0.5984 val_acc=0.9700
    final val_acc=0.9700 (best 0.9800 @ epoch 31/44)
    fold 5 accuracy=0.9400 macro_f1=0.9395 (5.6 min)
=== cnx320p_s7: OOF accuracy=0.9380 macro_f1=0.9379 ===
