=== spec_bl_s | arch=convnext_small.fb_in22k_ft_in1k size=320 folds=5 crop=True device=cuda ===
normalisation mean=[0.485, 0.456, 0.406] std=[0.229, 0.224, 0.225]
--- fold 1/5 (train=234 val=40) ---
    [head 01/4] loss=0.6568 train_acc=0.6296 val_acc=0.7000
    [head 02/4] loss=0.6278 train_acc=0.6852 val_acc=0.7000
    [head 03/4] loss=0.5606 train_acc=0.7315 val_acc=0.6750
    [head 04/4] loss=0.6050 train_acc=0.6111 val_acc=0.7000
    [ft 01/40] loss=0.5958 train_acc=0.6389 val_acc=0.6750
    [ft 02/40] loss=0.5326 train_acc=0.6574 val_acc=0.7500
    [ft 03/40] loss=0.5782 train_acc=0.6574 val_acc=0.7000
    [ft 04/40] loss=0.5388 train_acc=0.6759 val_acc=0.6500
    [ft 05/40] loss=0.5378 train_acc=0.7500 val_acc=0.7250
    [ft 06/40] loss=0.5412 train_acc=0.7546 val_acc=0.7750
    [ft 07/40] loss=0.5733 train_acc=0.7083 val_acc=0.6500
    [ft 08/40] loss=0.5028 train_acc=0.7176 val_acc=0.7250
    [ft 09/40] loss=0.4722 train_acc=0.7685 val_acc=0.7500
    [ft 10/40] loss=0.5310 train_acc=0.7824 val_acc=0.7500
    [ft 11/40] loss=0.4949 train_acc=0.6667 val_acc=0.8000
    [ft 12/40] loss=0.4272 train_acc=0.7778 val_acc=0.8000
    [ft 13/40] loss=0.4992 train_acc=0.8009 val_acc=0.8000
    [ft 14/40] loss=0.4916 train_acc=0.8009 val_acc=0.7750
    [ft 15/40] loss=0.4136 train_acc=0.7731 val_acc=0.8250
    [ft 16/40] loss=0.3660 train_acc=0.6389 val_acc=0.8000
    [ft 17/40] loss=0.4692 train_acc=0.8148 val_acc=0.8000
    [ft 18/40] loss=0.4522 train_acc=0.7870 val_acc=0.8500
    [ft 19/40] loss=0.4431 train_acc=0.7685 val_acc=0.8250
    [ft 20/40] loss=0.4711 train_acc=0.7963 val_acc=0.8250
    [ft 21/40] loss=0.4859 train_acc=0.7361 val_acc=0.8500
    [ft 22/40] loss=0.3451 train_acc=0.8565 val_acc=0.8250
    [ft 23/40] loss=0.4661 train_acc=0.8241 val_acc=0.8750
    [ft 24/40] loss=0.4200 train_acc=0.8056 val_acc=0.8000
    [ft 25/40] loss=0.4128 train_acc=0.8472 val_acc=0.9000
    [ft 26/40] loss=0.3780 train_acc=0.8194 val_acc=0.8500
    [ft 27/40] loss=0.4117 train_acc=0.8426 val_acc=0.9250
    [ft 28/40] loss=0.4219 train_acc=0.8380 val_acc=0.8500
    [ft 29/40] loss=0.3887 train_acc=0.7361 val_acc=0.8500
    [ft 30/40] loss=0.4525 train_acc=0.8657 val_acc=0.8750
    [ft 31/40] loss=0.3956 train_acc=0.9537 val_acc=0.8750
    [ft 32/40] loss=0.4322 train_acc=0.6759 val_acc=0.8750
    [ft 33/40] loss=0.3701 train_acc=0.8472 val_acc=0.8750
    [ft 34/40] loss=0.4754 train_acc=0.7454 val_acc=0.8750
    [ft 35/40] loss=0.3950 train_acc=0.8287 val_acc=0.8750
    [ft 36/40] loss=0.3868 train_acc=0.8194 val_acc=0.8750
    [ft 37/40] loss=0.4119 train_acc=0.7546 val_acc=0.8750
    [ft 38/40] loss=0.3387 train_acc=0.8704 val_acc=0.8750
    [ft 39/40] loss=0.3863 train_acc=0.8657 val_acc=0.8750
    [ft 40/40] loss=0.4161 train_acc=0.7593 val_acc=0.8750
    final val_acc=0.8750 (best 0.9250 @ epoch 31/44)
    fold 1 accuracy=0.8750 macro_f1=0.8749 (3.3 min)
--- fold 2/5 (train=234 val=40) ---
    [head 01/4] loss=0.6709 train_acc=0.6296 val_acc=0.7000
    [head 02/4] loss=0.6309 train_acc=0.7130 val_acc=0.7500
    [head 03/4] loss=0.5909 train_acc=0.7269 val_acc=0.7750
    [head 04/4] loss=0.6190 train_acc=0.6528 val_acc=0.7250
    [ft 01/40] loss=0.6295 train_acc=0.6111 val_acc=0.6750
    [ft 02/40] loss=0.5284 train_acc=0.6667 val_acc=0.8750
    [ft 03/40] loss=0.5593 train_acc=0.6944 val_acc=0.7500
    [ft 04/40] loss=0.5069 train_acc=0.7037 val_acc=0.8250
    [ft 05/40] loss=0.5632 train_acc=0.7593 val_acc=0.8500
    [ft 06/40] loss=0.5420 train_acc=0.7917 val_acc=0.8000
    [ft 07/40] loss=0.5541 train_acc=0.7130 val_acc=0.8750
    [ft 08/40] loss=0.4611 train_acc=0.7361 val_acc=0.7500
    [ft 09/40] loss=0.5455 train_acc=0.7315 val_acc=0.8750
    [ft 10/40] loss=0.5213 train_acc=0.7824 val_acc=0.8750
    [ft 11/40] loss=0.4852 train_acc=0.7222 val_acc=0.9250
    [ft 12/40] loss=0.4503 train_acc=0.7500 val_acc=0.9750
    [ft 13/40] loss=0.4876 train_acc=0.7963 val_acc=0.8750
    [ft 14/40] loss=0.5058 train_acc=0.7546 val_acc=0.9500
    [ft 15/40] loss=0.4042 train_acc=0.8056 val_acc=0.8000
    [ft 16/40] loss=0.4370 train_acc=0.5509 val_acc=0.8750
    [ft 17/40] loss=0.4437 train_acc=0.8148 val_acc=0.9250
    [ft 18/40] loss=0.4821 train_acc=0.7315 val_acc=0.9000
    [ft 19/40] loss=0.4086 train_acc=0.7870 val_acc=0.9500
    [ft 20/40] loss=0.4422 train_acc=0.8056 val_acc=0.9250
    [ft 21/40] loss=0.4620 train_acc=0.7731 val_acc=0.9000
    [ft 22/40] loss=0.3624 train_acc=0.8611 val_acc=0.9250
    [ft 23/40] loss=0.4637 train_acc=0.8380 val_acc=0.9750
    [ft 24/40] loss=0.4044 train_acc=0.7963 val_acc=0.9000
    [ft 25/40] loss=0.4138 train_acc=0.8611 val_acc=0.9250
    [ft 26/40] loss=0.3680 train_acc=0.7963 val_acc=0.9750
    [ft 27/40] loss=0.4284 train_acc=0.7917 val_acc=0.9500
    [ft 28/40] loss=0.4333 train_acc=0.8519 val_acc=0.9250
    [ft 29/40] loss=0.4023 train_acc=0.7407 val_acc=0.9500
    [ft 30/40] loss=0.4549 train_acc=0.8380 val_acc=0.9750
    [ft 31/40] loss=0.3832 train_acc=0.9583 val_acc=0.9750
    [ft 32/40] loss=0.4407 train_acc=0.6620 val_acc=0.9750
    [ft 33/40] loss=0.3596 train_acc=0.8472 val_acc=0.9750
    [ft 34/40] loss=0.4436 train_acc=0.7778 val_acc=0.9750
    [ft 35/40] loss=0.3698 train_acc=0.8796 val_acc=0.9750
    [ft 36/40] loss=0.3832 train_acc=0.8426 val_acc=0.9750
    [ft 37/40] loss=0.3929 train_acc=0.8056 val_acc=0.9750
    [ft 38/40] loss=0.3324 train_acc=0.8565 val_acc=0.9750
    [ft 39/40] loss=0.3865 train_acc=0.8704 val_acc=0.9750
    [ft 40/40] loss=0.4261 train_acc=0.7778 val_acc=0.9750
    final val_acc=0.9750 (best 0.9750 @ epoch 16/44)
    fold 2 accuracy=0.9500 macro_f1=0.9500 (4.7 min)
--- fold 3/5 (train=234 val=40) ---
    [head 01/4] loss=0.6563 train_acc=0.6620 val_acc=0.6750
    [head 02/4] loss=0.6024 train_acc=0.7361 val_acc=0.6750
    [head 03/4] loss=0.5902 train_acc=0.6991 val_acc=0.6500
    [head 04/4] loss=0.5709 train_acc=0.6759 val_acc=0.7500
    [ft 01/40] loss=0.6106 train_acc=0.6204 val_acc=0.7250
    [ft 02/40] loss=0.5183 train_acc=0.6620 val_acc=0.7750
    [ft 03/40] loss=0.5583 train_acc=0.7454 val_acc=0.7000
    [ft 04/40] loss=0.5889 train_acc=0.6528 val_acc=0.8250
    [ft 05/40] loss=0.5623 train_acc=0.7407 val_acc=0.7500
    [ft 06/40] loss=0.5135 train_acc=0.7824 val_acc=0.8500
    [ft 07/40] loss=0.5425 train_acc=0.7130 val_acc=0.7000
    [ft 08/40] loss=0.4362 train_acc=0.7731 val_acc=0.8000
    [ft 09/40] loss=0.4742 train_acc=0.7500 val_acc=0.7750
    [ft 10/40] loss=0.5444 train_acc=0.7593 val_acc=0.7500
    [ft 11/40] loss=0.5315 train_acc=0.6944 val_acc=0.7750
    [ft 12/40] loss=0.4497 train_acc=0.7593 val_acc=0.7500
    [ft 13/40] loss=0.5035 train_acc=0.7963 val_acc=0.7500
    [ft 14/40] loss=0.4630 train_acc=0.8194 val_acc=0.7500
    [ft 15/40] loss=0.4828 train_acc=0.7593 val_acc=0.7250
    [ft 16/40] loss=0.4178 train_acc=0.5694 val_acc=0.7750
    [ft 17/40] loss=0.4518 train_acc=0.8472 val_acc=0.6750
    [ft 18/40] loss=0.4600 train_acc=0.7824 val_acc=0.7000
    [ft 19/40] loss=0.4101 train_acc=0.7685 val_acc=0.8250
    [ft 20/40] loss=0.4386 train_acc=0.8472 val_acc=0.7750
    [ft 21/40] loss=0.4333 train_acc=0.8056 val_acc=0.8250
    [ft 22/40] loss=0.3385 train_acc=0.8843 val_acc=0.7500
    [ft 23/40] loss=0.4389 train_acc=0.8472 val_acc=0.8000
    [ft 24/40] loss=0.3930 train_acc=0.8194 val_acc=0.6750
    [ft 25/40] loss=0.3954 train_acc=0.8333 val_acc=0.7750
    [ft 26/40] loss=0.3555 train_acc=0.8380 val_acc=0.7500
    [ft 27/40] loss=0.4043 train_acc=0.8102 val_acc=0.8250
    [ft 28/40] loss=0.3938 train_acc=0.8472 val_acc=0.8250
    [ft 29/40] loss=0.3818 train_acc=0.7454 val_acc=0.8000
    [ft 30/40] loss=0.4393 train_acc=0.8241 val_acc=0.8250
    [ft 31/40] loss=0.3698 train_acc=0.9537 val_acc=0.8250
    [ft 32/40] loss=0.4311 train_acc=0.7037 val_acc=0.8000
    [ft 33/40] loss=0.3464 train_acc=0.8472 val_acc=0.8000
    [ft 34/40] loss=0.4338 train_acc=0.7870 val_acc=0.8000
    [ft 35/40] loss=0.3769 train_acc=0.8611 val_acc=0.8000
    [ft 36/40] loss=0.3631 train_acc=0.8565 val_acc=0.8000
    [ft 37/40] loss=0.3995 train_acc=0.7870 val_acc=0.8000
    [ft 38/40] loss=0.3161 train_acc=0.8704 val_acc=0.8000
    [ft 39/40] loss=0.3833 train_acc=0.8704 val_acc=0.8250
    [ft 40/40] loss=0.3891 train_acc=0.8148 val_acc=0.8250
    final val_acc=0.8250 (best 0.8500 @ epoch 10/44)
    fold 3 accuracy=0.7750 macro_f1=0.7749 (4.1 min)
--- fold 4/5 (train=234 val=40) ---
    [head 01/4] loss=0.6311 train_acc=0.6759 val_acc=0.7250
    [head 02/4] loss=0.6350 train_acc=0.6944 val_acc=0.7250
    [head 03/4] loss=0.6051 train_acc=0.6852 val_acc=0.7500
    [head 04/4] loss=0.5855 train_acc=0.6019 val_acc=0.8250
    [ft 01/40] loss=0.6109 train_acc=0.6296 val_acc=0.8500
    [ft 02/40] loss=0.5401 train_acc=0.6898 val_acc=0.9000
    [ft 03/40] loss=0.6033 train_acc=0.7083 val_acc=0.8000
    [ft 04/40] loss=0.5131 train_acc=0.7130 val_acc=0.8250
    [ft 05/40] loss=0.5386 train_acc=0.7454 val_acc=0.8250
    [ft 06/40] loss=0.5406 train_acc=0.7500 val_acc=0.8000
    [ft 07/40] loss=0.5383 train_acc=0.7315 val_acc=0.8000
    [ft 08/40] loss=0.4390 train_acc=0.7546 val_acc=0.9000
    [ft 09/40] loss=0.4758 train_acc=0.7315 val_acc=0.8750
    [ft 10/40] loss=0.5998 train_acc=0.7407 val_acc=0.9000
    [ft 11/40] loss=0.5099 train_acc=0.6852 val_acc=0.8750
    [ft 12/40] loss=0.4625 train_acc=0.7963 val_acc=0.9000
    [ft 13/40] loss=0.4550 train_acc=0.8333 val_acc=0.9250
    [ft 14/40] loss=0.4640 train_acc=0.7731 val_acc=0.9000
    [ft 15/40] loss=0.4073 train_acc=0.8009 val_acc=0.9000
    [ft 16/40] loss=0.3840 train_acc=0.5972 val_acc=0.9250
    [ft 17/40] loss=0.4745 train_acc=0.8194 val_acc=0.9000
    [ft 18/40] loss=0.4543 train_acc=0.7500 val_acc=0.9000
    [ft 19/40] loss=0.4096 train_acc=0.7778 val_acc=0.9250
    [ft 20/40] loss=0.4524 train_acc=0.7917 val_acc=0.9000
    [ft 21/40] loss=0.4471 train_acc=0.7917 val_acc=0.9250
    [ft 22/40] loss=0.3234 train_acc=0.8657 val_acc=0.9500
    [ft 23/40] loss=0.4480 train_acc=0.8565 val_acc=0.9250
    [ft 24/40] loss=0.3878 train_acc=0.8148 val_acc=0.8750
    [ft 25/40] loss=0.4123 train_acc=0.8704 val_acc=0.9250
    [ft 26/40] loss=0.3422 train_acc=0.8472 val_acc=0.9500
    [ft 27/40] loss=0.4388 train_acc=0.8241 val_acc=0.9250
    [ft 28/40] loss=0.3998 train_acc=0.8519 val_acc=0.9000
    [ft 29/40] loss=0.3956 train_acc=0.7361 val_acc=0.9250
    [ft 30/40] loss=0.4479 train_acc=0.8287 val_acc=0.9250
    [ft 31/40] loss=0.3726 train_acc=0.9491 val_acc=0.9250
    [ft 32/40] loss=0.4307 train_acc=0.6713 val_acc=0.9000
    [ft 33/40] loss=0.3710 train_acc=0.8380 val_acc=0.9250
    [ft 34/40] loss=0.4564 train_acc=0.7500 val_acc=0.9000
    [ft 35/40] loss=0.3794 train_acc=0.8472 val_acc=0.8750
    [ft 36/40] loss=0.3790 train_acc=0.8519 val_acc=0.9250
    [ft 37/40] loss=0.3955 train_acc=0.7731 val_acc=0.9000
    [ft 38/40] loss=0.3377 train_acc=0.8380 val_acc=0.9000
    [ft 39/40] loss=0.3887 train_acc=0.8611 val_acc=0.9000
    [ft 40/40] loss=0.4068 train_acc=0.7639 val_acc=0.9000
    final val_acc=0.9000 (best 0.9500 @ epoch 26/44)
    fold 4 accuracy=0.9250 macro_f1=0.9250 (4.7 min)
--- fold 5/5 (train=234 val=40) ---
    [head 01/4] loss=0.6488 train_acc=0.6574 val_acc=0.5750
    [head 02/4] loss=0.6119 train_acc=0.7083 val_acc=0.6000
    [head 03/4] loss=0.6002 train_acc=0.6435 val_acc=0.6750
    [head 04/4] loss=0.5838 train_acc=0.6250 val_acc=0.6000
    [ft 01/40] loss=0.6072 train_acc=0.6065 val_acc=0.6750
    [ft 02/40] loss=0.5416 train_acc=0.6898 val_acc=0.6750
    [ft 03/40] loss=0.6130 train_acc=0.6852 val_acc=0.6250
    [ft 04/40] loss=0.5173 train_acc=0.6713 val_acc=0.7250
    [ft 05/40] loss=0.5111 train_acc=0.7685 val_acc=0.7500
    [ft 06/40] loss=0.4967 train_acc=0.8056 val_acc=0.7500
    [ft 07/40] loss=0.5274 train_acc=0.7037 val_acc=0.7000
    [ft 08/40] loss=0.4530 train_acc=0.7546 val_acc=0.7500
    [ft 09/40] loss=0.4823 train_acc=0.7315 val_acc=0.7250
    [ft 10/40] loss=0.4864 train_acc=0.8148 val_acc=0.7000
    [ft 11/40] loss=0.4938 train_acc=0.7037 val_acc=0.6250
    [ft 12/40] loss=0.4628 train_acc=0.7361 val_acc=0.7000
    [ft 13/40] loss=0.4400 train_acc=0.8287 val_acc=0.7250
    [ft 14/40] loss=0.4736 train_acc=0.7824 val_acc=0.7500
    [ft 15/40] loss=0.3741 train_acc=0.8102 val_acc=0.7000
    [ft 16/40] loss=0.3550 train_acc=0.6065 val_acc=0.7000
    [ft 17/40] loss=0.4625 train_acc=0.8102 val_acc=0.7250
    [ft 18/40] loss=0.4546 train_acc=0.7963 val_acc=0.7250
    [ft 19/40] loss=0.3949 train_acc=0.7593 val_acc=0.7000
    [ft 20/40] loss=0.4319 train_acc=0.8148 val_acc=0.7000
    [ft 21/40] loss=0.4459 train_acc=0.7731 val_acc=0.7000
    [ft 22/40] loss=0.3580 train_acc=0.8333 val_acc=0.7000
    [ft 23/40] loss=0.4330 train_acc=0.8843 val_acc=0.7500
    [ft 24/40] loss=0.3892 train_acc=0.8333 val_acc=0.7250
    [ft 25/40] loss=0.3819 train_acc=0.8519 val_acc=0.7000
    [ft 26/40] loss=0.3431 train_acc=0.8333 val_acc=0.7250
    [ft 27/40] loss=0.3989 train_acc=0.8380 val_acc=0.7500
    [ft 28/40] loss=0.4025 train_acc=0.8611 val_acc=0.7250
    [ft 29/40] loss=0.3911 train_acc=0.7407 val_acc=0.7000
    [ft 30/40] loss=0.4414 train_acc=0.8519 val_acc=0.7250
    [ft 31/40] loss=0.3786 train_acc=0.9630 val_acc=0.7250
    [ft 32/40] loss=0.4128 train_acc=0.6898 val_acc=0.7250
    [ft 33/40] loss=0.3415 train_acc=0.8380 val_acc=0.7250
    [ft 34/40] loss=0.4327 train_acc=0.7731 val_acc=0.7250
    [ft 35/40] loss=0.3738 train_acc=0.8750 val_acc=0.7250
    [ft 36/40] loss=0.3636 train_acc=0.8472 val_acc=0.7250
    [ft 37/40] loss=0.3984 train_acc=0.7407 val_acc=0.7250
    [ft 38/40] loss=0.3091 train_acc=0.8704 val_acc=0.7250
    [ft 39/40] loss=0.3782 train_acc=0.8704 val_acc=0.7250
    [ft 40/40] loss=0.4000 train_acc=0.7731 val_acc=0.7250
    final val_acc=0.7250 (best 0.7500 @ epoch 9/44)
    fold 5 accuracy=0.7500 macro_f1=0.7500 (3.7 min)
=== spec_bl_s: OOF accuracy=0.8550 macro_f1=0.8550 ===
